

Implementation tool: Xilinx Vivado v.2025.1.1
Project:             project_1
Solution:            hls
Device target:       xczu3eg-sbva484-1-e
Report date:         Thu Feb 05 13:05:55 EST 2026

#=== Post-Implementation Resource usage ===
SLICE:            0
LUT:          27498
FF:           32641
DSP:              8
BRAM:           153
URAM:             0
LATCH:            0
SRL:            645
CLB:           5894

#=== Final timing ===
CP required:                     10.000
CP achieved post-synthesis:      3.994
CP achieved post-implementation: 6.269
Timing met
