

Implementation tool: Xilinx Vivado v.2025.1.1
Project:             project_1
Solution:            hls
Device target:       xczu3eg-sbva484-1-e
Report date:         Fri Jan 23 15:46:39 EST 2026

#=== Post-Implementation Resource usage ===
SLICE:            0
LUT:           2557
FF:            2661
DSP:              1
BRAM:            22
URAM:             0
LATCH:            0
SRL:             94
CLB:            485

#=== Final timing ===
CP required:                     10.000
CP achieved post-synthesis:      6.643
CP achieved post-implementation: 7.231
Timing met
