

================================================================
== Vitis HLS Report for 'top_kernel'
================================================================
* Date:           Mon Mar 30 17:10:55 2026

* Version:        2025.1.1 (Build 6214317 on Sep 11 2025)
* Project:        project_1
* Solution:       hls (Vivado IP Flow Target)
* Product family: zynquplus
* Target device:  xczu3eg-sbva484-1-e


================================================================
== Performance Estimates
================================================================
+ Timing: 
    * Summary: 
    +--------+----------+----------+------------+
    |  Clock |  Target  | Estimated| Uncertainty|
    +--------+----------+----------+------------+
    |ap_clk  |  10.00 ns|  7.300 ns|     2.70 ns|
    +--------+----------+----------+------------+

+ Latency: 
    * Summary: 
    +---------+---------+----------+----------+--------+--------+---------+
    |  Latency (cycles) |  Latency (absolute) |     Interval    | Pipeline|
    |   min   |   max   |    min   |    max   |   min  |   max  |   Type  |
    +---------+---------+----------+----------+--------+--------+---------+
    |   932371|   932371|  9.324 ms|  9.324 ms|  932372|  932372|       no|
    +---------+---------+----------+----------+--------+--------+---------+

    + Detail: 
        * Instance: 
        N/A

        * Loop: 
        +--------------------+---------+---------+----------+-----------+-----------+-------+----------+
        |                    |  Latency (cycles) | Iteration|  Initiation Interval  |  Trip |          |
        |      Loop Name     |   min   |   max   |  Latency |  achieved |   target  | Count | Pipelined|
        +--------------------+---------+---------+----------+-----------+-----------+-------+----------+
        |- VITIS_LOOP_26_1   |   196608|   196608|         3|          -|          -|  65536|        no|
        |- VITIS_LOOP_33_2   |    65536|    65536|         4|          -|          -|  16384|        no|
        |- VITIS_LOOP_50_3   |   131584|   131584|       514|          -|          -|    256|        no|
        | + VITIS_LOOP_53_4  |      512|      512|         2|          -|          -|    256|        no|
        |- VITIS_LOOP_65_5   |   276480|   276480|      1080|          -|          -|    256|        no|
        | + VITIS_LOOP_72_6  |     1024|     1024|         4|          -|          -|    256|        no|
        |- VITIS_LOOP_80_7   |   262144|   262144|         4|          -|          -|  65536|        no|
        +--------------------+---------+---------+----------+-----------+-----------+-------+----------+



================================================================
== Utilization Estimates
================================================================
* Summary: 
+-----------------+---------+-----+--------+-------+-----+
|       Name      | BRAM_18K| DSP |   FF   |  LUT  | URAM|
+-----------------+---------+-----+--------+-------+-----+
|DSP              |        -|    -|       -|      -|    -|
|Expression       |        -|    -|       0|   8817|    -|
|FIFO             |        -|    -|       -|      -|    -|
|Instance         |        2|   20|    2069|   2239|    0|
|Memory           |      364|    -|       0|      0|    0|
|Multiplexer      |        -|    -|       0|    819|    -|
|Register         |        -|    -|    1448|      -|    -|
+-----------------+---------+-----+--------+-------+-----+
|Total            |      366|   20|    3517|  11875|    0|
+-----------------+---------+-----+--------+-------+-----+
|Available        |      432|  360|  141120|  70560|    0|
+-----------------+---------+-----+--------+-------+-----+
|Utilization (%)  |       84|    5|       2|     16|    0|
+-----------------+---------+-----+--------+-------+-----+

+ Detail: 
    * Instance: 
    +-------------------------------+---------------------------+---------+----+-----+-----+-----+
    |            Instance           |           Module          | BRAM_18K| DSP|  FF | LUT | URAM|
    +-------------------------------+---------------------------+---------+----+-----+-----+-----+
    |control_s_axi_U                |control_s_axi              |        0|   0|  176|  296|    0|
    |gmem0_m_axi_U                  |gmem0_m_axi                |        2|   0|  671|  637|    0|
    |gmem1_m_axi_U                  |gmem1_m_axi                |        0|   0|  611|  666|    0|
    |mul_31s_24ns_53_1_1_U2         |mul_31s_24ns_53_1_1        |        0|   2|    0|   19|    0|
    |mul_31s_24ns_53_1_1_U3         |mul_31s_24ns_53_1_1        |        0|   2|    0|   19|    0|
    |mul_31s_24ns_53_1_1_U4         |mul_31s_24ns_53_1_1        |        0|   2|    0|   19|    0|
    |mul_31s_24ns_53_1_1_U5         |mul_31s_24ns_53_1_1        |        0|   2|    0|   19|    0|
    |mul_31s_24ns_53_1_1_U6         |mul_31s_24ns_53_1_1        |        0|   2|    0|   19|    0|
    |mul_31s_24ns_53_1_1_U7         |mul_31s_24ns_53_1_1        |        0|   2|    0|   19|    0|
    |mul_31s_24ns_53_1_1_U8         |mul_31s_24ns_53_1_1        |        0|   2|    0|   19|    0|
    |mul_31s_24ns_53_1_1_U9         |mul_31s_24ns_53_1_1        |        0|   2|    0|   19|    0|
    |mul_31s_34s_64_1_1_U1          |mul_31s_34s_64_1_1         |        0|   4|    0|   22|    0|
    |sdiv_50ns_32s_50_54_seq_1_U13  |sdiv_50ns_32s_50_54_seq_1  |        0|   0|  611|  368|    0|
    |sparsemux_7_2_32_1_1_U11       |sparsemux_7_2_32_1_1       |        0|   0|    0|    9|    0|
    |sparsemux_7_2_32_1_1_U16       |sparsemux_7_2_32_1_1       |        0|   0|    0|    9|    0|
    |sparsemux_9_2_30_1_1_U12       |sparsemux_9_2_30_1_1       |        0|   0|    0|   20|    0|
    |sparsemux_9_2_32_1_1_U10       |sparsemux_9_2_32_1_1       |        0|   0|    0|   20|    0|
    |sparsemux_9_2_32_1_1_U14       |sparsemux_9_2_32_1_1       |        0|   0|    0|   20|    0|
    |sparsemux_9_2_32_1_1_U15       |sparsemux_9_2_32_1_1       |        0|   0|    0|   20|    0|
    +-------------------------------+---------------------------+---------+----+-----+-----+-----+
    |Total                          |                           |        2|  20| 2069| 2239|    0|
    +-------------------------------+---------------------------+---------+----+-----+-----+-----+

    * DSP: 
    N/A

    * Memory: 
    +-------------------------------------------------------------------------+----------------------------------------------------------------------------------+---------+---+----+-----+-------+-----+------+-------------+
    |                                  Memory                                 |                                      Module                                      | BRAM_18K| FF| LUT| URAM| Words | Bits| Banks| W*Bits*Banks|
    +-------------------------------------------------------------------------+----------------------------------------------------------------------------------+---------+---+----+-----+-------+-----+------+-------------+
    |top_kernel_ap_fixed_32_6_0_0_0_const_ap_fixed_32_6_0_0_0_block_peak_U    |top_kernel_ap_fixed_32_6_0_0_0_const_ap_fixed_32_6_0_0_0_block_peak_RAM_AUTO_bkb  |        1|  0|   0|    0|     64|   30|     1|         1920|
    |top_kernel_ap_fixed_32_6_0_0_0_const_ap_fixed_32_6_0_0_0_block_peak_7_U  |top_kernel_ap_fixed_32_6_0_0_0_const_ap_fixed_32_6_0_0_0_block_peak_RAM_AUTO_bkb  |        1|  0|   0|    0|     64|   30|     1|         1920|
    |top_kernel_ap_fixed_32_6_0_0_0_const_ap_fixed_32_6_0_0_0_block_peak_8_U  |top_kernel_ap_fixed_32_6_0_0_0_const_ap_fixed_32_6_0_0_0_block_peak_RAM_AUTO_bkb  |        1|  0|   0|    0|     64|   30|     1|         1920|
    |top_kernel_ap_fixed_32_6_0_0_0_const_ap_fixed_32_6_0_0_0_block_peak_9_U  |top_kernel_ap_fixed_32_6_0_0_0_const_ap_fixed_32_6_0_0_0_block_peak_RAM_AUTO_bkb  |        1|  0|   0|    0|     64|   30|     1|         1920|
    |top_kernel_ap_fixed_32_6_0_0_0_const_ap_fixed_32_6_0_0_0_stage1_1_U      |top_kernel_ap_fixed_32_6_0_0_0_const_ap_fixed_32_6_0_0_0_stage1_1_RAM_AUTO_1R1W   |       30|  0|   0|    0|  16384|   32|     1|       524288|
    |top_kernel_ap_fixed_32_6_0_0_0_const_ap_fixed_32_6_0_0_0_stage1_2_U      |top_kernel_ap_fixed_32_6_0_0_0_const_ap_fixed_32_6_0_0_0_stage1_1_RAM_AUTO_1R1W   |       30|  0|   0|    0|  16384|   32|     1|       524288|
    |top_kernel_ap_fixed_32_6_0_0_0_const_ap_fixed_32_6_0_0_0_stage1_3_U      |top_kernel_ap_fixed_32_6_0_0_0_const_ap_fixed_32_6_0_0_0_stage1_1_RAM_AUTO_1R1W   |       30|  0|   0|    0|  16384|   32|     1|       524288|
    |top_kernel_ap_fixed_32_6_0_0_0_const_ap_fixed_32_6_0_0_0_stage1_U        |top_kernel_ap_fixed_32_6_0_0_0_const_ap_fixed_32_6_0_0_0_stage1_RAM_AUTO_1R1W     |       30|  0|   0|    0|  16384|   32|     1|       524288|
    |top_kernel_ap_fixed_32_6_0_0_0_const_ap_fixed_32_6_0_0_0_stage2_U        |top_kernel_ap_fixed_32_6_0_0_0_const_ap_fixed_32_6_0_0_0_stage1_RAM_AUTO_1R1W     |       30|  0|   0|    0|  16384|   32|     1|       524288|
    |top_kernel_ap_fixed_32_6_0_0_0_const_ap_fixed_32_6_0_0_0_stage2_4_U      |top_kernel_ap_fixed_32_6_0_0_0_const_ap_fixed_32_6_0_0_0_stage1_RAM_AUTO_1R1W     |       30|  0|   0|    0|  16384|   32|     1|       524288|
    |top_kernel_ap_fixed_32_6_0_0_0_const_ap_fixed_32_6_0_0_0_stage2_5_U      |top_kernel_ap_fixed_32_6_0_0_0_const_ap_fixed_32_6_0_0_0_stage1_RAM_AUTO_1R1W     |       30|  0|   0|    0|  16384|   32|     1|       524288|
    |top_kernel_ap_fixed_32_6_0_0_0_const_ap_fixed_32_6_0_0_0_stage2_6_U      |top_kernel_ap_fixed_32_6_0_0_0_const_ap_fixed_32_6_0_0_0_stage1_RAM_AUTO_1R1W     |       30|  0|   0|    0|  16384|   32|     1|       524288|
    |top_kernel_ap_fixed_32_6_0_0_0_const_ap_fixed_32_6_0_0_0_stage3_U        |top_kernel_ap_fixed_32_6_0_0_0_const_ap_fixed_32_6_0_0_0_stage1_RAM_AUTO_1R1W     |       30|  0|   0|    0|  16384|   32|     1|       524288|
    |top_kernel_ap_fixed_32_6_0_0_0_const_ap_fixed_32_6_0_0_0_stage3_10_U     |top_kernel_ap_fixed_32_6_0_0_0_const_ap_fixed_32_6_0_0_0_stage1_RAM_AUTO_1R1W     |       30|  0|   0|    0|  16384|   32|     1|       524288|
    |top_kernel_ap_fixed_32_6_0_0_0_const_ap_fixed_32_6_0_0_0_stage3_11_U     |top_kernel_ap_fixed_32_6_0_0_0_const_ap_fixed_32_6_0_0_0_stage1_RAM_AUTO_1R1W     |       30|  0|   0|    0|  16384|   32|     1|       524288|
    |top_kernel_ap_fixed_32_6_0_0_0_const_ap_fixed_32_6_0_0_0_stage3_12_U     |top_kernel_ap_fixed_32_6_0_0_0_const_ap_fixed_32_6_0_0_0_stage1_RAM_AUTO_1R1W     |       30|  0|   0|    0|  16384|   32|     1|       524288|
    +-------------------------------------------------------------------------+----------------------------------------------------------------------------------+---------+---+----+-----+-------+-----+------+-------------+
    |Total                                                                    |                                                                                  |      364|  0|   0|    0| 196864|  504|    16|      6299136|
    +-------------------------------------------------------------------------+----------------------------------------------------------------------------------+---------+---+----+-----+-------+-----+------+-------------+

    * FIFO: 
    N/A

    * Expression: 
    +--------------------------+----------+----+---+----+------------+------------+
    |       Variable Name      | Operation| DSP| FF| LUT| Bitwidth P0| Bitwidth P1|
    +--------------------------+----------+----+---+----+------------+------------+
    |acc_10_fu_4244_p2         |         +|   0|  0|  39|          32|          32|
    |acc_1_fu_3566_p2          |         +|   0|  0|  39|          32|          32|
    |acc_4_fu_3792_p2          |         +|   0|  0|  39|          32|          32|
    |acc_7_fu_4018_p2          |         +|   0|  0|  39|          32|          32|
    |add_ln26_fu_970_p2        |         +|   0|  0|  24|          17|           1|
    |add_ln27_1_fu_1058_p2     |         +|   0|  0|  55|          55|          48|
    |add_ln27_2_fu_1102_p2     |         +|   0|  0|  39|          32|          32|
    |add_ln27_3_fu_1052_p2     |         +|   0|  0|  55|          55|          55|
    |add_ln27_fu_1026_p2       |         +|   0|  0|  38|          31|          31|
    |add_ln33_fu_1395_p2       |         +|   0|  0|  24|          17|           3|
    |add_ln36_fu_1266_p2       |         +|   0|  0|  23|          16|           2|
    |add_ln37_fu_1303_p2       |         +|   0|  0|  23|          16|           3|
    |add_ln38_fu_1330_p2       |         +|   0|  0|  23|          16|           3|
    |add_ln40_10_fu_3169_p2    |         +|   0|  0|  54|          54|          54|
    |add_ln40_1_fu_1842_p2     |         +|   0|  0|  54|          54|          54|
    |add_ln40_3_fu_1602_p2     |         +|   0|  0|  38|          31|          31|
    |add_ln40_4_fu_2279_p2     |         +|   0|  0|  54|          54|          54|
    |add_ln40_6_fu_2706_p2     |         +|   0|  0|  38|          31|          31|
    |add_ln40_7_fu_2726_p2     |         +|   0|  0|  54|          54|          54|
    |add_ln40_9_fu_3150_p2     |         +|   0|  0|  38|          31|          31|
    |add_ln40_fu_1458_p2       |         +|   0|  0|  38|          31|          31|
    |add_ln41_1_fu_2013_p2     |         +|   0|  0|  54|          54|          54|
    |add_ln41_2_fu_2450_p2     |         +|   0|  0|  54|          54|          54|
    |add_ln41_3_fu_2894_p2     |         +|   0|  0|  54|          54|          54|
    |add_ln41_4_fu_3337_p2     |         +|   0|  0|  54|          54|          54|
    |add_ln41_fu_1823_p2       |         +|   0|  0|  38|          31|          31|
    |add_ln42_10_fu_1997_p2    |         +|   0|  0|  52|          52|          52|
    |add_ln42_11_fu_2299_p2    |         +|   0|  0|  52|          52|          52|
    |add_ln42_12_fu_2332_p2    |         +|   0|  0|  52|          52|          52|
    |add_ln42_13_fu_2366_p2    |         +|   0|  0|  52|          52|          52|
    |add_ln42_14_fu_2400_p2    |         +|   0|  0|  52|          52|          52|
    |add_ln42_15_fu_2434_p2    |         +|   0|  0|  52|          52|          52|
    |add_ln42_16_fu_2743_p2    |         +|   0|  0|  52|          52|          52|
    |add_ln42_17_fu_2776_p2    |         +|   0|  0|  52|          52|          52|
    |add_ln42_18_fu_2810_p2    |         +|   0|  0|  52|          52|          52|
    |add_ln42_19_fu_2844_p2    |         +|   0|  0|  52|          52|          52|
    |add_ln42_1_fu_2231_p2     |         +|   0|  0|  62|          55|          55|
    |add_ln42_20_fu_2878_p2    |         +|   0|  0|  52|          52|          52|
    |add_ln42_21_fu_3186_p2    |         +|   0|  0|  52|          52|          52|
    |add_ln42_22_fu_3219_p2    |         +|   0|  0|  52|          52|          52|
    |add_ln42_23_fu_3253_p2    |         +|   0|  0|  52|          52|          52|
    |add_ln42_24_fu_3287_p2    |         +|   0|  0|  52|          52|          52|
    |add_ln42_25_fu_3321_p2    |         +|   0|  0|  52|          52|          52|
    |add_ln42_2_fu_1634_p2     |         +|   0|  0|  38|          31|          31|
    |add_ln42_3_fu_2668_p2     |         +|   0|  0|  62|          55|          55|
    |add_ln42_4_fu_3112_p2     |         +|   0|  0|  62|          55|          55|
    |add_ln42_5_fu_3528_p2     |         +|   0|  0|  62|          55|          55|
    |add_ln42_6_fu_1862_p2     |         +|   0|  0|  52|          52|          52|
    |add_ln42_7_fu_1895_p2     |         +|   0|  0|  52|          52|          52|
    |add_ln42_8_fu_1929_p2     |         +|   0|  0|  52|          52|          52|
    |add_ln42_9_fu_1963_p2     |         +|   0|  0|  52|          52|          52|
    |add_ln42_fu_1508_p2       |         +|   0|  0|  38|          31|          31|
    |add_ln43_10_fu_2582_p2    |         +|   0|  0|  51|          51|          51|
    |add_ln43_11_fu_2618_p2    |         +|   0|  0|  51|          51|          51|
    |add_ln43_12_fu_2654_p2    |         +|   0|  0|  51|          51|          51|
    |add_ln43_13_fu_2954_p2    |         +|   0|  0|  51|          51|          51|
    |add_ln43_14_fu_2990_p2    |         +|   0|  0|  51|          51|          51|
    |add_ln43_15_fu_3026_p2    |         +|   0|  0|  51|          51|          51|
    |add_ln43_16_fu_3062_p2    |         +|   0|  0|  51|          51|          51|
    |add_ln43_17_fu_3098_p2    |         +|   0|  0|  51|          51|          51|
    |add_ln43_18_fu_3378_p2    |         +|   0|  0|  51|          51|          51|
    |add_ln43_19_fu_3412_p2    |         +|   0|  0|  51|          51|          51|
    |add_ln43_1_fu_2462_p2     |         +|   0|  0|  38|          31|          31|
    |add_ln43_20_fu_3446_p2    |         +|   0|  0|  51|          51|          51|
    |add_ln43_21_fu_3480_p2    |         +|   0|  0|  51|          51|          51|
    |add_ln43_22_fu_3514_p2    |         +|   0|  0|  51|          51|          51|
    |add_ln43_2_fu_2906_p2     |         +|   0|  0|  38|          31|          31|
    |add_ln43_3_fu_2073_p2     |         +|   0|  0|  51|          51|          51|
    |add_ln43_4_fu_2109_p2     |         +|   0|  0|  51|          51|          51|
    |add_ln43_5_fu_2145_p2     |         +|   0|  0|  51|          51|          51|
    |add_ln43_6_fu_2181_p2     |         +|   0|  0|  51|          51|          51|
    |add_ln43_7_fu_2217_p2     |         +|   0|  0|  51|          51|          51|
    |add_ln43_8_fu_2510_p2     |         +|   0|  0|  51|          51|          51|
    |add_ln43_9_fu_2546_p2     |         +|   0|  0|  51|          51|          51|
    |add_ln43_fu_2025_p2       |         +|   0|  0|  38|          31|          31|
    |add_ln50_fu_4473_p2       |         +|   0|  0|  16|           9|           1|
    |add_ln53_fu_4494_p2       |         +|   0|  0|  16|           9|           1|
    |add_ln59_1_fu_4586_p2     |         +|   0|  0|  37|          30|          30|
    |add_ln59_fu_4554_p2       |         +|   0|  0|  40|          33|          23|
    |add_ln65_fu_4759_p2       |         +|   0|  0|  16|           9|           1|
    |add_ln72_fu_5084_p2       |         +|   0|  0|  16|           9|           1|
    |add_ln73_1_fu_5228_p2     |         +|   0|  0|  39|          32|          32|
    |add_ln73_fu_5180_p2       |         +|   0|  0|  38|          31|          31|
    |add_ln80_fu_5422_p2       |         +|   0|  0|  24|          17|           1|
    |add_ln82_1_fu_5552_p2     |         +|   0|  0|  51|          51|          51|
    |add_ln82_2_fu_5588_p2     |         +|   0|  0|  51|          51|          51|
    |add_ln82_3_fu_5624_p2     |         +|   0|  0|  51|          51|          51|
    |add_ln82_4_fu_5660_p2     |         +|   0|  0|  51|          51|          51|
    |add_ln82_5_fu_5698_p2     |         +|   0|  0|  51|          51|          51|
    |add_ln82_fu_5504_p2       |         +|   0|  0|  38|          31|          31|
    |inv_peak_1_fu_4890_p2     |         +|   0|  0|  39|          32|          32|
    |out_val_1_fu_5738_p2      |         +|   0|  0|  37|          30|          30|
    |sub_ln42_10_fu_2417_p2    |         -|   0|  0|  52|          52|          52|
    |sub_ln42_11_fu_2440_p2    |         -|   0|  0|  52|          52|          52|
    |sub_ln42_12_fu_1737_p2    |         -|   0|  0|  59|          52|          52|
    |sub_ln42_13_fu_2759_p2    |         -|   0|  0|  52|          52|          52|
    |sub_ln42_14_fu_2793_p2    |         -|   0|  0|  52|          52|          52|
    |sub_ln42_15_fu_2827_p2    |         -|   0|  0|  52|          52|          52|
    |sub_ln42_16_fu_2861_p2    |         -|   0|  0|  52|          52|          52|
    |sub_ln42_17_fu_2884_p2    |         -|   0|  0|  52|          52|          52|
    |sub_ln42_18_fu_1803_p2    |         -|   0|  0|  59|          52|          52|
    |sub_ln42_19_fu_3202_p2    |         -|   0|  0|  52|          52|          52|
    |sub_ln42_1_fu_1878_p2     |         -|   0|  0|  52|          52|          52|
    |sub_ln42_20_fu_3236_p2    |         -|   0|  0|  52|          52|          52|
    |sub_ln42_21_fu_3270_p2    |         -|   0|  0|  52|          52|          52|
    |sub_ln42_22_fu_3304_p2    |         -|   0|  0|  52|          52|          52|
    |sub_ln42_23_fu_3327_p2    |         -|   0|  0|  52|          52|          52|
    |sub_ln42_2_fu_1912_p2     |         -|   0|  0|  52|          52|          52|
    |sub_ln42_3_fu_1946_p2     |         -|   0|  0|  52|          52|          52|
    |sub_ln42_4_fu_1980_p2     |         -|   0|  0|  52|          52|          52|
    |sub_ln42_5_fu_2003_p2     |         -|   0|  0|  52|          52|          52|
    |sub_ln42_6_fu_1664_p2     |         -|   0|  0|  59|          52|          52|
    |sub_ln42_7_fu_2315_p2     |         -|   0|  0|  52|          52|          52|
    |sub_ln42_8_fu_2349_p2     |         -|   0|  0|  52|          52|          52|
    |sub_ln42_9_fu_2383_p2     |         -|   0|  0|  52|          52|          52|
    |sub_ln42_fu_1538_p2       |         -|   0|  0|  59|          52|          52|
    |sub_ln43_10_fu_2936_p2    |         -|   0|  0|  51|          51|          51|
    |sub_ln43_11_fu_2972_p2    |         -|   0|  0|  51|          51|          51|
    |sub_ln43_12_fu_3008_p2    |         -|   0|  0|  51|          51|          51|
    |sub_ln43_13_fu_3044_p2    |         -|   0|  0|  51|          51|          51|
    |sub_ln43_14_fu_3080_p2    |         -|   0|  0|  51|          51|          51|
    |sub_ln43_15_fu_3361_p2    |         -|   0|  0|  51|          51|          51|
    |sub_ln43_16_fu_3395_p2    |         -|   0|  0|  51|          51|          51|
    |sub_ln43_17_fu_3429_p2    |         -|   0|  0|  51|          51|          51|
    |sub_ln43_18_fu_3463_p2    |         -|   0|  0|  51|          51|          51|
    |sub_ln43_19_fu_3497_p2    |         -|   0|  0|  51|          51|          51|
    |sub_ln43_1_fu_2091_p2     |         -|   0|  0|  51|          51|          51|
    |sub_ln43_2_fu_2127_p2     |         -|   0|  0|  51|          51|          51|
    |sub_ln43_3_fu_2163_p2     |         -|   0|  0|  51|          51|          51|
    |sub_ln43_4_fu_2199_p2     |         -|   0|  0|  51|          51|          51|
    |sub_ln43_5_fu_2492_p2     |         -|   0|  0|  51|          51|          51|
    |sub_ln43_6_fu_2528_p2     |         -|   0|  0|  51|          51|          51|
    |sub_ln43_7_fu_2564_p2     |         -|   0|  0|  51|          51|          51|
    |sub_ln43_8_fu_2600_p2     |         -|   0|  0|  51|          51|          51|
    |sub_ln43_9_fu_2636_p2     |         -|   0|  0|  51|          51|          51|
    |sub_ln43_fu_2055_p2       |         -|   0|  0|  51|          51|          51|
    |sub_ln55_fu_4644_p2       |         -|   0|  0|  40|           1|          33|
    |sub_ln82_1_fu_5570_p2     |         -|   0|  0|  51|          51|          51|
    |sub_ln82_2_fu_5606_p2     |         -|   0|  0|  51|          51|          51|
    |sub_ln82_3_fu_5642_p2     |         -|   0|  0|  51|          51|          51|
    |sub_ln82_4_fu_5682_p2     |         -|   0|  0|  51|          51|          51|
    |sub_ln82_fu_5534_p2       |         -|   0|  0|  51|          51|          51|
    |and_ln27_1_fu_1164_p2     |       and|   0|  0|   2|           1|           1|
    |and_ln27_2_fu_1182_p2     |       and|   0|  0|   2|           1|           1|
    |and_ln27_fu_1122_p2       |       and|   0|  0|   2|           1|           1|
    |and_ln40_10_fu_4086_p2    |       and|   0|  0|   2|           1|           1|
    |and_ln40_11_fu_4104_p2    |       and|   0|  0|   2|           1|           1|
    |and_ln40_12_fu_4268_p2    |       and|   0|  0|   2|           1|           1|
    |and_ln40_13_fu_4306_p2    |       and|   0|  0|   2|           1|           1|
    |and_ln40_14_fu_4312_p2    |       and|   0|  0|   2|           1|           1|
    |and_ln40_15_fu_4330_p2    |       and|   0|  0|   2|           1|           1|
    |and_ln40_1_fu_3628_p2     |       and|   0|  0|   2|           1|           1|
    |and_ln40_2_fu_3634_p2     |       and|   0|  0|   2|           1|           1|
    |and_ln40_3_fu_3652_p2     |       and|   0|  0|   2|           1|           1|
    |and_ln40_4_fu_3816_p2     |       and|   0|  0|   2|           1|           1|
    |and_ln40_5_fu_3854_p2     |       and|   0|  0|   2|           1|           1|
    |and_ln40_6_fu_3860_p2     |       and|   0|  0|   2|           1|           1|
    |and_ln40_7_fu_3878_p2     |       and|   0|  0|   2|           1|           1|
    |and_ln40_8_fu_4042_p2     |       and|   0|  0|   2|           1|           1|
    |and_ln40_9_fu_4080_p2     |       and|   0|  0|   2|           1|           1|
    |and_ln40_fu_3590_p2       |       and|   0|  0|   2|           1|           1|
    |and_ln44_1_fu_3757_p2     |       and|   0|  0|   2|           1|           1|
    |and_ln44_2_fu_3965_p2     |       and|   0|  0|   2|           1|           1|
    |and_ln44_3_fu_3983_p2     |       and|   0|  0|   2|           1|           1|
    |and_ln44_4_fu_4191_p2     |       and|   0|  0|   2|           1|           1|
    |and_ln44_5_fu_4209_p2     |       and|   0|  0|   2|           1|           1|
    |and_ln44_6_fu_4417_p2     |       and|   0|  0|   2|           1|           1|
    |and_ln44_7_fu_4435_p2     |       and|   0|  0|   2|           1|           1|
    |and_ln44_fu_3739_p2       |       and|   0|  0|   2|           1|           1|
    |and_ln55_1_fu_4696_p2     |       and|   0|  0|   2|           1|           1|
    |and_ln55_fu_4676_p2       |       and|   0|  0|   2|           1|           1|
    |and_ln69_1_fu_4976_p2     |       and|   0|  0|   2|           1|           1|
    |and_ln69_2_fu_4990_p2     |       and|   0|  0|   2|           1|           1|
    |and_ln69_3_fu_5014_p2     |       and|   0|  0|   2|           1|           1|
    |and_ln69_4_fu_5020_p2     |       and|   0|  0|   2|           1|           1|
    |and_ln69_5_fu_5038_p2     |       and|   0|  0|   2|           1|           1|
    |and_ln69_fu_4910_p2       |       and|   0|  0|   2|           1|           1|
    |and_ln73_1_fu_5314_p2     |       and|   0|  0|   2|           1|           1|
    |and_ln73_2_fu_5328_p2     |       and|   0|  0|   2|           1|           1|
    |and_ln73_3_fu_5352_p2     |       and|   0|  0|   2|           1|           1|
    |and_ln73_4_fu_5358_p2     |       and|   0|  0|   2|           1|           1|
    |and_ln73_5_fu_5376_p2     |       and|   0|  0|   2|           1|           1|
    |and_ln73_fu_5248_p2       |       and|   0|  0|   2|           1|           1|
    |and_ln82_1_fu_5804_p2     |       and|   0|  0|   2|           1|           1|
    |and_ln82_2_fu_5810_p2     |       and|   0|  0|   2|           1|           1|
    |and_ln82_3_fu_5828_p2     |       and|   0|  0|   2|           1|           1|
    |and_ln82_4_fu_5854_p2     |       and|   0|  0|   2|           1|           1|
    |and_ln82_fu_5762_p2       |       and|   0|  0|   2|           1|           1|
    |icmp_ln26_fu_964_p2       |      icmp|   0|  0|  25|          17|          18|
    |icmp_ln36_fu_1260_p2      |      icmp|   0|  0|  24|          17|           1|
    |icmp_ln37_1_fu_1369_p2    |      icmp|   0|  0|  23|          16|           1|
    |icmp_ln37_fu_1297_p2      |      icmp|   0|  0|  23|          16|           1|
    |icmp_ln38_1_fu_1375_p2    |      icmp|   0|  0|  23|          16|           2|
    |icmp_ln38_2_fu_1389_p2    |      icmp|   0|  0|  23|          16|           2|
    |icmp_ln38_fu_1324_p2      |      icmp|   0|  0|  24|          17|           2|
    |icmp_ln44_1_fu_3721_p2    |      icmp|   0|  0|  13|           6|           1|
    |icmp_ln44_2_fu_3941_p2    |      icmp|   0|  0|  13|           6|           2|
    |icmp_ln44_3_fu_3947_p2    |      icmp|   0|  0|  13|           6|           1|
    |icmp_ln44_4_fu_4167_p2    |      icmp|   0|  0|  13|           6|           2|
    |icmp_ln44_5_fu_4173_p2    |      icmp|   0|  0|  13|           6|           1|
    |icmp_ln44_6_fu_4393_p2    |      icmp|   0|  0|  13|           6|           2|
    |icmp_ln44_7_fu_4399_p2    |      icmp|   0|  0|  13|           6|           1|
    |icmp_ln44_fu_3715_p2      |      icmp|   0|  0|  13|           6|           2|
    |icmp_ln50_fu_4467_p2      |      icmp|   0|  0|  17|           9|          10|
    |icmp_ln53_fu_4488_p2      |      icmp|   0|  0|  17|           9|          10|
    |icmp_ln5_fu_4736_p2       |      icmp|   0|  0|  39|          32|          32|
    |icmp_ln65_fu_4753_p2      |      icmp|   0|  0|  17|           9|          10|
    |icmp_ln69_1_fu_4950_p2    |      icmp|   0|  0|  23|          16|           2|
    |icmp_ln69_2_fu_4956_p2    |      icmp|   0|  0|  23|          16|           1|
    |icmp_ln69_fu_4934_p2      |      icmp|   0|  0|  22|          15|           2|
    |icmp_ln72_fu_5078_p2      |      icmp|   0|  0|  17|           9|          10|
    |icmp_ln73_1_fu_5288_p2    |      icmp|   0|  0|  17|          10|           2|
    |icmp_ln73_2_fu_5294_p2    |      icmp|   0|  0|  17|          10|           1|
    |icmp_ln73_fu_5272_p2      |      icmp|   0|  0|  16|           9|           2|
    |icmp_ln80_fu_5416_p2      |      icmp|   0|  0|  25|          17|          18|
    |icmp_ln82_fu_5666_p2      |      icmp|   0|  0|  39|          32|           1|
    |icmp_ln85_fu_5887_p2      |      icmp|   0|  0|  39|          32|          30|
    |icmp_ln86_fu_5905_p2      |      icmp|   0|  0|  39|          32|          31|
    |or_ln27_1_fu_1196_p2      |        or|   0|  0|   2|           1|           1|
    |or_ln27_2_fu_1134_p2      |        or|   0|  0|   2|           1|           1|
    |or_ln27_3_fu_1170_p2      |        or|   0|  0|   2|           1|           1|
    |or_ln27_fu_1158_p2        |        or|   0|  0|   2|           1|           1|
    |or_ln40_10_fu_3826_p2     |        or|   0|  0|   2|           1|           1|
    |or_ln40_11_fu_3866_p2     |        or|   0|  0|   2|           1|           1|
    |or_ln40_12_fu_4052_p2     |        or|   0|  0|   2|           1|           1|
    |or_ln40_13_fu_4092_p2     |        or|   0|  0|   2|           1|           1|
    |or_ln40_14_fu_4278_p2     |        or|   0|  0|   2|           1|           1|
    |or_ln40_15_fu_4318_p2     |        or|   0|  0|   2|           1|           1|
    |or_ln40_1_fu_3665_p2      |        or|   0|  0|   2|           1|           1|
    |or_ln40_2_fu_3848_p2      |        or|   0|  0|   2|           1|           1|
    |or_ln40_3_fu_3891_p2      |        or|   0|  0|   2|           1|           1|
    |or_ln40_4_fu_4074_p2      |        or|   0|  0|   2|           1|           1|
    |or_ln40_5_fu_4117_p2      |        or|   0|  0|   2|           1|           1|
    |or_ln40_6_fu_4300_p2      |        or|   0|  0|   2|           1|           1|
    |or_ln40_7_fu_4343_p2      |        or|   0|  0|   2|           1|           1|
    |or_ln40_8_fu_3600_p2      |        or|   0|  0|   2|           1|           1|
    |or_ln40_9_fu_3640_p2      |        or|   0|  0|   2|           1|           1|
    |or_ln40_fu_3622_p2        |        or|   0|  0|   2|           1|           1|
    |or_ln44_10_fu_4429_p2     |        or|   0|  0|   2|           1|           1|
    |or_ln44_11_fu_4449_p2     |        or|   0|  0|   2|           1|           1|
    |or_ln44_1_fu_3751_p2      |        or|   0|  0|   2|           1|           1|
    |or_ln44_2_fu_3771_p2      |        or|   0|  0|   2|           1|           1|
    |or_ln44_3_fu_3953_p2      |        or|   0|  0|   2|           1|           1|
    |or_ln44_4_fu_3977_p2      |        or|   0|  0|   2|           1|           1|
    |or_ln44_5_fu_3997_p2      |        or|   0|  0|   2|           1|           1|
    |or_ln44_6_fu_4179_p2      |        or|   0|  0|   2|           1|           1|
    |or_ln44_7_fu_4203_p2      |        or|   0|  0|   2|           1|           1|
    |or_ln44_8_fu_4223_p2      |        or|   0|  0|   2|           1|           1|
    |or_ln44_9_fu_4405_p2      |        or|   0|  0|   2|           1|           1|
    |or_ln44_fu_3727_p2        |        or|   0|  0|   2|           1|           1|
    |or_ln69_1_fu_5044_p2      |        or|   0|  0|   2|           1|           1|
    |or_ln69_2_fu_5026_p2      |        or|   0|  0|   2|           1|           1|
    |or_ln69_fu_5002_p2        |        or|   0|  0|   2|           1|           1|
    |or_ln73_1_fu_5390_p2      |        or|   0|  0|   2|           1|           1|
    |or_ln73_2_fu_5364_p2      |        or|   0|  0|   2|           1|           1|
    |or_ln73_fu_5340_p2        |        or|   0|  0|   2|           1|           1|
    |or_ln82_1_fu_5834_p2      |        or|   0|  0|   2|           1|           1|
    |or_ln82_2_fu_5774_p2      |        or|   0|  0|   2|           1|           1|
    |or_ln82_3_fu_5816_p2      |        or|   0|  0|   2|           1|           1|
    |or_ln82_fu_5798_p2        |        or|   0|  0|   2|           1|           1|
    |abs_val_2_fu_4716_p2      |    select|   0|  0|  33|           1|          31|
    |acc_11_fu_4349_p3         |    select|   0|  0|  36|           1|          36|
    |acc_2_fu_3671_p3          |    select|   0|  0|  36|           1|          36|
    |acc_5_fu_3897_p3          |    select|   0|  0|  36|           1|          36|
    |acc_8_fu_4123_p3          |    select|   0|  0|  36|           1|          36|
    |out_val_2_fu_5868_p4      |    select|   0|  0|  33|           1|          31|
    |out_val_3_fu_5893_p3      |    select|   0|  0|  32|           1|          30|
    |out_val_4_fu_5911_p3      |    select|   0|  0|  30|           1|          31|
    |peak_2_fu_4742_p3         |    select|   0|  0|  32|           1|          32|
    |select_ln27_1_fu_1202_p3  |    select|   0|  0|  32|           1|          32|
    |select_ln27_fu_1188_p3    |    select|   0|  0|  33|           1|          31|
    |select_ln40_2_fu_3883_p3  |    select|   0|  0|  37|           1|          35|
    |select_ln40_4_fu_4109_p3  |    select|   0|  0|  37|           1|          35|
    |select_ln40_6_fu_4335_p3  |    select|   0|  0|  37|           1|          35|
    |select_ln40_fu_3657_p3    |    select|   0|  0|  37|           1|          35|
    |select_ln44_1_fu_3777_p3  |    select|   0|  0|  32|           1|          32|
    |select_ln44_2_fu_3989_p3  |    select|   0|  0|  33|           1|          31|
    |select_ln44_3_fu_4003_p3  |    select|   0|  0|  32|           1|          32|
    |select_ln44_4_fu_4215_p3  |    select|   0|  0|  33|           1|          31|
    |select_ln44_5_fu_4229_p3  |    select|   0|  0|  32|           1|          32|
    |select_ln44_6_fu_4441_p3  |    select|   0|  0|  33|           1|          31|
    |select_ln44_7_fu_4455_p3  |    select|   0|  0|  32|           1|          32|
    |select_ln44_fu_3763_p3    |    select|   0|  0|  33|           1|          31|
    |select_ln69_1_fu_4982_p3  |    select|   0|  0|   2|           1|           1|
    |select_ln69_2_fu_5050_p3  |    select|   0|  0|  33|           1|          31|
    |select_ln69_3_fu_5058_p3  |    select|   0|  0|  32|           1|          32|
    |select_ln69_fu_4962_p3    |    select|   0|  0|   2|           1|           1|
    |select_ln73_1_fu_5320_p3  |    select|   0|  0|   2|           1|           1|
    |select_ln73_2_fu_5382_p3  |    select|   0|  0|  33|           1|          31|
    |select_ln73_3_fu_5396_p3  |    select|   0|  0|  32|           1|          32|
    |select_ln73_fu_5300_p3    |    select|   0|  0|   2|           1|           1|
    |x1_1_fu_1411_p3           |    select|   0|  0|  32|           1|          32|
    |x2_1_fu_1418_p3           |    select|   0|  0|  32|           1|          32|
    |x2_3_fu_1562_p3           |    select|   0|  0|  32|           1|          32|
    |x3_1_fu_1425_p3           |    select|   0|  0|  32|           1|          32|
    |x3_3_fu_1569_p3           |    select|   0|  0|  32|           1|          32|
    |x3_5_fu_1688_p3           |    select|   0|  0|  32|           1|          32|
    |xor_ln27_1_fu_1146_p2     |       xor|   0|  0|   2|           1|           2|
    |xor_ln27_2_fu_1128_p2     |       xor|   0|  0|   2|           1|           2|
    |xor_ln27_3_fu_1152_p2     |       xor|   0|  0|   2|           1|           2|
    |xor_ln27_4_fu_1140_p2     |       xor|   0|  0|   2|           1|           1|
    |xor_ln27_5_fu_1176_p2     |       xor|   0|  0|   2|           1|           2|
    |xor_ln27_fu_1116_p2       |       xor|   0|  0|   2|           1|           2|
    |xor_ln40_10_fu_3837_p2    |       xor|   0|  0|   2|           1|           1|
    |xor_ln40_11_fu_3872_p2    |       xor|   0|  0|   2|           1|           2|
    |xor_ln40_12_fu_4036_p2    |       xor|   0|  0|   2|           1|           2|
    |xor_ln40_13_fu_4047_p2    |       xor|   0|  0|   2|           1|           2|
    |xor_ln40_14_fu_4058_p2    |       xor|   0|  0|   2|           1|           1|
    |xor_ln40_15_fu_4068_p2    |       xor|   0|  0|   2|           1|           2|
    |xor_ln40_16_fu_4063_p2    |       xor|   0|  0|   2|           1|           1|
    |xor_ln40_17_fu_4098_p2    |       xor|   0|  0|   2|           1|           2|
    |xor_ln40_18_fu_4262_p2    |       xor|   0|  0|   2|           1|           2|
    |xor_ln40_19_fu_4273_p2    |       xor|   0|  0|   2|           1|           2|
    |xor_ln40_1_fu_3595_p2     |       xor|   0|  0|   2|           1|           2|
    |xor_ln40_20_fu_4284_p2    |       xor|   0|  0|   2|           1|           1|
    |xor_ln40_21_fu_4294_p2    |       xor|   0|  0|   2|           1|           2|
    |xor_ln40_22_fu_4289_p2    |       xor|   0|  0|   2|           1|           1|
    |xor_ln40_23_fu_4324_p2    |       xor|   0|  0|   2|           1|           2|
    |xor_ln40_2_fu_3606_p2     |       xor|   0|  0|   2|           1|           1|
    |xor_ln40_3_fu_3616_p2     |       xor|   0|  0|   2|           1|           2|
    |xor_ln40_4_fu_3611_p2     |       xor|   0|  0|   2|           1|           1|
    |xor_ln40_5_fu_3646_p2     |       xor|   0|  0|   2|           1|           2|
    |xor_ln40_6_fu_3810_p2     |       xor|   0|  0|   2|           1|           2|
    |xor_ln40_7_fu_3821_p2     |       xor|   0|  0|   2|           1|           2|
    |xor_ln40_8_fu_3832_p2     |       xor|   0|  0|   2|           1|           1|
    |xor_ln40_9_fu_3842_p2     |       xor|   0|  0|   2|           1|           2|
    |xor_ln40_fu_3584_p2       |       xor|   0|  0|   2|           1|           2|
    |xor_ln44_1_fu_3745_p2     |       xor|   0|  0|   2|           1|           2|
    |xor_ln44_2_fu_3959_p2     |       xor|   0|  0|   2|           1|           2|
    |xor_ln44_3_fu_3971_p2     |       xor|   0|  0|   2|           1|           2|
    |xor_ln44_4_fu_4185_p2     |       xor|   0|  0|   2|           1|           2|
    |xor_ln44_5_fu_4197_p2     |       xor|   0|  0|   2|           1|           2|
    |xor_ln44_6_fu_4411_p2     |       xor|   0|  0|   2|           1|           2|
    |xor_ln44_7_fu_4423_p2     |       xor|   0|  0|   2|           1|           2|
    |xor_ln44_fu_3733_p2       |       xor|   0|  0|   2|           1|           2|
    |xor_ln55_1_fu_4682_p2     |       xor|   0|  0|   2|           1|           1|
    |xor_ln55_2_fu_4702_p2     |       xor|   0|  0|   2|           1|           2|
    |xor_ln55_fu_4670_p2       |       xor|   0|  0|   2|           1|           2|
    |xor_ln69_1_fu_4970_p2     |       xor|   0|  0|   2|           1|           2|
    |xor_ln69_2_fu_4996_p2     |       xor|   0|  0|   2|           1|           2|
    |xor_ln69_3_fu_5008_p2     |       xor|   0|  0|   2|           1|           2|
    |xor_ln69_4_fu_5032_p2     |       xor|   0|  0|   2|           1|           2|
    |xor_ln69_fu_4904_p2       |       xor|   0|  0|   2|           1|           2|
    |xor_ln73_1_fu_5308_p2     |       xor|   0|  0|   2|           1|           2|
    |xor_ln73_2_fu_5334_p2     |       xor|   0|  0|   2|           1|           2|
    |xor_ln73_3_fu_5346_p2     |       xor|   0|  0|   2|           1|           2|
    |xor_ln73_4_fu_5370_p2     |       xor|   0|  0|   2|           1|           2|
    |xor_ln73_fu_5242_p2       |       xor|   0|  0|   2|           1|           2|
    |xor_ln82_1_fu_5768_p2     |       xor|   0|  0|   2|           1|           2|
    |xor_ln82_2_fu_5780_p2     |       xor|   0|  0|   2|           1|           1|
    |xor_ln82_3_fu_5792_p2     |       xor|   0|  0|   2|           1|           2|
    |xor_ln82_4_fu_5786_p2     |       xor|   0|  0|   2|           1|           1|
    |xor_ln82_5_fu_5822_p2     |       xor|   0|  0|   2|           1|           2|
    |xor_ln82_6_fu_5848_p2     |       xor|   0|  0|   2|           1|           2|
    |xor_ln82_fu_5756_p2       |       xor|   0|  0|   2|           1|           2|
    +--------------------------+----------+----+---+----+------------+------------+
    |Total                     |          |   0|  0|8817|        7059|        7822|
    +--------------------------+----------+----+---+----+------------+------------+

    * Multiplexer: 
    +--------------------------------------------------------------------------------------+-----+-----------+-----+-----------+
    |                                         Name                                         | LUT | Input Size| Bits| Total Bits|
    +--------------------------------------------------------------------------------------+-----+-----------+-----+-----------+
    |ap_NS_fsm                                                                             |  454|         89|    1|         89|
    |b_1_fu_406                                                                            |    9|          2|    9|         18|
    |b_fu_402                                                                              |    9|          2|    9|         18|
    |gmem0_blk_n_AR                                                                        |    9|          2|    1|          2|
    |gmem0_blk_n_R                                                                         |    9|          2|    1|          2|
    |gmem1_blk_n_AW                                                                        |    9|          2|    1|          2|
    |gmem1_blk_n_B                                                                         |    9|          2|    1|          2|
    |gmem1_blk_n_W                                                                         |    9|          2|    1|          2|
    |i_1_fu_398                                                                            |    9|          2|   17|         34|
    |i_2_reg_858                                                                           |    9|          2|    9|         18|
    |i_3_fu_410                                                                            |    9|          2|   17|         34|
    |i_4_reg_881                                                                           |    9|          2|    9|         18|
    |i_fu_394                                                                              |    9|          2|   17|         34|
    |peak_3_reg_869                                                                        |    9|          2|   32|         64|
    |top_kernel_ap_fixed_32_6_0_0_0_const_ap_fixed_32_6_0_0_0_block_peak_7_address0_local  |   14|          3|    6|         18|
    |top_kernel_ap_fixed_32_6_0_0_0_const_ap_fixed_32_6_0_0_0_block_peak_8_address0_local  |   14|          3|    6|         18|
    |top_kernel_ap_fixed_32_6_0_0_0_const_ap_fixed_32_6_0_0_0_block_peak_9_address0_local  |   14|          3|    6|         18|
    |top_kernel_ap_fixed_32_6_0_0_0_const_ap_fixed_32_6_0_0_0_block_peak_address0_local    |   14|          3|    6|         18|
    |top_kernel_ap_fixed_32_6_0_0_0_const_ap_fixed_32_6_0_0_0_stage1_1_address0_local      |   14|          3|   14|         42|
    |top_kernel_ap_fixed_32_6_0_0_0_const_ap_fixed_32_6_0_0_0_stage1_2_address0_local      |   14|          3|   14|         42|
    |top_kernel_ap_fixed_32_6_0_0_0_const_ap_fixed_32_6_0_0_0_stage1_3_address0_local      |   14|          3|   14|         42|
    |top_kernel_ap_fixed_32_6_0_0_0_const_ap_fixed_32_6_0_0_0_stage1_address0_local        |   14|          3|   14|         42|
    |top_kernel_ap_fixed_32_6_0_0_0_const_ap_fixed_32_6_0_0_0_stage2_4_address0_local      |   20|          4|   14|         56|
    |top_kernel_ap_fixed_32_6_0_0_0_const_ap_fixed_32_6_0_0_0_stage2_5_address0_local      |   20|          4|   14|         56|
    |top_kernel_ap_fixed_32_6_0_0_0_const_ap_fixed_32_6_0_0_0_stage2_6_address0_local      |   20|          4|   14|         56|
    |top_kernel_ap_fixed_32_6_0_0_0_const_ap_fixed_32_6_0_0_0_stage2_address0_local        |   20|          4|   14|         56|
    |top_kernel_ap_fixed_32_6_0_0_0_const_ap_fixed_32_6_0_0_0_stage3_10_address0_local     |   14|          3|   14|         42|
    |top_kernel_ap_fixed_32_6_0_0_0_const_ap_fixed_32_6_0_0_0_stage3_11_address0_local     |   14|          3|   14|         42|
    |top_kernel_ap_fixed_32_6_0_0_0_const_ap_fixed_32_6_0_0_0_stage3_12_address0_local     |   14|          3|   14|         42|
    |top_kernel_ap_fixed_32_6_0_0_0_const_ap_fixed_32_6_0_0_0_stage3_address0_local        |   14|          3|   14|         42|
    +--------------------------------------------------------------------------------------+-----+-----------+-----+-----------+
    |Total                                                                                 |  819|        167|  317|        969|
    +--------------------------------------------------------------------------------------+-----+-----------+-----+-----------+

    * Register: 
    +-----------------------------------------------------------------------+----+----+-----+-----------+
    |                                  Name                                 | FF | LUT| Bits| Const Bits|
    +-----------------------------------------------------------------------+----+----+-----+-----------+
    |acc_3_reg_6240                                                         |  31|   0|   31|          0|
    |acc_6_reg_6259                                                         |  31|   0|   31|          0|
    |acc_9_reg_6278                                                         |  31|   0|   31|          0|
    |acc_reg_6221                                                           |  31|   0|   31|          0|
    |add_ln26_reg_5944                                                      |  17|   0|   17|          0|
    |add_ln40_3_reg_6123                                                    |  31|   0|   31|          0|
    |add_ln40_reg_6059                                                      |  31|   0|   31|          0|
    |add_ln42_2_reg_6138                                                    |  31|   0|   31|          0|
    |add_ln42_reg_6094                                                      |  31|   0|   31|          0|
    |add_ln50_reg_6294                                                      |   9|   0|    9|          0|
    |add_ln53_reg_6314                                                      |   9|   0|    9|          0|
    |add_ln65_reg_6355                                                      |   9|   0|    9|          0|
    |add_ln72_reg_6407                                                      |   9|   0|    9|          0|
    |add_ln73_reg_6458                                                      |  31|   0|   31|          0|
    |add_ln82_4_reg_6511                                                    |  46|   0|   51|          5|
    |add_ln82_reg_6505                                                      |  31|   0|   31|          0|
    |ap_CS_fsm                                                              |  88|   0|   88|          0|
    |b_1_fu_406                                                             |   9|   0|    9|          0|
    |b_fu_402                                                               |   9|   0|    9|          0|
    |gmem0_addr_reg_5935                                                    |  64|   0|   64|          0|
    |gmem1_addr_reg_6387                                                    |  64|   0|   64|          0|
    |i_1_fu_398                                                             |  17|   0|   17|          0|
    |i_2_reg_858                                                            |   9|   0|    9|          0|
    |i_3_fu_410                                                             |  17|   0|   17|          0|
    |i_4_reg_881                                                            |   9|   0|    9|          0|
    |i_fu_394                                                               |  17|   0|   17|          0|
    |icmp_ln36_reg_5992                                                     |   1|   0|    1|          0|
    |icmp_ln37_1_reg_6027                                                   |   1|   0|    1|          0|
    |icmp_ln37_reg_6002                                                     |   1|   0|    1|          0|
    |icmp_ln38_1_reg_6032                                                   |   1|   0|    1|          0|
    |icmp_ln38_2_reg_6042                                                   |   1|   0|    1|          0|
    |icmp_ln38_reg_6012                                                     |   1|   0|    1|          0|
    |lshr_ln_reg_5954                                                       |  14|   0|   14|          0|
    |out_r_read_reg_5930                                                    |  64|   0|   64|          0|
    |out_val_4_reg_6516                                                     |  31|   0|   31|          0|
    |peak_3_reg_869                                                         |  32|   0|   32|          0|
    |select_ln73_3_reg_6463                                                 |  32|   0|   32|          0|
    |shl_i_i_i488_cast50_reg_6399                                           |  62|   0|   64|          2|
    |sub_ln42_12_reg_6182                                                   |  32|   0|   52|         20|
    |sub_ln42_18_reg_6207                                                   |  32|   0|   52|         20|
    |sub_ln42_6_reg_6152                                                    |  32|   0|   52|         20|
    |sub_ln42_reg_6108                                                      |  32|   0|   52|         20|
    |tmp_102_reg_6202                                                       |   1|   0|    1|          0|
    |tmp_123_reg_6269                                                       |   1|   0|    1|          0|
    |tmp_124_reg_6283                                                       |   1|   0|    1|          0|
    |tmp_23_reg_6118                                                        |   1|   0|    1|          0|
    |tmp_37_reg_6212                                                        |   1|   0|    1|          0|
    |tmp_38_reg_6226                                                        |   1|   0|    1|          0|
    |tmp_56_reg_6162                                                        |   1|   0|    1|          0|
    |tmp_70_reg_6231                                                        |   1|   0|    1|          0|
    |tmp_71_reg_6245                                                        |   1|   0|    1|          0|
    |tmp_75_reg_6172                                                        |   1|   0|    1|          0|
    |tmp_86_reg_6192                                                        |   1|   0|    1|          0|
    |tmp_97_reg_6250                                                        |   1|   0|    1|          0|
    |tmp_98_reg_6264                                                        |   1|   0|    1|          0|
    |tmp_9_reg_6089                                                         |   1|   0|    1|          0|
    |tmp_reg_5971                                                           |   1|   0|    1|          0|
    |top_kernel_ap_fixed_const_ap_fixed_32_6_0_0_0_stage3_10_addr_reg_6443  |  14|   0|   14|          0|
    |top_kernel_ap_fixed_const_ap_fixed_32_6_0_0_0_stage3_11_addr_reg_6448  |  14|   0|   14|          0|
    |top_kernel_ap_fixed_const_ap_fixed_32_6_0_0_0_stage3_12_addr_reg_6453  |  14|   0|   14|          0|
    |top_kernel_ap_fixed_const_ap_fixed_32_6_0_0_0_stage3_addr_reg_6438     |  14|   0|   14|          0|
    |trunc_ln26_reg_5949                                                    |   2|   0|    2|          0|
    |trunc_ln27_1_reg_5966                                                  |  30|   0|   30|          0|
    |trunc_ln40_4_reg_6167                                                  |  30|   0|   30|          0|
    |trunc_ln40_6_reg_6197                                                  |  30|   0|   30|          0|
    |trunc_ln42_3_reg_6177                                                  |  30|   0|   30|          0|
    |trunc_ln43_1_reg_6157                                                  |  30|   0|   30|          0|
    |trunc_ln43_2_reg_6187                                                  |  30|   0|   30|          0|
    |trunc_ln4_reg_6084                                                     |  30|   0|   30|          0|
    |trunc_ln50_reg_6299                                                    |   2|   0|    2|          0|
    |trunc_ln53_reg_6319                                                    |   2|   0|    2|          0|
    |trunc_ln6_reg_6113                                                     |  30|   0|   30|          0|
    |trunc_ln72_reg_6412                                                    |   2|   0|    2|          0|
    |trunc_ln80_reg_6474                                                    |   2|   0|    2|          0|
    |val_1_reg_6499                                                         |  32|   0|   32|          0|
    |zext_ln33_reg_5979                                                     |  14|   0|   64|         50|
    +-----------------------------------------------------------------------+----+----+-----+-----------+
    |Total                                                                  |1448|   0| 1585|        137|
    +-----------------------------------------------------------------------+----+----+-----+-----------+



================================================================
== Interface
================================================================
* Summary: 
+-----------------------+-----+-----+------------+--------------+--------------+
|       RTL Ports       | Dir | Bits|  Protocol  | Source Object|    C Type    |
+-----------------------+-----+-----+------------+--------------+--------------+
|s_axi_control_AWVALID  |   in|    1|       s_axi|       control|        scalar|
|s_axi_control_AWREADY  |  out|    1|       s_axi|       control|        scalar|
|s_axi_control_AWADDR   |   in|    6|       s_axi|       control|        scalar|
|s_axi_control_WVALID   |   in|    1|       s_axi|       control|        scalar|
|s_axi_control_WREADY   |  out|    1|       s_axi|       control|        scalar|
|s_axi_control_WDATA    |   in|   32|       s_axi|       control|        scalar|
|s_axi_control_WSTRB    |   in|    4|       s_axi|       control|        scalar|
|s_axi_control_ARVALID  |   in|    1|       s_axi|       control|        scalar|
|s_axi_control_ARREADY  |  out|    1|       s_axi|       control|        scalar|
|s_axi_control_ARADDR   |   in|    6|       s_axi|       control|        scalar|
|s_axi_control_RVALID   |  out|    1|       s_axi|       control|        scalar|
|s_axi_control_RREADY   |   in|    1|       s_axi|       control|        scalar|
|s_axi_control_RDATA    |  out|   32|       s_axi|       control|        scalar|
|s_axi_control_RRESP    |  out|    2|       s_axi|       control|        scalar|
|s_axi_control_BVALID   |  out|    1|       s_axi|       control|        scalar|
|s_axi_control_BREADY   |   in|    1|       s_axi|       control|        scalar|
|s_axi_control_BRESP    |  out|    2|       s_axi|       control|        scalar|
|ap_clk                 |   in|    1|  ap_ctrl_hs|    top_kernel|  return value|
|ap_rst_n               |   in|    1|  ap_ctrl_hs|    top_kernel|  return value|
|interrupt              |  out|    1|  ap_ctrl_hs|    top_kernel|  return value|
|m_axi_gmem0_AWVALID    |  out|    1|       m_axi|         gmem0|       pointer|
|m_axi_gmem0_AWREADY    |   in|    1|       m_axi|         gmem0|       pointer|
|m_axi_gmem0_AWADDR     |  out|   64|       m_axi|         gmem0|       pointer|
|m_axi_gmem0_AWID       |  out|    1|       m_axi|         gmem0|       pointer|
|m_axi_gmem0_AWLEN      |  out|    8|       m_axi|         gmem0|       pointer|
|m_axi_gmem0_AWSIZE     |  out|    3|       m_axi|         gmem0|       pointer|
|m_axi_gmem0_AWBURST    |  out|    2|       m_axi|         gmem0|       pointer|
|m_axi_gmem0_AWLOCK     |  out|    2|       m_axi|         gmem0|       pointer|
|m_axi_gmem0_AWCACHE    |  out|    4|       m_axi|         gmem0|       pointer|
|m_axi_gmem0_AWPROT     |  out|    3|       m_axi|         gmem0|       pointer|
|m_axi_gmem0_AWQOS      |  out|    4|       m_axi|         gmem0|       pointer|
|m_axi_gmem0_AWREGION   |  out|    4|       m_axi|         gmem0|       pointer|
|m_axi_gmem0_AWUSER     |  out|    1|       m_axi|         gmem0|       pointer|
|m_axi_gmem0_WVALID     |  out|    1|       m_axi|         gmem0|       pointer|
|m_axi_gmem0_WREADY     |   in|    1|       m_axi|         gmem0|       pointer|
|m_axi_gmem0_WDATA      |  out|   32|       m_axi|         gmem0|       pointer|
|m_axi_gmem0_WSTRB      |  out|    4|       m_axi|         gmem0|       pointer|
|m_axi_gmem0_WLAST      |  out|    1|       m_axi|         gmem0|       pointer|
|m_axi_gmem0_WID        |  out|    1|       m_axi|         gmem0|       pointer|
|m_axi_gmem0_WUSER      |  out|    1|       m_axi|         gmem0|       pointer|
|m_axi_gmem0_ARVALID    |  out|    1|       m_axi|         gmem0|       pointer|
|m_axi_gmem0_ARREADY    |   in|    1|       m_axi|         gmem0|       pointer|
|m_axi_gmem0_ARADDR     |  out|   64|       m_axi|         gmem0|       pointer|
|m_axi_gmem0_ARID       |  out|    1|       m_axi|         gmem0|       pointer|
|m_axi_gmem0_ARLEN      |  out|    8|       m_axi|         gmem0|       pointer|
|m_axi_gmem0_ARSIZE     |  out|    3|       m_axi|         gmem0|       pointer|
|m_axi_gmem0_ARBURST    |  out|    2|       m_axi|         gmem0|       pointer|
|m_axi_gmem0_ARLOCK     |  out|    2|       m_axi|         gmem0|       pointer|
|m_axi_gmem0_ARCACHE    |  out|    4|       m_axi|         gmem0|       pointer|
|m_axi_gmem0_ARPROT     |  out|    3|       m_axi|         gmem0|       pointer|
|m_axi_gmem0_ARQOS      |  out|    4|       m_axi|         gmem0|       pointer|
|m_axi_gmem0_ARREGION   |  out|    4|       m_axi|         gmem0|       pointer|
|m_axi_gmem0_ARUSER     |  out|    1|       m_axi|         gmem0|       pointer|
|m_axi_gmem0_RVALID     |   in|    1|       m_axi|         gmem0|       pointer|
|m_axi_gmem0_RREADY     |  out|    1|       m_axi|         gmem0|       pointer|
|m_axi_gmem0_RDATA      |   in|   32|       m_axi|         gmem0|       pointer|
|m_axi_gmem0_RLAST      |   in|    1|       m_axi|         gmem0|       pointer|
|m_axi_gmem0_RID        |   in|    1|       m_axi|         gmem0|       pointer|
|m_axi_gmem0_RUSER      |   in|    1|       m_axi|         gmem0|       pointer|
|m_axi_gmem0_RRESP      |   in|    2|       m_axi|         gmem0|       pointer|
|m_axi_gmem0_BVALID     |   in|    1|       m_axi|         gmem0|       pointer|
|m_axi_gmem0_BREADY     |  out|    1|       m_axi|         gmem0|       pointer|
|m_axi_gmem0_BRESP      |   in|    2|       m_axi|         gmem0|       pointer|
|m_axi_gmem0_BID        |   in|    1|       m_axi|         gmem0|       pointer|
|m_axi_gmem0_BUSER      |   in|    1|       m_axi|         gmem0|       pointer|
|m_axi_gmem1_AWVALID    |  out|    1|       m_axi|         gmem1|       pointer|
|m_axi_gmem1_AWREADY    |   in|    1|       m_axi|         gmem1|       pointer|
|m_axi_gmem1_AWADDR     |  out|   64|       m_axi|         gmem1|       pointer|
|m_axi_gmem1_AWID       |  out|    1|       m_axi|         gmem1|       pointer|
|m_axi_gmem1_AWLEN      |  out|    8|       m_axi|         gmem1|       pointer|
|m_axi_gmem1_AWSIZE     |  out|    3|       m_axi|         gmem1|       pointer|
|m_axi_gmem1_AWBURST    |  out|    2|       m_axi|         gmem1|       pointer|
|m_axi_gmem1_AWLOCK     |  out|    2|       m_axi|         gmem1|       pointer|
|m_axi_gmem1_AWCACHE    |  out|    4|       m_axi|         gmem1|       pointer|
|m_axi_gmem1_AWPROT     |  out|    3|       m_axi|         gmem1|       pointer|
|m_axi_gmem1_AWQOS      |  out|    4|       m_axi|         gmem1|       pointer|
|m_axi_gmem1_AWREGION   |  out|    4|       m_axi|         gmem1|       pointer|
|m_axi_gmem1_AWUSER     |  out|    1|       m_axi|         gmem1|       pointer|
|m_axi_gmem1_WVALID     |  out|    1|       m_axi|         gmem1|       pointer|
|m_axi_gmem1_WREADY     |   in|    1|       m_axi|         gmem1|       pointer|
|m_axi_gmem1_WDATA      |  out|   32|       m_axi|         gmem1|       pointer|
|m_axi_gmem1_WSTRB      |  out|    4|       m_axi|         gmem1|       pointer|
|m_axi_gmem1_WLAST      |  out|    1|       m_axi|         gmem1|       pointer|
|m_axi_gmem1_WID        |  out|    1|       m_axi|         gmem1|       pointer|
|m_axi_gmem1_WUSER      |  out|    1|       m_axi|         gmem1|       pointer|
|m_axi_gmem1_ARVALID    |  out|    1|       m_axi|         gmem1|       pointer|
|m_axi_gmem1_ARREADY    |   in|    1|       m_axi|         gmem1|       pointer|
|m_axi_gmem1_ARADDR     |  out|   64|       m_axi|         gmem1|       pointer|
|m_axi_gmem1_ARID       |  out|    1|       m_axi|         gmem1|       pointer|
|m_axi_gmem1_ARLEN      |  out|    8|       m_axi|         gmem1|       pointer|
|m_axi_gmem1_ARSIZE     |  out|    3|       m_axi|         gmem1|       pointer|
|m_axi_gmem1_ARBURST    |  out|    2|       m_axi|         gmem1|       pointer|
|m_axi_gmem1_ARLOCK     |  out|    2|       m_axi|         gmem1|       pointer|
|m_axi_gmem1_ARCACHE    |  out|    4|       m_axi|         gmem1|       pointer|
|m_axi_gmem1_ARPROT     |  out|    3|       m_axi|         gmem1|       pointer|
|m_axi_gmem1_ARQOS      |  out|    4|       m_axi|         gmem1|       pointer|
|m_axi_gmem1_ARREGION   |  out|    4|       m_axi|         gmem1|       pointer|
|m_axi_gmem1_ARUSER     |  out|    1|       m_axi|         gmem1|       pointer|
|m_axi_gmem1_RVALID     |   in|    1|       m_axi|         gmem1|       pointer|
|m_axi_gmem1_RREADY     |  out|    1|       m_axi|         gmem1|       pointer|
|m_axi_gmem1_RDATA      |   in|   32|       m_axi|         gmem1|       pointer|
|m_axi_gmem1_RLAST      |   in|    1|       m_axi|         gmem1|       pointer|
|m_axi_gmem1_RID        |   in|    1|       m_axi|         gmem1|       pointer|
|m_axi_gmem1_RUSER      |   in|    1|       m_axi|         gmem1|       pointer|
|m_axi_gmem1_RRESP      |   in|    2|       m_axi|         gmem1|       pointer|
|m_axi_gmem1_BVALID     |   in|    1|       m_axi|         gmem1|       pointer|
|m_axi_gmem1_BREADY     |  out|    1|       m_axi|         gmem1|       pointer|
|m_axi_gmem1_BRESP      |   in|    2|       m_axi|         gmem1|       pointer|
|m_axi_gmem1_BID        |   in|    1|       m_axi|         gmem1|       pointer|
|m_axi_gmem1_BUSER      |   in|    1|       m_axi|         gmem1|       pointer|
+-----------------------+-----+-----+------------+--------------+--------------+

