

Implementation tool: Xilinx Vivado v.2025.1.1
Project:             project_1
Solution:            hls
Device target:       xczu3eg-sbva484-1-e
Report date:         Mon Mar 02 16:55:25 EST 2026

#=== Post-Implementation Resource usage ===
SLICE:            0
LUT:          15536
FF:           13544
DSP:             96
BRAM:            30
URAM:             0
LATCH:            0
SRL:           1086
CLB:           3610

#=== Final timing ===
CP required:                     10.000
CP achieved post-synthesis:      3.760
CP achieved post-implementation: 6.391
Timing met
