

Implementation tool: Xilinx Vivado v.2025.1.1
Project:             project_1
Solution:            hls
Device target:       xczu3eg-sbva484-1-e
Report date:         Mon Mar 30 19:57:15 EDT 2026

#=== Post-Implementation Resource usage ===
SLICE:            0
LUT:           4280
FF:            3658
DSP:             22
BRAM:           352
URAM:             0
LATCH:            0
SRL:            146
CLB:           1078

#=== Final timing ===
CP required:                     10.000
CP achieved post-synthesis:      6.019
CP achieved post-implementation: 7.606
Timing met
