

================================================================
== Vitis HLS Report for 'top_kernel'
================================================================
* Date:           Thu Jan 22 12:46:04 2026

* Version:        2025.1.1 (Build 6214317 on Sep 11 2025)
* Project:        project_1
* Solution:       hls (Vivado IP Flow Target)
* Product family: zynquplus
* Target device:  xczu3eg-sbva484-1-e


================================================================
== Performance Estimates
================================================================
+ Timing: 
    * Summary: 
    +--------+----------+----------+------------+
    |  Clock |  Target  | Estimated| Uncertainty|
    +--------+----------+----------+------------+
    |ap_clk  |  10.00 ns|  7.277 ns|     2.70 ns|
    +--------+----------+----------+------------+

+ Latency: 
    * Summary: 
    +---------+---------+----------+----------+--------+--------+---------+
    |  Latency (cycles) |  Latency (absolute) |     Interval    | Pipeline|
    |   min   |   max   |    min   |    max   |   min  |   max  |   Type  |
    +---------+---------+----------+----------+--------+--------+---------+
    |   820162|   820162|  8.202 ms|  8.202 ms|  820163|  820163|       no|
    +---------+---------+----------+----------+--------+--------+---------+

    + Detail: 
        * Instance: 
        N/A

        * Loop: 
        +--------------------+---------+---------+----------+-----------+-----------+------+----------+
        |                    |  Latency (cycles) | Iteration|  Initiation Interval  | Trip |          |
        |      Loop Name     |   min   |   max   |  Latency |  achieved |   target  | Count| Pipelined|
        +--------------------+---------+---------+----------+-----------+-----------+------+----------+
        |- VITIS_LOOP_11_1   |   738048|   738048|      2883|          -|          -|   256|        no|
        | + VITIS_LOOP_15_2  |      128|      128|         2|          -|          -|    64|        no|
        | + VITIS_LOOP_23_3  |     2752|     2752|        43|          -|          -|    64|        no|
        |- VITIS_LOOP_29_4   |    82112|    82112|      1283|          -|          -|    64|        no|
        | + VITIS_LOOP_33_5  |      512|      512|         2|          -|          -|   256|        no|
        | + VITIS_LOOP_41_6  |      768|      768|         3|          -|          -|   256|        no|
        +--------------------+---------+---------+----------+-----------+-----------+------+----------+



================================================================
== Utilization Estimates
================================================================
* Summary: 
+-----------------+---------+-----+--------+-------+-----+
|       Name      | BRAM_18K| DSP |   FF   |  LUT  | URAM|
+-----------------+---------+-----+--------+-------+-----+
|DSP              |        -|    -|       -|      -|    -|
|Expression       |        -|    -|       0|    920|    -|
|FIFO             |        -|    -|       -|      -|    -|
|Instance         |        -|    1|     466|    320|    -|
|Memory           |       22|    -|       0|      0|    0|
|Multiplexer      |        -|    -|       0|    345|    -|
|Register         |        -|    -|     343|      -|    -|
+-----------------+---------+-----+--------+-------+-----+
|Total            |       22|    1|     809|   1585|    0|
+-----------------+---------+-----+--------+-------+-----+
|Available        |      432|  360|  141120|  70560|    0|
+-----------------+---------+-----+--------+-------+-----+
|Utilization (%)  |        5|   ~0|      ~0|      2|    0|
+-----------------+---------+-----+--------+-------+-----+

+ Detail: 
    * Instance: 
    +------------------------------+---------------------------+---------+----+-----+-----+-----+
    |           Instance           |           Module          | BRAM_18K| DSP|  FF | LUT | URAM|
    +------------------------------+---------------------------+---------+----+-----+-----+-----+
    |mul_24s_17s_41_1_1_U2         |mul_24s_17s_41_1_1         |        0|   1|    0|   39|    0|
    |sdiv_38ns_24s_38_42_seq_1_U1  |sdiv_38ns_24s_38_42_seq_1  |        0|   0|  466|  281|    0|
    +------------------------------+---------------------------+---------+----+-----+-----+-----+
    |Total                         |                           |        0|   1|  466|  320|    0|
    +------------------------------+---------------------------+---------+----+-----+-----+-----+

    * DSP: 
    N/A

    * Memory: 
    +-------+-------------------+---------+---+----+-----+-------+-----+------+-------------+
    | Memory|       Module      | BRAM_18K| FF| LUT| URAM| Words | Bits| Banks| W*Bits*Banks|
    +-------+-------------------+---------+---+----+-----+-------+-----+------+-------------+
    |tmp_U  |tmp_RAM_AUTO_1R1W  |       22|  0|   0|    0|  16384|   24|     1|       393216|
    +-------+-------------------+---------+---+----+-----+-------+-----+------+-------------+
    |Total  |                   |       22|  0|   0|    0|  16384|   24|     1|       393216|
    +-------+-------------------+---------+---+----+-----+-------+-----+------+-------------+

    * FIFO: 
    N/A

    * Expression: 
    +--------------------------+----------+----+---+----+------------+------------+
    |       Variable Name      | Operation| DSP| FF| LUT| Bitwidth P0| Bitwidth P1|
    +--------------------------+----------+----+---+----+------------+------------+
    |add_ln11_fu_283_p2        |         +|   0|  0|  16|           9|           1|
    |add_ln15_fu_312_p2        |         +|   0|  0|  14|           7|           1|
    |add_ln16_1_fu_414_p2      |         +|   0|  0|  32|          25|          25|
    |add_ln16_2_fu_322_p2      |         +|   0|  0|  21|          14|          14|
    |add_ln16_fu_408_p2        |         +|   0|  0|  31|          24|          24|
    |add_ln20_fu_336_p2        |         +|   0|  0|  32|          25|          15|
    |add_ln23_fu_476_p2        |         +|   0|  0|  14|           7|           1|
    |add_ln24_fu_486_p2        |         +|   0|  0|  21|          14|          14|
    |add_ln29_fu_623_p2        |         +|   0|  0|  14|           7|           1|
    |add_ln33_fu_639_p2        |         +|   0|  0|  16|           9|           1|
    |add_ln34_1_fu_749_p2      |         +|   0|  0|  32|          25|          25|
    |add_ln34_2_fu_657_p2      |         +|   0|  0|  21|          14|          14|
    |add_ln34_fu_743_p2        |         +|   0|  0|  31|          24|          24|
    |add_ln41_fu_811_p2        |         +|   0|  0|  16|           9|           1|
    |add_ln42_1_fu_829_p2      |         +|   0|  0|  21|          14|          14|
    |add_ln42_fu_894_p2        |         +|   0|  0|  31|          24|          24|
    |sub_ln38_1_fu_703_p2      |         -|   0|  0|  24|           1|          17|
    |sub_ln38_fu_683_p2        |         -|   0|  0|  45|           1|          38|
    |and_ln16_fu_442_p2        |       and|   0|  0|   2|           1|           1|
    |and_ln20_fu_368_p2        |       and|   0|  0|   2|           1|           1|
    |and_ln24_1_fu_585_p2      |       and|   0|  0|   2|           1|           1|
    |and_ln24_fu_567_p2        |       and|   0|  0|   2|           1|           1|
    |and_ln34_fu_777_p2        |       and|   0|  0|   2|           1|           1|
    |and_ln42_1_fu_980_p2      |       and|   0|  0|   2|           1|           1|
    |and_ln42_2_fu_994_p2      |       and|   0|  0|   2|           1|           1|
    |and_ln42_3_fu_1018_p2     |       and|   0|  0|   2|           1|           1|
    |and_ln42_4_fu_1024_p2     |       and|   0|  0|   2|           1|           1|
    |and_ln42_5_fu_1042_p2     |       and|   0|  0|   2|           1|           1|
    |and_ln42_fu_914_p2        |       and|   0|  0|   2|           1|           1|
    |icmp_ln11_fu_277_p2       |      icmp|   0|  0|  17|           9|          10|
    |icmp_ln15_fu_306_p2       |      icmp|   0|  0|  15|           7|           8|
    |icmp_ln23_fu_470_p2       |      icmp|   0|  0|  15|           7|           8|
    |icmp_ln24_1_fu_549_p2     |      icmp|   0|  0|  21|          14|           1|
    |icmp_ln24_fu_543_p2       |      icmp|   0|  0|  21|          14|           2|
    |icmp_ln29_fu_617_p2       |      icmp|   0|  0|  15|           7|           8|
    |icmp_ln33_fu_633_p2       |      icmp|   0|  0|  17|           9|          10|
    |icmp_ln41_fu_805_p2       |      icmp|   0|  0|  17|           9|          10|
    |icmp_ln42_1_fu_954_p2     |      icmp|   0|  0|  10|           3|           2|
    |icmp_ln42_2_fu_960_p2     |      icmp|   0|  0|  10|           3|           1|
    |icmp_ln42_fu_938_p2       |      icmp|   0|  0|   9|           2|           2|
    |or_ln24_1_fu_579_p2       |        or|   0|  0|   2|           1|           1|
    |or_ln24_2_fu_599_p2       |        or|   0|  0|   2|           1|           1|
    |or_ln24_fu_555_p2         |        or|   0|  0|   2|           1|           1|
    |or_ln42_1_fu_1056_p2      |        or|   0|  0|   2|           1|           1|
    |or_ln42_2_fu_1030_p2      |        or|   0|  0|   2|           1|           1|
    |or_ln42_fu_1006_p2        |        or|   0|  0|   2|           1|           1|
    |col_sum_fu_797_p3         |    select|   0|  0|  24|           1|          24|
    |denom_1_fu_388_p3         |    select|   0|  0|  24|           1|          24|
    |row_sum_fu_462_p3         |    select|   0|  0|  24|           1|          24|
    |scale_fu_723_p3           |    select|   0|  0|  17|           1|          17|
    |select_ln16_fu_454_p3     |    select|   0|  0|  24|           1|          23|
    |select_ln20_fu_380_p3     |    select|   0|  0|  24|           1|          23|
    |select_ln24_1_fu_605_p3   |    select|   0|  0|  24|           1|          24|
    |select_ln24_fu_591_p3     |    select|   0|  0|  24|           1|          23|
    |select_ln34_fu_789_p3     |    select|   0|  0|  24|           1|          23|
    |select_ln42_1_fu_986_p3   |    select|   0|  0|   2|           1|           1|
    |select_ln42_2_fu_1048_p3  |    select|   0|  0|  24|           1|          23|
    |select_ln42_3_fu_1062_p3  |    select|   0|  0|  24|           1|          24|
    |select_ln42_fu_966_p3     |    select|   0|  0|   2|           1|           1|
    |xor_ln16_1_fu_448_p2      |       xor|   0|  0|   2|           1|           1|
    |xor_ln16_fu_436_p2        |       xor|   0|  0|   2|           1|           2|
    |xor_ln20_1_fu_374_p2      |       xor|   0|  0|   2|           1|           1|
    |xor_ln20_fu_362_p2        |       xor|   0|  0|   2|           1|           2|
    |xor_ln24_1_fu_573_p2      |       xor|   0|  0|   2|           1|           2|
    |xor_ln24_fu_561_p2        |       xor|   0|  0|   2|           1|           2|
    |xor_ln34_1_fu_783_p2      |       xor|   0|  0|   2|           1|           1|
    |xor_ln34_fu_771_p2        |       xor|   0|  0|   2|           1|           2|
    |xor_ln42_1_fu_974_p2      |       xor|   0|  0|   2|           1|           2|
    |xor_ln42_2_fu_1000_p2     |       xor|   0|  0|   2|           1|           2|
    |xor_ln42_3_fu_1012_p2     |       xor|   0|  0|   2|           1|           2|
    |xor_ln42_4_fu_1036_p2     |       xor|   0|  0|   2|           1|           2|
    |xor_ln42_fu_908_p2        |       xor|   0|  0|   2|           1|           2|
    +--------------------------+----------+----+---+----+------------+------------+
    |Total                     |          |   0|  0| 920|         380|         610|
    +--------------------------+----------+----+---+----+------------+------------+

    * Multiplexer: 
    +--------------------+-----+-----------+-----+-----------+
    |        Name        | LUT | Input Size| Bits| Total Bits|
    +--------------------+-----+-----------+-----+-----------+
    |A_address0_local    |   14|          3|   14|         42|
    |ap_NS_fsm           |  239|         54|    1|         54|
    |empty_17_reg_246    |    9|          2|   24|         48|
    |empty_reg_212       |    9|          2|   24|         48|
    |i_1_reg_235         |    9|          2|    9|         18|
    |i_2_reg_258         |    9|          2|    9|         18|
    |i_fu_130            |    9|          2|    9|         18|
    |j_1_reg_201         |    9|          2|    7|         14|
    |j_2_reg_224         |    9|          2|    7|         14|
    |j_fu_134            |    9|          2|    7|         14|
    |tmp_address0_local  |   20|          4|   14|         56|
    +--------------------+-----+-----------+-----+-----------+
    |Total               |  345|         77|  125|        344|
    +--------------------+-----+-----------+-----+-----------+

    * Register: 
    +------------------------+----+----+-----+-----------+
    |          Name          | FF | LUT| Bits| Const Bits|
    +------------------------+----+----+-----+-----------+
    |add_ln11_reg_1080       |   9|   0|    9|          0|
    |add_ln15_reg_1101       |   7|   0|    7|          0|
    |add_ln23_reg_1124       |   7|   0|    7|          0|
    |add_ln29_reg_1147       |   7|   0|    7|          0|
    |add_ln33_reg_1161       |   9|   0|    9|          0|
    |add_ln41_reg_1184       |   9|   0|    9|          0|
    |ap_CS_fsm               |  53|   0|   53|          0|
    |conv_i362_reg_1111      |  38|   0|   38|          0|
    |empty_17_reg_246        |  24|   0|   24|          0|
    |empty_reg_212           |  24|   0|   24|          0|
    |i_1_reg_235             |   9|   0|    9|          0|
    |i_2_reg_258             |   9|   0|    9|          0|
    |i_fu_130                |   9|   0|    9|          0|
    |j_1_reg_201             |   7|   0|    7|          0|
    |j_2_reg_224             |   7|   0|    7|          0|
    |j_fu_134                |   7|   0|    7|          0|
    |select_ln42_3_reg_1199  |  24|   0|   24|          0|
    |sext_ln41_reg_1171      |  41|   0|   41|          0|
    |tmp_4_reg_1085          |   8|   0|   14|          6|
    |zext_ln24_1_reg_1129    |  14|   0|   64|         50|
    |zext_ln29_reg_1152      |   7|   0|   14|          7|
    |zext_ln42_1_reg_1189    |  14|   0|   64|         50|
    +------------------------+----+----+-----+-----------+
    |Total                   | 343|   0|  456|        113|
    +------------------------+----+----+-----+-----------+



================================================================
== Interface
================================================================
* Summary: 
+------------+-----+-----+------------+--------------+--------------+
|  RTL Ports | Dir | Bits|  Protocol  | Source Object|    C Type    |
+------------+-----+-----+------------+--------------+--------------+
|ap_clk      |   in|    1|  ap_ctrl_hs|    top_kernel|  return value|
|ap_rst      |   in|    1|  ap_ctrl_hs|    top_kernel|  return value|
|ap_start    |   in|    1|  ap_ctrl_hs|    top_kernel|  return value|
|ap_done     |  out|    1|  ap_ctrl_hs|    top_kernel|  return value|
|ap_idle     |  out|    1|  ap_ctrl_hs|    top_kernel|  return value|
|ap_ready    |  out|    1|  ap_ctrl_hs|    top_kernel|  return value|
|A_address0  |  out|   14|   ap_memory|             A|         array|
|A_ce0       |  out|    1|   ap_memory|             A|         array|
|A_q0        |   in|   24|   ap_memory|             A|         array|
|C_address0  |  out|   14|   ap_memory|             C|         array|
|C_ce0       |  out|    1|   ap_memory|             C|         array|
|C_we0       |  out|    1|   ap_memory|             C|         array|
|C_d0        |  out|   24|   ap_memory|             C|         array|
+------------+-----+-----+------------+--------------+--------------+

