

================================================================
== Vitis HLS Report for 'top_kernel'
================================================================
* Date:           Fri Feb 20 16:11:52 2026

* Version:        2025.1.1 (Build 6214317 on Sep 11 2025)
* Project:        project_1
* Solution:       hls (Vivado IP Flow Target)
* Product family: zynquplus
* Target device:  xczu3eg-sbva484-1-e


================================================================
== Performance Estimates
================================================================
+ Timing: 
    * Summary: 
    +--------+----------+----------+------------+
    |  Clock |  Target  | Estimated| Uncertainty|
    +--------+----------+----------+------------+
    |ap_clk  |  10.00 ns|  7.300 ns|     2.70 ns|
    +--------+----------+----------+------------+

+ Latency: 
    * Summary: 
    +---------+---------+----------+----------+--------+--------+---------+
    |  Latency (cycles) |  Latency (absolute) |     Interval    | Pipeline|
    |   min   |   max   |    min   |    max   |   min  |   max  |   Type  |
    +---------+---------+----------+----------+--------+--------+---------+
    |   193347|   193347|  1.933 ms|  1.933 ms|  193348|  193348|       no|
    +---------+---------+----------+----------+--------+--------+---------+

    + Detail: 
        * Instance: 
        +-------------------------------------------+--------------------------------+---------+---------+-----------+-----------+------+------+------------------------------------------------+
        |                                           |                                |  Latency (cycles) |   Latency (absolute)  |   Interval  |                    Pipeline                    |
        |                  Instance                 |             Module             |   min   |   max   |    min    |    max    |  min |  max |                      Type                      |
        +-------------------------------------------+--------------------------------+---------+---------+-----------+-----------+------+------+------------------------------------------------+
        |grp_top_kernel_Pipeline_Load_Loop_fu_271   |top_kernel_Pipeline_Load_Loop   |     4099|     4099|  40.990 us|  40.990 us|  4097|  4097|  loop auto-rewind stp (delay=0 clock cycles(s))|
        |grp_compute_stencil_fu_294                 |compute_stencil                 |     6169|     6169|  61.690 us|  61.690 us|  6169|  6169|                                              no|
        |grp_top_kernel_Pipeline_Store_Loop_fu_330  |top_kernel_Pipeline_Store_Loop  |     4099|     4099|  40.990 us|  40.990 us|  4097|  4097|  loop auto-rewind stp (delay=0 clock cycles(s))|
        +-------------------------------------------+--------------------------------+---------+---------+-----------+-----------+------+------+------------------------------------------------+

        * Loop: 
        +-------------+---------+---------+----------+-----------+-----------+------+----------+
        |             |  Latency (cycles) | Iteration|  Initiation Interval  | Trip |          |
        |  Loop Name  |   min   |   max   |  Latency |  achieved |   target  | Count| Pipelined|
        +-------------+---------+---------+----------+-----------+-----------+------+----------+
        |- Time_Loop  |   185130|   185130|      6171|          -|          -|    30|        no|
        +-------------+---------+---------+----------+-----------+-----------+------+----------+



================================================================
== Utilization Estimates
================================================================
* Summary: 
+-----------------+---------+-----+--------+-------+-----+
|       Name      | BRAM_18K| DSP |   FF   |  LUT  | URAM|
+-----------------+---------+-----+--------+-------+-----+
|DSP              |        -|    -|       -|      -|    -|
|Expression       |        -|    -|       0|     26|    -|
|FIFO             |        -|    -|       -|      -|    -|
|Instance         |      143|    -|    8432|  22199|    0|
|Memory           |      192|    -|       0|      0|    -|
|Multiplexer      |        -|    -|       0|   2265|    -|
|Register         |        -|    -|     215|      -|    -|
+-----------------+---------+-----+--------+-------+-----+
|Total            |      335|    0|    8647|  24490|    0|
+-----------------+---------+-----+--------+-------+-----+
|Available        |      432|  360|  141120|  70560|    0|
+-----------------+---------+-----+--------+-------+-----+
|Utilization (%)  |       77|    0|       6|     34|    0|
+-----------------+---------+-----+--------+-------+-----+

+ Detail: 
    * Instance: 
    +-------------------------------------------+--------------------------------+---------+----+------+-------+-----+
    |                  Instance                 |             Module             | BRAM_18K| DSP|  FF  |  LUT  | URAM|
    +-------------------------------------------+--------------------------------+---------+----+------+-------+-----+
    |grp_compute_stencil_fu_294                 |compute_stencil                 |        0|   0|  4273|  18435|    0|
    |control_s_axi_U                            |control_s_axi                   |        0|   0|   176|    296|    0|
    |gmem0_m_axi_U                              |gmem0_m_axi                     |      114|   0|  1578|   1648|    0|
    |gmem1_m_axi_U                              |gmem1_m_axi                     |       29|   0|  1576|   1640|    0|
    |grp_top_kernel_Pipeline_Load_Loop_fu_271   |top_kernel_Pipeline_Load_Loop   |        0|   0|   427|     90|    0|
    |grp_top_kernel_Pipeline_Store_Loop_fu_330  |top_kernel_Pipeline_Store_Loop  |        0|   0|   402|     90|    0|
    +-------------------------------------------+--------------------------------+---------+----+------+-------+-----+
    |Total                                      |                                |      143|   0|  8432|  22199|    0|
    +-------------------------------------------+--------------------------------+---------+----+------+-------+-----+

    * DSP: 
    N/A

    * Memory: 
    +-----------+-----------------------+---------+---+----+-----+------+-----+------+-------------+
    |   Memory  |         Module        | BRAM_18K| FF| LUT| URAM| Words| Bits| Banks| W*Bits*Banks|
    +-----------+-----------------------+---------+---+----+-----+------+-----+------+-------------+
    |buf0_U     |buf0_RAM_2P_BRAM_1R1W  |        6|  0|   0|    0|  4096|   24|     1|        98304|
    |buf0_16_U  |buf0_RAM_2P_BRAM_1R1W  |        6|  0|   0|    0|  4096|   24|     1|        98304|
    |buf0_17_U  |buf0_RAM_2P_BRAM_1R1W  |        6|  0|   0|    0|  4096|   24|     1|        98304|
    |buf0_18_U  |buf0_RAM_2P_BRAM_1R1W  |        6|  0|   0|    0|  4096|   24|     1|        98304|
    |buf0_19_U  |buf0_RAM_2P_BRAM_1R1W  |        6|  0|   0|    0|  4096|   24|     1|        98304|
    |buf0_20_U  |buf0_RAM_2P_BRAM_1R1W  |        6|  0|   0|    0|  4096|   24|     1|        98304|
    |buf0_21_U  |buf0_RAM_2P_BRAM_1R1W  |        6|  0|   0|    0|  4096|   24|     1|        98304|
    |buf0_22_U  |buf0_RAM_2P_BRAM_1R1W  |        6|  0|   0|    0|  4096|   24|     1|        98304|
    |buf0_23_U  |buf0_RAM_2P_BRAM_1R1W  |        6|  0|   0|    0|  4096|   24|     1|        98304|
    |buf0_24_U  |buf0_RAM_2P_BRAM_1R1W  |        6|  0|   0|    0|  4096|   24|     1|        98304|
    |buf0_25_U  |buf0_RAM_2P_BRAM_1R1W  |        6|  0|   0|    0|  4096|   24|     1|        98304|
    |buf0_26_U  |buf0_RAM_2P_BRAM_1R1W  |        6|  0|   0|    0|  4096|   24|     1|        98304|
    |buf0_27_U  |buf0_RAM_2P_BRAM_1R1W  |        6|  0|   0|    0|  4096|   24|     1|        98304|
    |buf0_28_U  |buf0_RAM_2P_BRAM_1R1W  |        6|  0|   0|    0|  4096|   24|     1|        98304|
    |buf0_29_U  |buf0_RAM_2P_BRAM_1R1W  |        6|  0|   0|    0|  4096|   24|     1|        98304|
    |buf0_30_U  |buf0_RAM_2P_BRAM_1R1W  |        6|  0|   0|    0|  4096|   24|     1|        98304|
    |buf1_U     |buf0_RAM_2P_BRAM_1R1W  |        6|  0|   0|    0|  4096|   24|     1|        98304|
    |buf1_1_U   |buf0_RAM_2P_BRAM_1R1W  |        6|  0|   0|    0|  4096|   24|     1|        98304|
    |buf1_2_U   |buf0_RAM_2P_BRAM_1R1W  |        6|  0|   0|    0|  4096|   24|     1|        98304|
    |buf1_3_U   |buf0_RAM_2P_BRAM_1R1W  |        6|  0|   0|    0|  4096|   24|     1|        98304|
    |buf1_4_U   |buf0_RAM_2P_BRAM_1R1W  |        6|  0|   0|    0|  4096|   24|     1|        98304|
    |buf1_5_U   |buf0_RAM_2P_BRAM_1R1W  |        6|  0|   0|    0|  4096|   24|     1|        98304|
    |buf1_6_U   |buf0_RAM_2P_BRAM_1R1W  |        6|  0|   0|    0|  4096|   24|     1|        98304|
    |buf1_7_U   |buf0_RAM_2P_BRAM_1R1W  |        6|  0|   0|    0|  4096|   24|     1|        98304|
    |buf1_8_U   |buf0_RAM_2P_BRAM_1R1W  |        6|  0|   0|    0|  4096|   24|     1|        98304|
    |buf1_9_U   |buf0_RAM_2P_BRAM_1R1W  |        6|  0|   0|    0|  4096|   24|     1|        98304|
    |buf1_10_U  |buf0_RAM_2P_BRAM_1R1W  |        6|  0|   0|    0|  4096|   24|     1|        98304|
    |buf1_11_U  |buf0_RAM_2P_BRAM_1R1W  |        6|  0|   0|    0|  4096|   24|     1|        98304|
    |buf1_12_U  |buf0_RAM_2P_BRAM_1R1W  |        6|  0|   0|    0|  4096|   24|     1|        98304|
    |buf1_13_U  |buf0_RAM_2P_BRAM_1R1W  |        6|  0|   0|    0|  4096|   24|     1|        98304|
    |buf1_14_U  |buf0_RAM_2P_BRAM_1R1W  |        6|  0|   0|    0|  4096|   24|     1|        98304|
    |buf1_15_U  |buf0_RAM_2P_BRAM_1R1W  |        6|  0|   0|    0|  4096|   24|     1|        98304|
    +-----------+-----------------------+---------+---+----+-----+------+-----+------+-------------+
    |Total      |                       |      192|  0|   0|    0|131072|  768|    32|      3145728|
    +-----------+-----------------------+---------+---+----+-----+------+-----+------+-------------+

    * FIFO: 
    N/A

    * Expression: 
    +----------------------------------+----------+----+---+----+------------+------------+
    |           Variable Name          | Operation| DSP| FF| LUT| Bitwidth P0| Bitwidth P1|
    +----------------------------------+----------+----+---+----+------------+------------+
    |t_2_fu_387_p2                     |         +|   0|  0|  12|           5|           1|
    |icmp_ln133_fu_381_p2              |      icmp|   0|  0|  12|           5|           3|
    |ap_block_state13_on_subcall_done  |        or|   0|  0|   2|           1|           1|
    +----------------------------------+----------+----+---+----+------------+------------+
    |Total                             |          |   0|  0|  26|          11|           5|
    +----------------------------------+----------+----+---+----+------------+------------+

    * Multiplexer: 
    +------------------------------------------+-----+-----------+-----+-----------+
    |                   Name                   | LUT | Input Size| Bits| Total Bits|
    +------------------------------------------+-----+-----------+-----+-----------+
    |ap_NS_fsm                                 |  113|         22|    1|         22|
    |buf0_16_address0                          |   14|          3|   12|         36|
    |buf0_16_address1                          |   14|          3|   12|         36|
    |buf0_16_ce0                               |   14|          3|    1|          3|
    |buf0_16_ce1                               |   14|          3|    1|          3|
    |buf0_16_d1                                |   14|          3|   24|         72|
    |buf0_16_we1                               |   14|          3|    1|          3|
    |buf0_17_address0                          |   14|          3|   12|         36|
    |buf0_17_address1                          |   14|          3|   12|         36|
    |buf0_17_ce0                               |   14|          3|    1|          3|
    |buf0_17_ce1                               |   14|          3|    1|          3|
    |buf0_17_d1                                |   14|          3|   24|         72|
    |buf0_17_we1                               |   14|          3|    1|          3|
    |buf0_18_address0                          |   14|          3|   12|         36|
    |buf0_18_address1                          |   14|          3|   12|         36|
    |buf0_18_ce0                               |   14|          3|    1|          3|
    |buf0_18_ce1                               |   14|          3|    1|          3|
    |buf0_18_d1                                |   14|          3|   24|         72|
    |buf0_18_we1                               |   14|          3|    1|          3|
    |buf0_19_address0                          |   14|          3|   12|         36|
    |buf0_19_address1                          |   14|          3|   12|         36|
    |buf0_19_ce0                               |   14|          3|    1|          3|
    |buf0_19_ce1                               |   14|          3|    1|          3|
    |buf0_19_d1                                |   14|          3|   24|         72|
    |buf0_19_we1                               |   14|          3|    1|          3|
    |buf0_20_address0                          |   14|          3|   12|         36|
    |buf0_20_address1                          |   14|          3|   12|         36|
    |buf0_20_ce0                               |   14|          3|    1|          3|
    |buf0_20_ce1                               |   14|          3|    1|          3|
    |buf0_20_d1                                |   14|          3|   24|         72|
    |buf0_20_we1                               |   14|          3|    1|          3|
    |buf0_21_address0                          |   14|          3|   12|         36|
    |buf0_21_address1                          |   14|          3|   12|         36|
    |buf0_21_ce0                               |   14|          3|    1|          3|
    |buf0_21_ce1                               |   14|          3|    1|          3|
    |buf0_21_d1                                |   14|          3|   24|         72|
    |buf0_21_we1                               |   14|          3|    1|          3|
    |buf0_22_address0                          |   14|          3|   12|         36|
    |buf0_22_address1                          |   14|          3|   12|         36|
    |buf0_22_ce0                               |   14|          3|    1|          3|
    |buf0_22_ce1                               |   14|          3|    1|          3|
    |buf0_22_d1                                |   14|          3|   24|         72|
    |buf0_22_we1                               |   14|          3|    1|          3|
    |buf0_23_address0                          |   14|          3|   12|         36|
    |buf0_23_address1                          |   14|          3|   12|         36|
    |buf0_23_ce0                               |   14|          3|    1|          3|
    |buf0_23_ce1                               |   14|          3|    1|          3|
    |buf0_23_d1                                |   14|          3|   24|         72|
    |buf0_23_we1                               |   14|          3|    1|          3|
    |buf0_24_address0                          |   14|          3|   12|         36|
    |buf0_24_address1                          |   14|          3|   12|         36|
    |buf0_24_ce0                               |   14|          3|    1|          3|
    |buf0_24_ce1                               |   14|          3|    1|          3|
    |buf0_24_d1                                |   14|          3|   24|         72|
    |buf0_24_we1                               |   14|          3|    1|          3|
    |buf0_25_address0                          |   14|          3|   12|         36|
    |buf0_25_address1                          |   14|          3|   12|         36|
    |buf0_25_ce0                               |   14|          3|    1|          3|
    |buf0_25_ce1                               |   14|          3|    1|          3|
    |buf0_25_d1                                |   14|          3|   24|         72|
    |buf0_25_we1                               |   14|          3|    1|          3|
    |buf0_26_address0                          |   14|          3|   12|         36|
    |buf0_26_address1                          |   14|          3|   12|         36|
    |buf0_26_ce0                               |   14|          3|    1|          3|
    |buf0_26_ce1                               |   14|          3|    1|          3|
    |buf0_26_d1                                |   14|          3|   24|         72|
    |buf0_26_we1                               |   14|          3|    1|          3|
    |buf0_27_address0                          |   14|          3|   12|         36|
    |buf0_27_address1                          |   14|          3|   12|         36|
    |buf0_27_ce0                               |   14|          3|    1|          3|
    |buf0_27_ce1                               |   14|          3|    1|          3|
    |buf0_27_d1                                |   14|          3|   24|         72|
    |buf0_27_we1                               |   14|          3|    1|          3|
    |buf0_28_address0                          |   14|          3|   12|         36|
    |buf0_28_address1                          |   14|          3|   12|         36|
    |buf0_28_ce0                               |   14|          3|    1|          3|
    |buf0_28_ce1                               |   14|          3|    1|          3|
    |buf0_28_d1                                |   14|          3|   24|         72|
    |buf0_28_we1                               |   14|          3|    1|          3|
    |buf0_29_address0                          |   14|          3|   12|         36|
    |buf0_29_address1                          |   14|          3|   12|         36|
    |buf0_29_ce0                               |   14|          3|    1|          3|
    |buf0_29_ce1                               |   14|          3|    1|          3|
    |buf0_29_d1                                |   14|          3|   24|         72|
    |buf0_29_we1                               |   14|          3|    1|          3|
    |buf0_30_address0                          |   14|          3|   12|         36|
    |buf0_30_address1                          |   14|          3|   12|         36|
    |buf0_30_ce0                               |   14|          3|    1|          3|
    |buf0_30_ce1                               |   14|          3|    1|          3|
    |buf0_30_d1                                |   14|          3|   24|         72|
    |buf0_30_we1                               |   14|          3|    1|          3|
    |buf0_address0                             |   14|          3|   12|         36|
    |buf0_address1                             |   14|          3|   12|         36|
    |buf0_ce0                                  |   14|          3|    1|          3|
    |buf0_ce1                                  |   14|          3|    1|          3|
    |buf0_d1                                   |   14|          3|   24|         72|
    |buf0_we1                                  |   14|          3|    1|          3|
    |buf1_10_ce0                               |    9|          2|    1|          2|
    |buf1_10_ce1                               |    9|          2|    1|          2|
    |buf1_10_we1                               |    9|          2|    1|          2|
    |buf1_11_ce0                               |    9|          2|    1|          2|
    |buf1_11_ce1                               |    9|          2|    1|          2|
    |buf1_11_we1                               |    9|          2|    1|          2|
    |buf1_12_ce0                               |    9|          2|    1|          2|
    |buf1_12_ce1                               |    9|          2|    1|          2|
    |buf1_12_we1                               |    9|          2|    1|          2|
    |buf1_13_ce0                               |    9|          2|    1|          2|
    |buf1_13_ce1                               |    9|          2|    1|          2|
    |buf1_13_we1                               |    9|          2|    1|          2|
    |buf1_14_ce0                               |    9|          2|    1|          2|
    |buf1_14_ce1                               |    9|          2|    1|          2|
    |buf1_14_we1                               |    9|          2|    1|          2|
    |buf1_15_ce0                               |    9|          2|    1|          2|
    |buf1_15_ce1                               |    9|          2|    1|          2|
    |buf1_15_we1                               |    9|          2|    1|          2|
    |buf1_1_ce0                                |    9|          2|    1|          2|
    |buf1_1_ce1                                |    9|          2|    1|          2|
    |buf1_1_we1                                |    9|          2|    1|          2|
    |buf1_2_ce0                                |    9|          2|    1|          2|
    |buf1_2_ce1                                |    9|          2|    1|          2|
    |buf1_2_we1                                |    9|          2|    1|          2|
    |buf1_3_ce0                                |    9|          2|    1|          2|
    |buf1_3_ce1                                |    9|          2|    1|          2|
    |buf1_3_we1                                |    9|          2|    1|          2|
    |buf1_4_ce0                                |    9|          2|    1|          2|
    |buf1_4_ce1                                |    9|          2|    1|          2|
    |buf1_4_we1                                |    9|          2|    1|          2|
    |buf1_5_ce0                                |    9|          2|    1|          2|
    |buf1_5_ce1                                |    9|          2|    1|          2|
    |buf1_5_we1                                |    9|          2|    1|          2|
    |buf1_6_ce0                                |    9|          2|    1|          2|
    |buf1_6_ce1                                |    9|          2|    1|          2|
    |buf1_6_we1                                |    9|          2|    1|          2|
    |buf1_7_ce0                                |    9|          2|    1|          2|
    |buf1_7_ce1                                |    9|          2|    1|          2|
    |buf1_7_we1                                |    9|          2|    1|          2|
    |buf1_8_ce0                                |    9|          2|    1|          2|
    |buf1_8_ce1                                |    9|          2|    1|          2|
    |buf1_8_we1                                |    9|          2|    1|          2|
    |buf1_9_ce0                                |    9|          2|    1|          2|
    |buf1_9_ce1                                |    9|          2|    1|          2|
    |buf1_9_we1                                |    9|          2|    1|          2|
    |buf1_ce0                                  |    9|          2|    1|          2|
    |buf1_ce1                                  |    9|          2|    1|          2|
    |buf1_we1                                  |    9|          2|    1|          2|
    |gmem0_0_ARADDR                            |   14|          3|   64|        192|
    |gmem0_0_ARLEN                             |   14|          3|   32|         96|
    |gmem0_0_ARVALID                           |   14|          3|    1|          3|
    |gmem0_0_RREADY                            |    9|          2|    1|          2|
    |gmem0_blk_n_AR                            |    9|          2|    1|          2|
    |gmem1_0_AWADDR                            |   14|          3|   64|        192|
    |gmem1_0_AWLEN                             |   14|          3|   32|         96|
    |gmem1_0_AWVALID                           |   14|          3|    1|          3|
    |gmem1_0_BREADY                            |   14|          3|    1|          3|
    |gmem1_0_WVALID                            |    9|          2|    1|          2|
    |gmem1_blk_n_AW                            |    9|          2|    1|          2|
    |gmem1_blk_n_B                             |    9|          2|    1|          2|
    |grp_compute_stencil_fu_294_in_grid_0_q0   |   14|          3|   24|         72|
    |grp_compute_stencil_fu_294_in_grid_10_q0  |   14|          3|   24|         72|
    |grp_compute_stencil_fu_294_in_grid_11_q0  |   14|          3|   24|         72|
    |grp_compute_stencil_fu_294_in_grid_12_q0  |   14|          3|   24|         72|
    |grp_compute_stencil_fu_294_in_grid_13_q0  |   14|          3|   24|         72|
    |grp_compute_stencil_fu_294_in_grid_14_q0  |   14|          3|   24|         72|
    |grp_compute_stencil_fu_294_in_grid_15_q0  |   14|          3|   24|         72|
    |grp_compute_stencil_fu_294_in_grid_1_q0   |   14|          3|   24|         72|
    |grp_compute_stencil_fu_294_in_grid_2_q0   |   14|          3|   24|         72|
    |grp_compute_stencil_fu_294_in_grid_3_q0   |   14|          3|   24|         72|
    |grp_compute_stencil_fu_294_in_grid_4_q0   |   14|          3|   24|         72|
    |grp_compute_stencil_fu_294_in_grid_5_q0   |   14|          3|   24|         72|
    |grp_compute_stencil_fu_294_in_grid_6_q0   |   14|          3|   24|         72|
    |grp_compute_stencil_fu_294_in_grid_7_q0   |   14|          3|   24|         72|
    |grp_compute_stencil_fu_294_in_grid_8_q0   |   14|          3|   24|         72|
    |grp_compute_stencil_fu_294_in_grid_9_q0   |   14|          3|   24|         72|
    |t_fu_108                                  |    9|          2|    5|         10|
    +------------------------------------------+-----+-----------+-----+-----------+
    |Total                                     | 2265|        487| 1454|       4323|
    +------------------------------------------+-----+-----------+-----+-----------+

    * Register: 
    +--------------------------------------------------------+----+----+-----+-----------+
    |                          Name                          | FF | LUT| Bits| Const Bits|
    +--------------------------------------------------------+----+----+-----+-----------+
    |A_out_read_reg_427                                      |  64|   0|   64|          0|
    |ap_CS_fsm                                               |  21|   0|   21|          0|
    |grp_compute_stencil_fu_294_ap_start_reg                 |   1|   0|    1|          0|
    |grp_top_kernel_Pipeline_Load_Loop_fu_271_ap_start_reg   |   1|   0|    1|          0|
    |grp_top_kernel_Pipeline_Store_Loop_fu_330_ap_start_reg  |   1|   0|    1|          0|
    |t_2_reg_446                                             |   5|   0|    5|          0|
    |t_fu_108                                                |   5|   0|    5|          0|
    |trunc_ln133_reg_451                                     |   1|   0|    1|          0|
    |trunc_ln1_reg_432                                       |  58|   0|   58|          0|
    |trunc_ln2_reg_455                                       |  58|   0|   58|          0|
    +--------------------------------------------------------+----+----+-----+-----------+
    |Total                                                   | 215|   0|  215|          0|
    +--------------------------------------------------------+----+----+-----+-----------+



================================================================
== Interface
================================================================
* Summary: 
+-----------------------+-----+-----+------------+--------------+--------------+
|       RTL Ports       | Dir | Bits|  Protocol  | Source Object|    C Type    |
+-----------------------+-----+-----+------------+--------------+--------------+
|s_axi_control_AWVALID  |   in|    1|       s_axi|       control|        scalar|
|s_axi_control_AWREADY  |  out|    1|       s_axi|       control|        scalar|
|s_axi_control_AWADDR   |   in|    6|       s_axi|       control|        scalar|
|s_axi_control_WVALID   |   in|    1|       s_axi|       control|        scalar|
|s_axi_control_WREADY   |  out|    1|       s_axi|       control|        scalar|
|s_axi_control_WDATA    |   in|   32|       s_axi|       control|        scalar|
|s_axi_control_WSTRB    |   in|    4|       s_axi|       control|        scalar|
|s_axi_control_ARVALID  |   in|    1|       s_axi|       control|        scalar|
|s_axi_control_ARREADY  |  out|    1|       s_axi|       control|        scalar|
|s_axi_control_ARADDR   |   in|    6|       s_axi|       control|        scalar|
|s_axi_control_RVALID   |  out|    1|       s_axi|       control|        scalar|
|s_axi_control_RREADY   |   in|    1|       s_axi|       control|        scalar|
|s_axi_control_RDATA    |  out|   32|       s_axi|       control|        scalar|
|s_axi_control_RRESP    |  out|    2|       s_axi|       control|        scalar|
|s_axi_control_BVALID   |  out|    1|       s_axi|       control|        scalar|
|s_axi_control_BREADY   |   in|    1|       s_axi|       control|        scalar|
|s_axi_control_BRESP    |  out|    2|       s_axi|       control|        scalar|
|ap_clk                 |   in|    1|  ap_ctrl_hs|    top_kernel|  return value|
|ap_rst_n               |   in|    1|  ap_ctrl_hs|    top_kernel|  return value|
|interrupt              |  out|    1|  ap_ctrl_hs|    top_kernel|  return value|
|m_axi_gmem0_AWVALID    |  out|    1|       m_axi|         gmem0|       pointer|
|m_axi_gmem0_AWREADY    |   in|    1|       m_axi|         gmem0|       pointer|
|m_axi_gmem0_AWADDR     |  out|   64|       m_axi|         gmem0|       pointer|
|m_axi_gmem0_AWID       |  out|    1|       m_axi|         gmem0|       pointer|
|m_axi_gmem0_AWLEN      |  out|    8|       m_axi|         gmem0|       pointer|
|m_axi_gmem0_AWSIZE     |  out|    3|       m_axi|         gmem0|       pointer|
|m_axi_gmem0_AWBURST    |  out|    2|       m_axi|         gmem0|       pointer|
|m_axi_gmem0_AWLOCK     |  out|    2|       m_axi|         gmem0|       pointer|
|m_axi_gmem0_AWCACHE    |  out|    4|       m_axi|         gmem0|       pointer|
|m_axi_gmem0_AWPROT     |  out|    3|       m_axi|         gmem0|       pointer|
|m_axi_gmem0_AWQOS      |  out|    4|       m_axi|         gmem0|       pointer|
|m_axi_gmem0_AWREGION   |  out|    4|       m_axi|         gmem0|       pointer|
|m_axi_gmem0_AWUSER     |  out|    1|       m_axi|         gmem0|       pointer|
|m_axi_gmem0_WVALID     |  out|    1|       m_axi|         gmem0|       pointer|
|m_axi_gmem0_WREADY     |   in|    1|       m_axi|         gmem0|       pointer|
|m_axi_gmem0_WDATA      |  out|  512|       m_axi|         gmem0|       pointer|
|m_axi_gmem0_WSTRB      |  out|   64|       m_axi|         gmem0|       pointer|
|m_axi_gmem0_WLAST      |  out|    1|       m_axi|         gmem0|       pointer|
|m_axi_gmem0_WID        |  out|    1|       m_axi|         gmem0|       pointer|
|m_axi_gmem0_WUSER      |  out|    1|       m_axi|         gmem0|       pointer|
|m_axi_gmem0_ARVALID    |  out|    1|       m_axi|         gmem0|       pointer|
|m_axi_gmem0_ARREADY    |   in|    1|       m_axi|         gmem0|       pointer|
|m_axi_gmem0_ARADDR     |  out|   64|       m_axi|         gmem0|       pointer|
|m_axi_gmem0_ARID       |  out|    1|       m_axi|         gmem0|       pointer|
|m_axi_gmem0_ARLEN      |  out|    8|       m_axi|         gmem0|       pointer|
|m_axi_gmem0_ARSIZE     |  out|    3|       m_axi|         gmem0|       pointer|
|m_axi_gmem0_ARBURST    |  out|    2|       m_axi|         gmem0|       pointer|
|m_axi_gmem0_ARLOCK     |  out|    2|       m_axi|         gmem0|       pointer|
|m_axi_gmem0_ARCACHE    |  out|    4|       m_axi|         gmem0|       pointer|
|m_axi_gmem0_ARPROT     |  out|    3|       m_axi|         gmem0|       pointer|
|m_axi_gmem0_ARQOS      |  out|    4|       m_axi|         gmem0|       pointer|
|m_axi_gmem0_ARREGION   |  out|    4|       m_axi|         gmem0|       pointer|
|m_axi_gmem0_ARUSER     |  out|    1|       m_axi|         gmem0|       pointer|
|m_axi_gmem0_RVALID     |   in|    1|       m_axi|         gmem0|       pointer|
|m_axi_gmem0_RREADY     |  out|    1|       m_axi|         gmem0|       pointer|
|m_axi_gmem0_RDATA      |   in|  512|       m_axi|         gmem0|       pointer|
|m_axi_gmem0_RLAST      |   in|    1|       m_axi|         gmem0|       pointer|
|m_axi_gmem0_RID        |   in|    1|       m_axi|         gmem0|       pointer|
|m_axi_gmem0_RUSER      |   in|    1|       m_axi|         gmem0|       pointer|
|m_axi_gmem0_RRESP      |   in|    2|       m_axi|         gmem0|       pointer|
|m_axi_gmem0_BVALID     |   in|    1|       m_axi|         gmem0|       pointer|
|m_axi_gmem0_BREADY     |  out|    1|       m_axi|         gmem0|       pointer|
|m_axi_gmem0_BRESP      |   in|    2|       m_axi|         gmem0|       pointer|
|m_axi_gmem0_BID        |   in|    1|       m_axi|         gmem0|       pointer|
|m_axi_gmem0_BUSER      |   in|    1|       m_axi|         gmem0|       pointer|
|m_axi_gmem1_AWVALID    |  out|    1|       m_axi|         gmem1|       pointer|
|m_axi_gmem1_AWREADY    |   in|    1|       m_axi|         gmem1|       pointer|
|m_axi_gmem1_AWADDR     |  out|   64|       m_axi|         gmem1|       pointer|
|m_axi_gmem1_AWID       |  out|    1|       m_axi|         gmem1|       pointer|
|m_axi_gmem1_AWLEN      |  out|    8|       m_axi|         gmem1|       pointer|
|m_axi_gmem1_AWSIZE     |  out|    3|       m_axi|         gmem1|       pointer|
|m_axi_gmem1_AWBURST    |  out|    2|       m_axi|         gmem1|       pointer|
|m_axi_gmem1_AWLOCK     |  out|    2|       m_axi|         gmem1|       pointer|
|m_axi_gmem1_AWCACHE    |  out|    4|       m_axi|         gmem1|       pointer|
|m_axi_gmem1_AWPROT     |  out|    3|       m_axi|         gmem1|       pointer|
|m_axi_gmem1_AWQOS      |  out|    4|       m_axi|         gmem1|       pointer|
|m_axi_gmem1_AWREGION   |  out|    4|       m_axi|         gmem1|       pointer|
|m_axi_gmem1_AWUSER     |  out|    1|       m_axi|         gmem1|       pointer|
|m_axi_gmem1_WVALID     |  out|    1|       m_axi|         gmem1|       pointer|
|m_axi_gmem1_WREADY     |   in|    1|       m_axi|         gmem1|       pointer|
|m_axi_gmem1_WDATA      |  out|  512|       m_axi|         gmem1|       pointer|
|m_axi_gmem1_WSTRB      |  out|   64|       m_axi|         gmem1|       pointer|
|m_axi_gmem1_WLAST      |  out|    1|       m_axi|         gmem1|       pointer|
|m_axi_gmem1_WID        |  out|    1|       m_axi|         gmem1|       pointer|
|m_axi_gmem1_WUSER      |  out|    1|       m_axi|         gmem1|       pointer|
|m_axi_gmem1_ARVALID    |  out|    1|       m_axi|         gmem1|       pointer|
|m_axi_gmem1_ARREADY    |   in|    1|       m_axi|         gmem1|       pointer|
|m_axi_gmem1_ARADDR     |  out|   64|       m_axi|         gmem1|       pointer|
|m_axi_gmem1_ARID       |  out|    1|       m_axi|         gmem1|       pointer|
|m_axi_gmem1_ARLEN      |  out|    8|       m_axi|         gmem1|       pointer|
|m_axi_gmem1_ARSIZE     |  out|    3|       m_axi|         gmem1|       pointer|
|m_axi_gmem1_ARBURST    |  out|    2|       m_axi|         gmem1|       pointer|
|m_axi_gmem1_ARLOCK     |  out|    2|       m_axi|         gmem1|       pointer|
|m_axi_gmem1_ARCACHE    |  out|    4|       m_axi|         gmem1|       pointer|
|m_axi_gmem1_ARPROT     |  out|    3|       m_axi|         gmem1|       pointer|
|m_axi_gmem1_ARQOS      |  out|    4|       m_axi|         gmem1|       pointer|
|m_axi_gmem1_ARREGION   |  out|    4|       m_axi|         gmem1|       pointer|
|m_axi_gmem1_ARUSER     |  out|    1|       m_axi|         gmem1|       pointer|
|m_axi_gmem1_RVALID     |   in|    1|       m_axi|         gmem1|       pointer|
|m_axi_gmem1_RREADY     |  out|    1|       m_axi|         gmem1|       pointer|
|m_axi_gmem1_RDATA      |   in|  512|       m_axi|         gmem1|       pointer|
|m_axi_gmem1_RLAST      |   in|    1|       m_axi|         gmem1|       pointer|
|m_axi_gmem1_RID        |   in|    1|       m_axi|         gmem1|       pointer|
|m_axi_gmem1_RUSER      |   in|    1|       m_axi|         gmem1|       pointer|
|m_axi_gmem1_RRESP      |   in|    2|       m_axi|         gmem1|       pointer|
|m_axi_gmem1_BVALID     |   in|    1|       m_axi|         gmem1|       pointer|
|m_axi_gmem1_BREADY     |  out|    1|       m_axi|         gmem1|       pointer|
|m_axi_gmem1_BRESP      |   in|    2|       m_axi|         gmem1|       pointer|
|m_axi_gmem1_BID        |   in|    1|       m_axi|         gmem1|       pointer|
|m_axi_gmem1_BUSER      |   in|    1|       m_axi|         gmem1|       pointer|
+-----------------------+-----+-----+------------+--------------+--------------+

