

Implementation tool: Xilinx Vivado v.2025.1.1
Project:             project_1
Solution:            hls
Device target:       xczu3eg-sbva484-1-e
Report date:         Fri Feb 20 16:31:19 EST 2026

#=== Post-Implementation Resource usage ===
SLICE:            0
LUT:          11597
FF:            6642
DSP:              0
BRAM:           321
URAM:             0
LATCH:            0
SRL:            106
CLB:           2098

#=== Final timing ===
CP required:                     10.000
CP achieved post-synthesis:      4.814
CP achieved post-implementation: 7.491
Timing met
