

================================================================
== Vitis HLS Report for 'top_kernel'
================================================================
* Date:           Fri Jan 23 16:40:52 2026

* Version:        2025.1.1 (Build 6214317 on Sep 11 2025)
* Project:        project_1
* Solution:       hls (Vivado IP Flow Target)
* Product family: zynquplus
* Target device:  xczu3eg-sbva484-1-e


================================================================
== Performance Estimates
================================================================
+ Timing: 
    * Summary: 
    +--------+----------+----------+------------+
    |  Clock |  Target  | Estimated| Uncertainty|
    +--------+----------+----------+------------+
    |ap_clk  |  10.00 ns|  7.277 ns|     2.70 ns|
    +--------+----------+----------+------------+

+ Latency: 
    * Summary: 
    +---------+---------+----------+----------+-------+-------+---------+
    |  Latency (cycles) |  Latency (absolute) |    Interval   | Pipeline|
    |   min   |   max   |    min   |    max   |  min  |  max  |   Type  |
    +---------+---------+----------+----------+-------+-------+---------+
    |    41794|    41794|  0.418 ms|  0.418 ms|  41795|  41795|       no|
    +---------+---------+----------+----------+-------+-------+---------+

    + Detail: 
        * Instance: 
        +---------------------------------------------+----------------------------------+---------+---------+----------+----------+-----+-----+------------------------------------------------+
        |                                             |                                  |  Latency (cycles) |  Latency (absolute) |  Interval |                    Pipeline                    |
        |                   Instance                  |              Module              |   min   |   max   |    min   |    max   | min | max |                      Type                      |
        +---------------------------------------------+----------------------------------+---------+---------+----------+----------+-----+-----+------------------------------------------------+
        |grp_top_kernel_Pipeline_RowSum_fu_126        |top_kernel_Pipeline_RowSum        |       34|       34|  0.340 us|  0.340 us|   33|   33|  loop auto-rewind stp (delay=0 clock cycles(s))|
        |grp_top_kernel_Pipeline_RowNormalize_fu_135  |top_kernel_Pipeline_RowNormalize  |       75|       75|  0.750 us|  0.750 us|   36|   36|  loop auto-rewind stp (delay=0 clock cycles(s))|
        |grp_top_kernel_Pipeline_ColSum_fu_155        |top_kernel_Pipeline_ColSum        |       66|       66|  0.660 us|  0.660 us|   65|   65|  loop auto-rewind stp (delay=0 clock cycles(s))|
        |grp_top_kernel_Pipeline_ColScale_fu_170      |top_kernel_Pipeline_ColScale      |      131|      131|  1.310 us|  1.310 us|  130|  130|  loop auto-rewind stp (delay=0 clock cycles(s))|
        +---------------------------------------------+----------------------------------+---------+---------+----------+----------+-----+-----+------------------------------------------------+

        * Loop: 
        +----------+---------+---------+----------+-----------+-----------+------+----------+
        |          |  Latency (cycles) | Iteration|  Initiation Interval  | Trip |          |
        | Loop Name|   min   |   max   |  Latency |  achieved |   target  | Count| Pipelined|
        +----------+---------+---------+----------+-----------+-----------+------+----------+
        |- Phase1  |    28928|    28928|       113|          -|          -|   256|        no|
        |- Phase2  |    12864|    12864|       201|          -|          -|    64|        no|
        +----------+---------+---------+----------+-----------+-----------+------+----------+



================================================================
== Utilization Estimates
================================================================
* Summary: 
+-----------------+---------+-----+--------+-------+-----+
|       Name      | BRAM_18K| DSP |   FF   |  LUT  | URAM|
+-----------------+---------+-----+--------+-------+-----+
|DSP              |        -|    -|       -|      -|    -|
|Expression       |        -|    -|       0|    234|    -|
|FIFO             |        -|    -|       -|      -|    -|
|Instance         |        -|    8|   26718|  24969|    -|
|Memory           |       24|    -|       0|      0|    0|
|Multiplexer      |        -|    -|       0|    520|    -|
|Register         |        -|    -|     106|      -|    -|
+-----------------+---------+-----+--------+-------+-----+
|Total            |       24|    8|   26824|  25723|    0|
+-----------------+---------+-----+--------+-------+-----+
|Available        |      432|  360|  141120|  70560|    0|
+-----------------+---------+-----+--------+-------+-----+
|Utilization (%)  |        5|    2|      19|     36|    0|
+-----------------+---------+-----+--------+-------+-----+

+ Detail: 
    * Instance: 
    +---------------------------------------------+----------------------------------+---------+----+-------+-------+-----+
    |                   Instance                  |              Module              | BRAM_18K| DSP|   FF  |  LUT  | URAM|
    +---------------------------------------------+----------------------------------+---------+----+-------+-------+-----+
    |grp_top_kernel_Pipeline_ColScale_fu_170      |top_kernel_Pipeline_ColScale      |        0|   8|    424|   1634|    0|
    |grp_top_kernel_Pipeline_ColSum_fu_155        |top_kernel_Pipeline_ColSum        |        0|   0|    160|   1031|    0|
    |grp_top_kernel_Pipeline_RowNormalize_fu_135  |top_kernel_Pipeline_RowNormalize  |        0|   0|  25989|  21190|    0|
    |grp_top_kernel_Pipeline_RowSum_fu_126        |top_kernel_Pipeline_RowSum        |        0|   0|    145|   1114|    0|
    +---------------------------------------------+----------------------------------+---------+----+-------+-------+-----+
    |Total                                        |                                  |        0|   8|  26718|  24969|    0|
    +---------------------------------------------+----------------------------------+---------+----+-------+-------+-----+

    * DSP: 
    N/A

    * Memory: 
    +--------------------------------------------------------+--------------------------------------------------------------------+---------+---+----+-----+------+-----+------+-------------+
    |                         Memory                         |                               Module                               | BRAM_18K| FF| LUT| URAM| Words| Bits| Banks| W*Bits*Banks|
    +--------------------------------------------------------+--------------------------------------------------------------------+---------+---+----+-----+------+-----+------+-------------+
    |top_kernel_ap_fixed_64_ap_fixed_24_10_0_0_0_64_tmp_3_U  |top_kernel_ap_fixed_64_ap_fixed_24_10_0_0_0_64_tmp_3_RAM_AUTO_1R1W  |        6|  0|   0|    0|  4096|   24|     1|        98304|
    |top_kernel_ap_fixed_64_ap_fixed_24_10_0_0_0_64_tmp_2_U  |top_kernel_ap_fixed_64_ap_fixed_24_10_0_0_0_64_tmp_3_RAM_AUTO_1R1W  |        6|  0|   0|    0|  4096|   24|     1|        98304|
    |top_kernel_ap_fixed_64_ap_fixed_24_10_0_0_0_64_tmp_1_U  |top_kernel_ap_fixed_64_ap_fixed_24_10_0_0_0_64_tmp_3_RAM_AUTO_1R1W  |        6|  0|   0|    0|  4096|   24|     1|        98304|
    |top_kernel_ap_fixed_64_ap_fixed_24_10_0_0_0_64_tmp_U    |top_kernel_ap_fixed_64_ap_fixed_24_10_0_0_0_64_tmp_3_RAM_AUTO_1R1W  |        6|  0|   0|    0|  4096|   24|     1|        98304|
    +--------------------------------------------------------+--------------------------------------------------------------------+---------+---+----+-----+------+-----+------+-------------+
    |Total                                                   |                                                                    |       24|  0|   0|    0| 16384|   96|     4|       393216|
    +--------------------------------------------------------+--------------------------------------------------------------------+---------+---+----+-----+------+-----+------+-------------+

    * FIFO: 
    N/A

    * Expression: 
    +-----------------------+----------+----+---+----+------------+------------+
    |     Variable Name     | Operation| DSP| FF| LUT| Bitwidth P0| Bitwidth P1|
    +-----------------------+----------+----+---+----+------------+------------+
    |add_ln12_fu_201_p2     |         +|   0|  0|  16|           9|           1|
    |add_ln25_fu_260_p2     |         +|   0|  0|  32|          25|          15|
    |add_ln38_fu_330_p2     |         +|   0|  0|  14|           7|           1|
    |sub_ln51_1_fu_386_p2   |         -|   0|  0|  24|           1|          17|
    |sub_ln51_fu_366_p2     |         -|   0|  0|  45|           1|          38|
    |and_ln25_fu_292_p2     |       and|   0|  0|   2|           1|           1|
    |icmp_ln12_fu_195_p2    |      icmp|   0|  0|  17|           9|          10|
    |icmp_ln38_fu_324_p2    |      icmp|   0|  0|  15|           7|           8|
    |denom_1_fu_312_p3      |    select|   0|  0|  24|           1|          24|
    |scale_fu_406_p3        |    select|   0|  0|  17|           1|          17|
    |select_ln25_fu_304_p3  |    select|   0|  0|  24|           1|          23|
    |xor_ln25_1_fu_298_p2   |       xor|   0|  0|   2|           1|           1|
    |xor_ln25_fu_286_p2     |       xor|   0|  0|   2|           1|           2|
    +-----------------------+----------+----+---+----+------------+------------+
    |Total                  |          |   0|  0| 234|          65|         158|
    +-----------------------+----------+----+---+----+------------+------------+

    * Multiplexer: 
    +---------------------------------------------------------------+----+-----------+-----+-----------+
    |                              Name                             | LUT| Input Size| Bits| Total Bits|
    +---------------------------------------------------------------+----+-----------+-----+-----------+
    |A_address0                                                     |  14|          3|   14|         42|
    |A_address1                                                     |  14|          3|   14|         42|
    |A_ce0                                                          |  14|          3|    1|          3|
    |A_ce1                                                          |  14|          3|    1|          3|
    |ap_NS_fsm                                                      |  54|         10|    1|         10|
    |i_fu_110                                                       |   9|          2|    9|         18|
    |j_fu_122                                                       |   9|          2|    7|         14|
    |top_kernel_ap_fixed_64_ap_fixed_24_10_0_0_0_64_tmp_1_address0  |  20|          4|   12|         48|
    |top_kernel_ap_fixed_64_ap_fixed_24_10_0_0_0_64_tmp_1_address1  |  20|          4|   12|         48|
    |top_kernel_ap_fixed_64_ap_fixed_24_10_0_0_0_64_tmp_1_ce0       |  20|          4|    1|          4|
    |top_kernel_ap_fixed_64_ap_fixed_24_10_0_0_0_64_tmp_1_ce1       |  20|          4|    1|          4|
    |top_kernel_ap_fixed_64_ap_fixed_24_10_0_0_0_64_tmp_1_we0       |   9|          2|    1|          2|
    |top_kernel_ap_fixed_64_ap_fixed_24_10_0_0_0_64_tmp_1_we1       |   9|          2|    1|          2|
    |top_kernel_ap_fixed_64_ap_fixed_24_10_0_0_0_64_tmp_2_address0  |  20|          4|   12|         48|
    |top_kernel_ap_fixed_64_ap_fixed_24_10_0_0_0_64_tmp_2_address1  |  20|          4|   12|         48|
    |top_kernel_ap_fixed_64_ap_fixed_24_10_0_0_0_64_tmp_2_ce0       |  20|          4|    1|          4|
    |top_kernel_ap_fixed_64_ap_fixed_24_10_0_0_0_64_tmp_2_ce1       |  20|          4|    1|          4|
    |top_kernel_ap_fixed_64_ap_fixed_24_10_0_0_0_64_tmp_2_we0       |   9|          2|    1|          2|
    |top_kernel_ap_fixed_64_ap_fixed_24_10_0_0_0_64_tmp_2_we1       |   9|          2|    1|          2|
    |top_kernel_ap_fixed_64_ap_fixed_24_10_0_0_0_64_tmp_3_address0  |  20|          4|   12|         48|
    |top_kernel_ap_fixed_64_ap_fixed_24_10_0_0_0_64_tmp_3_address1  |  20|          4|   12|         48|
    |top_kernel_ap_fixed_64_ap_fixed_24_10_0_0_0_64_tmp_3_ce0       |  20|          4|    1|          4|
    |top_kernel_ap_fixed_64_ap_fixed_24_10_0_0_0_64_tmp_3_ce1       |  20|          4|    1|          4|
    |top_kernel_ap_fixed_64_ap_fixed_24_10_0_0_0_64_tmp_3_we0       |   9|          2|    1|          2|
    |top_kernel_ap_fixed_64_ap_fixed_24_10_0_0_0_64_tmp_3_we1       |   9|          2|    1|          2|
    |top_kernel_ap_fixed_64_ap_fixed_24_10_0_0_0_64_tmp_address0    |  20|          4|   12|         48|
    |top_kernel_ap_fixed_64_ap_fixed_24_10_0_0_0_64_tmp_address1    |  20|          4|   12|         48|
    |top_kernel_ap_fixed_64_ap_fixed_24_10_0_0_0_64_tmp_ce0         |  20|          4|    1|          4|
    |top_kernel_ap_fixed_64_ap_fixed_24_10_0_0_0_64_tmp_ce1         |  20|          4|    1|          4|
    |top_kernel_ap_fixed_64_ap_fixed_24_10_0_0_0_64_tmp_we0         |   9|          2|    1|          2|
    |top_kernel_ap_fixed_64_ap_fixed_24_10_0_0_0_64_tmp_we1         |   9|          2|    1|          2|
    +---------------------------------------------------------------+----+-----------+-----+-----------+
    |Total                                                          | 520|        106|  159|        564|
    +---------------------------------------------------------------+----+-----------+-----+-----------+

    * Register: 
    +----------------------------------------------------------+----+----+-----+-----------+
    |                           Name                           | FF | LUT| Bits| Const Bits|
    +----------------------------------------------------------+----+----+-----+-----------+
    |ap_CS_fsm                                                 |   9|   0|    9|          0|
    |denom_1_reg_472                                           |  24|   0|   24|          0|
    |grp_top_kernel_Pipeline_ColScale_fu_170_ap_start_reg      |   1|   0|    1|          0|
    |grp_top_kernel_Pipeline_ColSum_fu_155_ap_start_reg        |   1|   0|    1|          0|
    |grp_top_kernel_Pipeline_RowNormalize_fu_135_ap_start_reg  |   1|   0|    1|          0|
    |grp_top_kernel_Pipeline_RowSum_fu_126_ap_start_reg        |   1|   0|    1|          0|
    |i_fu_110                                                  |   9|   0|    9|          0|
    |j_fu_122                                                  |   7|   0|    7|          0|
    |lshr_ln_reg_454                                           |   6|   0|    6|          0|
    |scale_reg_488                                             |  17|   0|   17|          0|
    |tmp_33_reg_443                                            |   8|   0|   14|          6|
    |tmp_s_reg_467                                             |   6|   0|   12|          6|
    |trunc_ln12_1_reg_449                                      |   2|   0|    2|          0|
    |trunc_ln12_reg_437                                        |   8|   0|    8|          0|
    |trunc_ln38_reg_480                                        |   6|   0|    6|          0|
    +----------------------------------------------------------+----+----+-----+-----------+
    |Total                                                     | 106|   0|  118|         12|
    +----------------------------------------------------------+----+----+-----+-----------+



================================================================
== Interface
================================================================
* Summary: 
+------------+-----+-----+------------+--------------+--------------+
|  RTL Ports | Dir | Bits|  Protocol  | Source Object|    C Type    |
+------------+-----+-----+------------+--------------+--------------+
|ap_clk      |   in|    1|  ap_ctrl_hs|    top_kernel|  return value|
|ap_rst      |   in|    1|  ap_ctrl_hs|    top_kernel|  return value|
|ap_start    |   in|    1|  ap_ctrl_hs|    top_kernel|  return value|
|ap_done     |  out|    1|  ap_ctrl_hs|    top_kernel|  return value|
|ap_idle     |  out|    1|  ap_ctrl_hs|    top_kernel|  return value|
|ap_ready    |  out|    1|  ap_ctrl_hs|    top_kernel|  return value|
|A_address0  |  out|   14|   ap_memory|             A|         array|
|A_ce0       |  out|    1|   ap_memory|             A|         array|
|A_q0        |   in|   24|   ap_memory|             A|         array|
|A_address1  |  out|   14|   ap_memory|             A|         array|
|A_ce1       |  out|    1|   ap_memory|             A|         array|
|A_q1        |   in|   24|   ap_memory|             A|         array|
|C_address0  |  out|   14|   ap_memory|             C|         array|
|C_ce0       |  out|    1|   ap_memory|             C|         array|
|C_we0       |  out|    1|   ap_memory|             C|         array|
|C_d0        |  out|   24|   ap_memory|             C|         array|
|C_address1  |  out|   14|   ap_memory|             C|         array|
|C_ce1       |  out|    1|   ap_memory|             C|         array|
|C_we1       |  out|    1|   ap_memory|             C|         array|
|C_d1        |  out|   24|   ap_memory|             C|         array|
+------------+-----+-----+------------+--------------+--------------+

