

Implementation tool: Xilinx Vivado v.2025.1.1
Project:             project_1
Solution:            hls
Device target:       xczu3eg-sbva484-1-e
Report date:         Fri Jan 23 16:51:43 EST 2026

#=== Post-Implementation Resource usage ===
SLICE:            0
LUT:           5582
FF:            4454
DSP:              8
BRAM:            24
URAM:             0
LATCH:            0
SRL:            138
CLB:           1013

#=== Final timing ===
CP required:                     10.000
CP achieved post-synthesis:      5.083
CP achieved post-implementation: 6.044
Timing met
