

Implementation tool: Xilinx Vivado v.2025.1.1
Project:             project_1
Solution:            hls
Device target:       xczu3eg-sbva484-1-e
Report date:         Fri Feb 20 15:46:49 EST 2026

#=== Post-Implementation Resource usage ===
SLICE:            0
LUT:          11431
FF:            6371
DSP:              0
BRAM:           201
URAM:             0
LATCH:            0
SRL:            109
CLB:           2118

#=== Final timing ===
CP required:                     10.000
CP achieved post-synthesis:      4.863
CP achieved post-implementation: 7.566
Timing met
