

Implementation tool: Xilinx Vivado v.2025.1.1
Project:             project_1
Solution:            hls
Device target:       xczu3eg-sbva484-1-e
Report date:         Tue Mar 10 13:45:08 EDT 2026

#=== Post-Implementation Resource usage ===
SLICE:            0
LUT:          25887
FF:           23107
DSP:            192
BRAM:            58
URAM:             0
LATCH:            0
SRL:           1895
CLB:           6611

#=== Final timing ===
CP required:                     10.000
CP achieved post-synthesis:      3.808
CP achieved post-implementation: 8.190
Timing met
