

================================================================
== Vitis HLS Report for 'top_kernel'
================================================================
* Date:           Mon Feb 16 13:08:04 2026

* Version:        2025.1.1 (Build 6214317 on Sep 11 2025)
* Project:        project_1
* Solution:       hls (Vivado IP Flow Target)
* Product family: zynquplus
* Target device:  xczu3eg-sbva484-1-e


================================================================
== Performance Estimates
================================================================
+ Timing: 
    * Summary: 
    +--------+----------+----------+------------+
    |  Clock |  Target  | Estimated| Uncertainty|
    +--------+----------+----------+------------+
    |ap_clk  |  10.00 ns|  7.300 ns|     2.70 ns|
    +--------+----------+----------+------------+

+ Latency: 
    * Summary: 
    +---------+---------+-----------+-----------+---------+---------+---------+
    |  Latency (cycles) |   Latency (absolute)  |      Interval     | Pipeline|
    |   min   |   max   |    min    |    max    |   min   |   max   |   Type  |
    +---------+---------+-----------+-----------+---------+---------+---------+
    |  2158917|  2158917|  21.589 ms|  21.589 ms|  2158918|  2158918|       no|
    +---------+---------+-----------+-----------+---------+---------+---------+

    + Detail: 
        * Instance: 
        +------------------------------------------------------------+-------------------------------------------------+---------+---------+----------+----------+-------+-------+------------------------------------------------+
        |                                                            |                                                 |  Latency (cycles) |  Latency (absolute) |    Interval   |                    Pipeline                    |
        |                          Instance                          |                      Module                     |   min   |   max   |    min   |    max   |  min  |  max  |                      Type                      |
        +------------------------------------------------------------+-------------------------------------------------+---------+---------+----------+----------+-------+-------+------------------------------------------------+
        |grp_top_kernel_Pipeline_Load_Loop_VITIS_LOOP_117_1_fu_149   |top_kernel_Pipeline_Load_Loop_VITIS_LOOP_117_1   |    65539|    65539|  0.655 ms|  0.655 ms|  65537|  65537|  loop auto-rewind stp (delay=0 clock cycles(s))|
        |grp_compute_stencil_fu_157                                  |compute_stencil                                  |    67592|    67592|  0.676 ms|  0.676 ms|  67592|  67592|                                              no|
        |grp_top_kernel_Pipeline_Store_Loop_VITIS_LOOP_142_2_fu_163  |top_kernel_Pipeline_Store_Loop_VITIS_LOOP_142_2  |    65539|    65539|  0.655 ms|  0.655 ms|  65537|  65537|  loop auto-rewind stp (delay=0 clock cycles(s))|
        +------------------------------------------------------------+-------------------------------------------------+---------+---------+----------+----------+-------+-------+------------------------------------------------+

        * Loop: 
        +-------------+---------+---------+----------+-----------+-----------+------+----------+
        |             |  Latency (cycles) | Iteration|  Initiation Interval  | Trip |          |
        |  Loop Name  |   min   |   max   |  Latency |  achieved |   target  | Count| Pipelined|
        +-------------+---------+---------+----------+-----------+-----------+------+----------+
        |- Time_Loop  |  2027820|  2027820|     67594|          -|          -|    30|        no|
        +-------------+---------+---------+----------+-----------+-----------+------+----------+



================================================================
== Utilization Estimates
================================================================
* Summary: 
+-----------------+---------+-----+--------+-------+-----+
|       Name      | BRAM_18K| DSP |   FF   |  LUT  | URAM|
+-----------------+---------+-----+--------+-------+-----+
|DSP              |        -|    -|       -|      -|    -|
|Expression       |        -|    -|       0|     26|    -|
|FIFO             |        -|    -|       -|      -|    -|
|Instance         |        4|    -|    2102|   3460|    0|
|Memory           |      176|    -|       0|      0|    -|
|Multiplexer      |        -|    -|       0|    390|    -|
|Register         |        -|    -|     223|      -|    -|
+-----------------+---------+-----+--------+-------+-----+
|Total            |      180|    0|    2325|   3876|    0|
+-----------------+---------+-----+--------+-------+-----+
|Available        |      432|  360|  141120|  70560|    0|
+-----------------+---------+-----+--------+-------+-----+
|Utilization (%)  |       41|    0|       1|      5|    0|
+-----------------+---------+-----+--------+-------+-----+

+ Detail: 
    * Instance: 
    +------------------------------------------------------------+-------------------------------------------------+---------+----+-----+------+-----+
    |                          Instance                          |                      Module                     | BRAM_18K| DSP|  FF |  LUT | URAM|
    +------------------------------------------------------------+-------------------------------------------------+---------+----+-----+------+-----+
    |grp_compute_stencil_fu_157                                  |compute_stencil                                  |        2|   0|  514|  1453|    0|
    |control_s_axi_U                                             |control_s_axi                                    |        0|   0|  176|   296|    0|
    |gmem0_m_axi_U                                               |gmem0_m_axi                                      |        2|   0|  671|   637|    0|
    |gmem1_m_axi_U                                               |gmem1_m_axi                                      |        0|   0|  611|   666|    0|
    |grp_top_kernel_Pipeline_Load_Loop_VITIS_LOOP_117_1_fu_149   |top_kernel_Pipeline_Load_Loop_VITIS_LOOP_117_1   |        0|   0|   65|   204|    0|
    |grp_top_kernel_Pipeline_Store_Loop_VITIS_LOOP_142_2_fu_163  |top_kernel_Pipeline_Store_Loop_VITIS_LOOP_142_2  |        0|   0|   65|   204|    0|
    +------------------------------------------------------------+-------------------------------------------------+---------+----+-----+------+-----+
    |Total                                                       |                                                 |        4|   0| 2102|  3460|    0|
    +------------------------------------------------------------+-------------------------------------------------+---------+----+-----+------+-----+

    * DSP: 
    N/A

    * Memory: 
    +--------+-----------------------+---------+---+----+-----+-------+-----+------+-------------+
    | Memory |         Module        | BRAM_18K| FF| LUT| URAM| Words | Bits| Banks| W*Bits*Banks|
    +--------+-----------------------+---------+---+----+-----+-------+-----+------+-------------+
    |buf0_U  |buf0_RAM_2P_BRAM_1R1W  |       88|  0|   0|    0|  65536|   24|     1|      1572864|
    |buf1_U  |buf0_RAM_2P_BRAM_1R1W  |       88|  0|   0|    0|  65536|   24|     1|      1572864|
    +--------+-----------------------+---------+---+----+-----+-------+-----+------+-------------+
    |Total   |                       |      176|  0|   0|    0| 131072|   48|     2|      3145728|
    +--------+-----------------------+---------+---+----+-----+-------+-----+------+-------------+

    * FIFO: 
    N/A

    * Expression: 
    +----------------------------------+----------+----+---+----+------------+------------+
    |           Variable Name          | Operation| DSP| FF| LUT| Bitwidth P0| Bitwidth P1|
    +----------------------------------+----------+----+---+----+------------+------------+
    |t_2_fu_205_p2                     |         +|   0|  0|  12|           5|           1|
    |icmp_ln125_fu_199_p2              |      icmp|   0|  0|  12|           5|           3|
    |ap_block_state13_on_subcall_done  |        or|   0|  0|   2|           1|           1|
    +----------------------------------+----------+----+---+----+------------+------------+
    |Total                             |          |   0|  0|  26|          11|           5|
    +----------------------------------+----------+----+---+----+------------+------------+

    * Multiplexer: 
    +---------------------------------------+-----+-----------+-----+-----------+
    |                  Name                 | LUT | Input Size| Bits| Total Bits|
    +---------------------------------------+-----+-----------+-----+-----------+
    |ap_NS_fsm                              |  113|         22|    1|         22|
    |buf0_address0                          |   14|          3|   16|         48|
    |buf0_address1                          |   14|          3|   16|         48|
    |buf0_ce0                               |   14|          3|    1|          3|
    |buf0_ce1                               |   14|          3|    1|          3|
    |buf0_d1                                |   14|          3|   24|         72|
    |buf0_we1                               |   14|          3|    1|          3|
    |buf1_ce0                               |    9|          2|    1|          2|
    |buf1_ce1                               |    9|          2|    1|          2|
    |buf1_we1                               |    9|          2|    1|          2|
    |gmem0_0_ARADDR                         |   14|          3|   64|        192|
    |gmem0_0_ARLEN                          |   14|          3|   32|         96|
    |gmem0_0_ARVALID                        |   14|          3|    1|          3|
    |gmem0_0_RREADY                         |    9|          2|    1|          2|
    |gmem0_blk_n_AR                         |    9|          2|    1|          2|
    |gmem1_0_AWADDR                         |   14|          3|   64|        192|
    |gmem1_0_AWLEN                          |   14|          3|   32|         96|
    |gmem1_0_AWVALID                        |   14|          3|    1|          3|
    |gmem1_0_BREADY                         |   14|          3|    1|          3|
    |gmem1_0_WVALID                         |    9|          2|    1|          2|
    |gmem1_blk_n_AW                         |    9|          2|    1|          2|
    |gmem1_blk_n_B                          |    9|          2|    1|          2|
    |grp_compute_stencil_fu_157_in_grid_q0  |   14|          3|   24|         72|
    |t_fu_106                               |    9|          2|    5|         10|
    +---------------------------------------+-----+-----------+-----+-----------+
    |Total                                  |  390|         82|  292|        882|
    +---------------------------------------+-----+-----------+-----+-----------+

    * Register: 
    +-------------------------------------------------------------------------+----+----+-----+-----------+
    |                                   Name                                  | FF | LUT| Bits| Const Bits|
    +-------------------------------------------------------------------------+----+----+-----+-----------+
    |A_out_read_reg_245                                                       |  64|   0|   64|          0|
    |ap_CS_fsm                                                                |  21|   0|   21|          0|
    |grp_compute_stencil_fu_157_ap_start_reg                                  |   1|   0|    1|          0|
    |grp_top_kernel_Pipeline_Load_Loop_VITIS_LOOP_117_1_fu_149_ap_start_reg   |   1|   0|    1|          0|
    |grp_top_kernel_Pipeline_Store_Loop_VITIS_LOOP_142_2_fu_163_ap_start_reg  |   1|   0|    1|          0|
    |t_2_reg_264                                                              |   5|   0|    5|          0|
    |t_fu_106                                                                 |   5|   0|    5|          0|
    |trunc_ln125_reg_269                                                      |   1|   0|    1|          0|
    |trunc_ln2_reg_273                                                        |  62|   0|   62|          0|
    |trunc_ln_reg_250                                                         |  62|   0|   62|          0|
    +-------------------------------------------------------------------------+----+----+-----+-----------+
    |Total                                                                    | 223|   0|  223|          0|
    +-------------------------------------------------------------------------+----+----+-----+-----------+



================================================================
== Interface
================================================================
* Summary: 
+-----------------------+-----+-----+------------+--------------+--------------+
|       RTL Ports       | Dir | Bits|  Protocol  | Source Object|    C Type    |
+-----------------------+-----+-----+------------+--------------+--------------+
|s_axi_control_AWVALID  |   in|    1|       s_axi|       control|        scalar|
|s_axi_control_AWREADY  |  out|    1|       s_axi|       control|        scalar|
|s_axi_control_AWADDR   |   in|    6|       s_axi|       control|        scalar|
|s_axi_control_WVALID   |   in|    1|       s_axi|       control|        scalar|
|s_axi_control_WREADY   |  out|    1|       s_axi|       control|        scalar|
|s_axi_control_WDATA    |   in|   32|       s_axi|       control|        scalar|
|s_axi_control_WSTRB    |   in|    4|       s_axi|       control|        scalar|
|s_axi_control_ARVALID  |   in|    1|       s_axi|       control|        scalar|
|s_axi_control_ARREADY  |  out|    1|       s_axi|       control|        scalar|
|s_axi_control_ARADDR   |   in|    6|       s_axi|       control|        scalar|
|s_axi_control_RVALID   |  out|    1|       s_axi|       control|        scalar|
|s_axi_control_RREADY   |   in|    1|       s_axi|       control|        scalar|
|s_axi_control_RDATA    |  out|   32|       s_axi|       control|        scalar|
|s_axi_control_RRESP    |  out|    2|       s_axi|       control|        scalar|
|s_axi_control_BVALID   |  out|    1|       s_axi|       control|        scalar|
|s_axi_control_BREADY   |   in|    1|       s_axi|       control|        scalar|
|s_axi_control_BRESP    |  out|    2|       s_axi|       control|        scalar|
|ap_clk                 |   in|    1|  ap_ctrl_hs|    top_kernel|  return value|
|ap_rst_n               |   in|    1|  ap_ctrl_hs|    top_kernel|  return value|
|interrupt              |  out|    1|  ap_ctrl_hs|    top_kernel|  return value|
|m_axi_gmem0_AWVALID    |  out|    1|       m_axi|         gmem0|       pointer|
|m_axi_gmem0_AWREADY    |   in|    1|       m_axi|         gmem0|       pointer|
|m_axi_gmem0_AWADDR     |  out|   64|       m_axi|         gmem0|       pointer|
|m_axi_gmem0_AWID       |  out|    1|       m_axi|         gmem0|       pointer|
|m_axi_gmem0_AWLEN      |  out|    8|       m_axi|         gmem0|       pointer|
|m_axi_gmem0_AWSIZE     |  out|    3|       m_axi|         gmem0|       pointer|
|m_axi_gmem0_AWBURST    |  out|    2|       m_axi|         gmem0|       pointer|
|m_axi_gmem0_AWLOCK     |  out|    2|       m_axi|         gmem0|       pointer|
|m_axi_gmem0_AWCACHE    |  out|    4|       m_axi|         gmem0|       pointer|
|m_axi_gmem0_AWPROT     |  out|    3|       m_axi|         gmem0|       pointer|
|m_axi_gmem0_AWQOS      |  out|    4|       m_axi|         gmem0|       pointer|
|m_axi_gmem0_AWREGION   |  out|    4|       m_axi|         gmem0|       pointer|
|m_axi_gmem0_AWUSER     |  out|    1|       m_axi|         gmem0|       pointer|
|m_axi_gmem0_WVALID     |  out|    1|       m_axi|         gmem0|       pointer|
|m_axi_gmem0_WREADY     |   in|    1|       m_axi|         gmem0|       pointer|
|m_axi_gmem0_WDATA      |  out|   32|       m_axi|         gmem0|       pointer|
|m_axi_gmem0_WSTRB      |  out|    4|       m_axi|         gmem0|       pointer|
|m_axi_gmem0_WLAST      |  out|    1|       m_axi|         gmem0|       pointer|
|m_axi_gmem0_WID        |  out|    1|       m_axi|         gmem0|       pointer|
|m_axi_gmem0_WUSER      |  out|    1|       m_axi|         gmem0|       pointer|
|m_axi_gmem0_ARVALID    |  out|    1|       m_axi|         gmem0|       pointer|
|m_axi_gmem0_ARREADY    |   in|    1|       m_axi|         gmem0|       pointer|
|m_axi_gmem0_ARADDR     |  out|   64|       m_axi|         gmem0|       pointer|
|m_axi_gmem0_ARID       |  out|    1|       m_axi|         gmem0|       pointer|
|m_axi_gmem0_ARLEN      |  out|    8|       m_axi|         gmem0|       pointer|
|m_axi_gmem0_ARSIZE     |  out|    3|       m_axi|         gmem0|       pointer|
|m_axi_gmem0_ARBURST    |  out|    2|       m_axi|         gmem0|       pointer|
|m_axi_gmem0_ARLOCK     |  out|    2|       m_axi|         gmem0|       pointer|
|m_axi_gmem0_ARCACHE    |  out|    4|       m_axi|         gmem0|       pointer|
|m_axi_gmem0_ARPROT     |  out|    3|       m_axi|         gmem0|       pointer|
|m_axi_gmem0_ARQOS      |  out|    4|       m_axi|         gmem0|       pointer|
|m_axi_gmem0_ARREGION   |  out|    4|       m_axi|         gmem0|       pointer|
|m_axi_gmem0_ARUSER     |  out|    1|       m_axi|         gmem0|       pointer|
|m_axi_gmem0_RVALID     |   in|    1|       m_axi|         gmem0|       pointer|
|m_axi_gmem0_RREADY     |  out|    1|       m_axi|         gmem0|       pointer|
|m_axi_gmem0_RDATA      |   in|   32|       m_axi|         gmem0|       pointer|
|m_axi_gmem0_RLAST      |   in|    1|       m_axi|         gmem0|       pointer|
|m_axi_gmem0_RID        |   in|    1|       m_axi|         gmem0|       pointer|
|m_axi_gmem0_RUSER      |   in|    1|       m_axi|         gmem0|       pointer|
|m_axi_gmem0_RRESP      |   in|    2|       m_axi|         gmem0|       pointer|
|m_axi_gmem0_BVALID     |   in|    1|       m_axi|         gmem0|       pointer|
|m_axi_gmem0_BREADY     |  out|    1|       m_axi|         gmem0|       pointer|
|m_axi_gmem0_BRESP      |   in|    2|       m_axi|         gmem0|       pointer|
|m_axi_gmem0_BID        |   in|    1|       m_axi|         gmem0|       pointer|
|m_axi_gmem0_BUSER      |   in|    1|       m_axi|         gmem0|       pointer|
|m_axi_gmem1_AWVALID    |  out|    1|       m_axi|         gmem1|       pointer|
|m_axi_gmem1_AWREADY    |   in|    1|       m_axi|         gmem1|       pointer|
|m_axi_gmem1_AWADDR     |  out|   64|       m_axi|         gmem1|       pointer|
|m_axi_gmem1_AWID       |  out|    1|       m_axi|         gmem1|       pointer|
|m_axi_gmem1_AWLEN      |  out|    8|       m_axi|         gmem1|       pointer|
|m_axi_gmem1_AWSIZE     |  out|    3|       m_axi|         gmem1|       pointer|
|m_axi_gmem1_AWBURST    |  out|    2|       m_axi|         gmem1|       pointer|
|m_axi_gmem1_AWLOCK     |  out|    2|       m_axi|         gmem1|       pointer|
|m_axi_gmem1_AWCACHE    |  out|    4|       m_axi|         gmem1|       pointer|
|m_axi_gmem1_AWPROT     |  out|    3|       m_axi|         gmem1|       pointer|
|m_axi_gmem1_AWQOS      |  out|    4|       m_axi|         gmem1|       pointer|
|m_axi_gmem1_AWREGION   |  out|    4|       m_axi|         gmem1|       pointer|
|m_axi_gmem1_AWUSER     |  out|    1|       m_axi|         gmem1|       pointer|
|m_axi_gmem1_WVALID     |  out|    1|       m_axi|         gmem1|       pointer|
|m_axi_gmem1_WREADY     |   in|    1|       m_axi|         gmem1|       pointer|
|m_axi_gmem1_WDATA      |  out|   32|       m_axi|         gmem1|       pointer|
|m_axi_gmem1_WSTRB      |  out|    4|       m_axi|         gmem1|       pointer|
|m_axi_gmem1_WLAST      |  out|    1|       m_axi|         gmem1|       pointer|
|m_axi_gmem1_WID        |  out|    1|       m_axi|         gmem1|       pointer|
|m_axi_gmem1_WUSER      |  out|    1|       m_axi|         gmem1|       pointer|
|m_axi_gmem1_ARVALID    |  out|    1|       m_axi|         gmem1|       pointer|
|m_axi_gmem1_ARREADY    |   in|    1|       m_axi|         gmem1|       pointer|
|m_axi_gmem1_ARADDR     |  out|   64|       m_axi|         gmem1|       pointer|
|m_axi_gmem1_ARID       |  out|    1|       m_axi|         gmem1|       pointer|
|m_axi_gmem1_ARLEN      |  out|    8|       m_axi|         gmem1|       pointer|
|m_axi_gmem1_ARSIZE     |  out|    3|       m_axi|         gmem1|       pointer|
|m_axi_gmem1_ARBURST    |  out|    2|       m_axi|         gmem1|       pointer|
|m_axi_gmem1_ARLOCK     |  out|    2|       m_axi|         gmem1|       pointer|
|m_axi_gmem1_ARCACHE    |  out|    4|       m_axi|         gmem1|       pointer|
|m_axi_gmem1_ARPROT     |  out|    3|       m_axi|         gmem1|       pointer|
|m_axi_gmem1_ARQOS      |  out|    4|       m_axi|         gmem1|       pointer|
|m_axi_gmem1_ARREGION   |  out|    4|       m_axi|         gmem1|       pointer|
|m_axi_gmem1_ARUSER     |  out|    1|       m_axi|         gmem1|       pointer|
|m_axi_gmem1_RVALID     |   in|    1|       m_axi|         gmem1|       pointer|
|m_axi_gmem1_RREADY     |  out|    1|       m_axi|         gmem1|       pointer|
|m_axi_gmem1_RDATA      |   in|   32|       m_axi|         gmem1|       pointer|
|m_axi_gmem1_RLAST      |   in|    1|       m_axi|         gmem1|       pointer|
|m_axi_gmem1_RID        |   in|    1|       m_axi|         gmem1|       pointer|
|m_axi_gmem1_RUSER      |   in|    1|       m_axi|         gmem1|       pointer|
|m_axi_gmem1_RRESP      |   in|    2|       m_axi|         gmem1|       pointer|
|m_axi_gmem1_BVALID     |   in|    1|       m_axi|         gmem1|       pointer|
|m_axi_gmem1_BREADY     |  out|    1|       m_axi|         gmem1|       pointer|
|m_axi_gmem1_BRESP      |   in|    2|       m_axi|         gmem1|       pointer|
|m_axi_gmem1_BID        |   in|    1|       m_axi|         gmem1|       pointer|
|m_axi_gmem1_BUSER      |   in|    1|       m_axi|         gmem1|       pointer|
+-----------------------+-----+-----+------------+--------------+--------------+

