

================================================================
== Vitis HLS Report for 'top_kernel'
================================================================
* Date:           Fri Feb 20 17:03:04 2026

* Version:        2025.1.1 (Build 6214317 on Sep 11 2025)
* Project:        project_1
* Solution:       hls (Vivado IP Flow Target)
* Product family: zynquplus
* Target device:  xczu3eg-sbva484-1-e


================================================================
== Performance Estimates
================================================================
+ Timing: 
    * Summary: 
    +--------+----------+----------+------------+
    |  Clock |  Target  | Estimated| Uncertainty|
    +--------+----------+----------+------------+
    |ap_clk  |  10.00 ns|  7.300 ns|     2.70 ns|
    +--------+----------+----------+------------+

+ Latency: 
    * Summary: 
    +---------+---------+----------+----------+--------+--------+---------+
    |  Latency (cycles) |  Latency (absolute) |     Interval    | Pipeline|
    |   min   |   max   |    min   |    max   |   min  |   max  |   Type  |
    +---------+---------+----------+----------+--------+--------+---------+
    |   131667|   131667|  1.317 ms|  1.317 ms|  131668|  131668|       no|
    +---------+---------+----------+----------+--------+--------+---------+

    + Detail: 
        * Instance: 
        +-------------------------------------------+--------------------------------+---------+---------+-----------+-----------+------+------+------------------------------------------------+
        |                                           |                                |  Latency (cycles) |   Latency (absolute)  |   Interval  |                    Pipeline                    |
        |                  Instance                 |             Module             |   min   |   max   |    min    |    max    |  min |  max |                      Type                      |
        +-------------------------------------------+--------------------------------+---------+---------+-----------+-----------+------+------+------------------------------------------------+
        |grp_top_kernel_Pipeline_Load_Loop_fu_399   |top_kernel_Pipeline_Load_Loop   |     4099|     4099|  40.990 us|  40.990 us|  4097|  4097|  loop auto-rewind stp (delay=0 clock cycles(s))|
        |grp_compute_stencil_fu_438                 |compute_stencil                 |     4113|     4113|  41.130 us|  41.130 us|  4113|  4113|                                              no|
        |grp_top_kernel_Pipeline_Store_Loop_fu_506  |top_kernel_Pipeline_Store_Loop  |     4099|     4099|  40.990 us|  40.990 us|  4097|  4097|  loop auto-rewind stp (delay=0 clock cycles(s))|
        +-------------------------------------------+--------------------------------+---------+---------+-----------+-----------+------+------+------------------------------------------------+

        * Loop: 
        +-------------+---------+---------+----------+-----------+-----------+------+----------+
        |             |  Latency (cycles) | Iteration|  Initiation Interval  | Trip |          |
        |  Loop Name  |   min   |   max   |  Latency |  achieved |   target  | Count| Pipelined|
        +-------------+---------+---------+----------+-----------+-----------+------+----------+
        |- Time_Loop  |   123450|   123450|      4115|          -|          -|    30|        no|
        +-------------+---------+---------+----------+-----------+-----------+------+----------+



================================================================
== Utilization Estimates
================================================================
* Summary: 
+-----------------+---------+-----+--------+-------+-----+
|       Name      | BRAM_18K| DSP |   FF   |  LUT  | URAM|
+-----------------+---------+-----+--------+-------+-----+
|DSP              |        -|    -|       -|      -|    -|
|Expression       |        -|    -|       0|     26|    -|
|FIFO             |        -|    -|       -|      -|    -|
|Instance         |      143|    -|   11965|  39972|    0|
|Memory           |      192|    -|       0|      0|    -|
|Multiplexer      |        -|    -|       0|   4265|    -|
|Register         |        -|    -|     215|      -|    -|
+-----------------+---------+-----+--------+-------+-----+
|Total            |      335|    0|   12180|  44263|    0|
+-----------------+---------+-----+--------+-------+-----+
|Available        |      432|  360|  141120|  70560|    0|
+-----------------+---------+-----+--------+-------+-----+
|Utilization (%)  |       77|    0|       8|     62|    0|
+-----------------+---------+-----+--------+-------+-----+

+ Detail: 
    * Instance: 
    +-------------------------------------------+--------------------------------+---------+----+------+-------+-----+
    |                  Instance                 |             Module             | BRAM_18K| DSP|  FF  |  LUT  | URAM|
    +-------------------------------------------+--------------------------------+---------+----+------+-------+-----+
    |grp_compute_stencil_fu_438                 |compute_stencil                 |        0|   0|  7805|  35824|    0|
    |control_s_axi_U                            |control_s_axi                   |        0|   0|   176|    296|    0|
    |gmem0_m_axi_U                              |gmem0_m_axi                     |      114|   0|  1578|   1648|    0|
    |gmem1_m_axi_U                              |gmem1_m_axi                     |       29|   0|  1576|   1640|    0|
    |grp_top_kernel_Pipeline_Load_Loop_fu_399   |top_kernel_Pipeline_Load_Loop   |        0|   0|   427|     90|    0|
    |grp_top_kernel_Pipeline_Store_Loop_fu_506  |top_kernel_Pipeline_Store_Loop  |        0|   0|   403|    474|    0|
    +-------------------------------------------+--------------------------------+---------+----+------+-------+-----+
    |Total                                      |                                |      143|   0| 11965|  39972|    0|
    +-------------------------------------------+--------------------------------+---------+----+------+-------+-----+

    * DSP: 
    N/A

    * Memory: 
    +-----------+-----------------------+---------+---+----+-----+------+-----+------+-------------+
    |   Memory  |         Module        | BRAM_18K| FF| LUT| URAM| Words| Bits| Banks| W*Bits*Banks|
    +-----------+-----------------------+---------+---+----+-----+------+-----+------+-------------+
    |buf0_U     |buf0_RAM_2P_BRAM_1R1W  |        3|  0|   0|    0|  2048|   24|     1|        49152|
    |buf0_32_U  |buf0_RAM_2P_BRAM_1R1W  |        3|  0|   0|    0|  2048|   24|     1|        49152|
    |buf0_33_U  |buf0_RAM_2P_BRAM_1R1W  |        3|  0|   0|    0|  2048|   24|     1|        49152|
    |buf0_34_U  |buf0_RAM_2P_BRAM_1R1W  |        3|  0|   0|    0|  2048|   24|     1|        49152|
    |buf0_35_U  |buf0_RAM_2P_BRAM_1R1W  |        3|  0|   0|    0|  2048|   24|     1|        49152|
    |buf0_36_U  |buf0_RAM_2P_BRAM_1R1W  |        3|  0|   0|    0|  2048|   24|     1|        49152|
    |buf0_37_U  |buf0_RAM_2P_BRAM_1R1W  |        3|  0|   0|    0|  2048|   24|     1|        49152|
    |buf0_38_U  |buf0_RAM_2P_BRAM_1R1W  |        3|  0|   0|    0|  2048|   24|     1|        49152|
    |buf0_39_U  |buf0_RAM_2P_BRAM_1R1W  |        3|  0|   0|    0|  2048|   24|     1|        49152|
    |buf0_40_U  |buf0_RAM_2P_BRAM_1R1W  |        3|  0|   0|    0|  2048|   24|     1|        49152|
    |buf0_41_U  |buf0_RAM_2P_BRAM_1R1W  |        3|  0|   0|    0|  2048|   24|     1|        49152|
    |buf0_42_U  |buf0_RAM_2P_BRAM_1R1W  |        3|  0|   0|    0|  2048|   24|     1|        49152|
    |buf0_43_U  |buf0_RAM_2P_BRAM_1R1W  |        3|  0|   0|    0|  2048|   24|     1|        49152|
    |buf0_44_U  |buf0_RAM_2P_BRAM_1R1W  |        3|  0|   0|    0|  2048|   24|     1|        49152|
    |buf0_45_U  |buf0_RAM_2P_BRAM_1R1W  |        3|  0|   0|    0|  2048|   24|     1|        49152|
    |buf0_46_U  |buf0_RAM_2P_BRAM_1R1W  |        3|  0|   0|    0|  2048|   24|     1|        49152|
    |buf0_47_U  |buf0_RAM_2P_BRAM_1R1W  |        3|  0|   0|    0|  2048|   24|     1|        49152|
    |buf0_48_U  |buf0_RAM_2P_BRAM_1R1W  |        3|  0|   0|    0|  2048|   24|     1|        49152|
    |buf0_49_U  |buf0_RAM_2P_BRAM_1R1W  |        3|  0|   0|    0|  2048|   24|     1|        49152|
    |buf0_50_U  |buf0_RAM_2P_BRAM_1R1W  |        3|  0|   0|    0|  2048|   24|     1|        49152|
    |buf0_51_U  |buf0_RAM_2P_BRAM_1R1W  |        3|  0|   0|    0|  2048|   24|     1|        49152|
    |buf0_52_U  |buf0_RAM_2P_BRAM_1R1W  |        3|  0|   0|    0|  2048|   24|     1|        49152|
    |buf0_53_U  |buf0_RAM_2P_BRAM_1R1W  |        3|  0|   0|    0|  2048|   24|     1|        49152|
    |buf0_54_U  |buf0_RAM_2P_BRAM_1R1W  |        3|  0|   0|    0|  2048|   24|     1|        49152|
    |buf0_55_U  |buf0_RAM_2P_BRAM_1R1W  |        3|  0|   0|    0|  2048|   24|     1|        49152|
    |buf0_56_U  |buf0_RAM_2P_BRAM_1R1W  |        3|  0|   0|    0|  2048|   24|     1|        49152|
    |buf0_57_U  |buf0_RAM_2P_BRAM_1R1W  |        3|  0|   0|    0|  2048|   24|     1|        49152|
    |buf0_58_U  |buf0_RAM_2P_BRAM_1R1W  |        3|  0|   0|    0|  2048|   24|     1|        49152|
    |buf0_59_U  |buf0_RAM_2P_BRAM_1R1W  |        3|  0|   0|    0|  2048|   24|     1|        49152|
    |buf0_60_U  |buf0_RAM_2P_BRAM_1R1W  |        3|  0|   0|    0|  2048|   24|     1|        49152|
    |buf0_61_U  |buf0_RAM_2P_BRAM_1R1W  |        3|  0|   0|    0|  2048|   24|     1|        49152|
    |buf0_62_U  |buf0_RAM_2P_BRAM_1R1W  |        3|  0|   0|    0|  2048|   24|     1|        49152|
    |buf1_U     |buf0_RAM_2P_BRAM_1R1W  |        3|  0|   0|    0|  2048|   24|     1|        49152|
    |buf1_1_U   |buf0_RAM_2P_BRAM_1R1W  |        3|  0|   0|    0|  2048|   24|     1|        49152|
    |buf1_2_U   |buf0_RAM_2P_BRAM_1R1W  |        3|  0|   0|    0|  2048|   24|     1|        49152|
    |buf1_3_U   |buf0_RAM_2P_BRAM_1R1W  |        3|  0|   0|    0|  2048|   24|     1|        49152|
    |buf1_4_U   |buf0_RAM_2P_BRAM_1R1W  |        3|  0|   0|    0|  2048|   24|     1|        49152|
    |buf1_5_U   |buf0_RAM_2P_BRAM_1R1W  |        3|  0|   0|    0|  2048|   24|     1|        49152|
    |buf1_6_U   |buf0_RAM_2P_BRAM_1R1W  |        3|  0|   0|    0|  2048|   24|     1|        49152|
    |buf1_7_U   |buf0_RAM_2P_BRAM_1R1W  |        3|  0|   0|    0|  2048|   24|     1|        49152|
    |buf1_8_U   |buf0_RAM_2P_BRAM_1R1W  |        3|  0|   0|    0|  2048|   24|     1|        49152|
    |buf1_9_U   |buf0_RAM_2P_BRAM_1R1W  |        3|  0|   0|    0|  2048|   24|     1|        49152|
    |buf1_10_U  |buf0_RAM_2P_BRAM_1R1W  |        3|  0|   0|    0|  2048|   24|     1|        49152|
    |buf1_11_U  |buf0_RAM_2P_BRAM_1R1W  |        3|  0|   0|    0|  2048|   24|     1|        49152|
    |buf1_12_U  |buf0_RAM_2P_BRAM_1R1W  |        3|  0|   0|    0|  2048|   24|     1|        49152|
    |buf1_13_U  |buf0_RAM_2P_BRAM_1R1W  |        3|  0|   0|    0|  2048|   24|     1|        49152|
    |buf1_14_U  |buf0_RAM_2P_BRAM_1R1W  |        3|  0|   0|    0|  2048|   24|     1|        49152|
    |buf1_15_U  |buf0_RAM_2P_BRAM_1R1W  |        3|  0|   0|    0|  2048|   24|     1|        49152|
    |buf1_16_U  |buf0_RAM_2P_BRAM_1R1W  |        3|  0|   0|    0|  2048|   24|     1|        49152|
    |buf1_17_U  |buf0_RAM_2P_BRAM_1R1W  |        3|  0|   0|    0|  2048|   24|     1|        49152|
    |buf1_18_U  |buf0_RAM_2P_BRAM_1R1W  |        3|  0|   0|    0|  2048|   24|     1|        49152|
    |buf1_19_U  |buf0_RAM_2P_BRAM_1R1W  |        3|  0|   0|    0|  2048|   24|     1|        49152|
    |buf1_20_U  |buf0_RAM_2P_BRAM_1R1W  |        3|  0|   0|    0|  2048|   24|     1|        49152|
    |buf1_21_U  |buf0_RAM_2P_BRAM_1R1W  |        3|  0|   0|    0|  2048|   24|     1|        49152|
    |buf1_22_U  |buf0_RAM_2P_BRAM_1R1W  |        3|  0|   0|    0|  2048|   24|     1|        49152|
    |buf1_23_U  |buf0_RAM_2P_BRAM_1R1W  |        3|  0|   0|    0|  2048|   24|     1|        49152|
    |buf1_24_U  |buf0_RAM_2P_BRAM_1R1W  |        3|  0|   0|    0|  2048|   24|     1|        49152|
    |buf1_25_U  |buf0_RAM_2P_BRAM_1R1W  |        3|  0|   0|    0|  2048|   24|     1|        49152|
    |buf1_26_U  |buf0_RAM_2P_BRAM_1R1W  |        3|  0|   0|    0|  2048|   24|     1|        49152|
    |buf1_27_U  |buf0_RAM_2P_BRAM_1R1W  |        3|  0|   0|    0|  2048|   24|     1|        49152|
    |buf1_28_U  |buf0_RAM_2P_BRAM_1R1W  |        3|  0|   0|    0|  2048|   24|     1|        49152|
    |buf1_29_U  |buf0_RAM_2P_BRAM_1R1W  |        3|  0|   0|    0|  2048|   24|     1|        49152|
    |buf1_30_U  |buf0_RAM_2P_BRAM_1R1W  |        3|  0|   0|    0|  2048|   24|     1|        49152|
    |buf1_31_U  |buf0_RAM_2P_BRAM_1R1W  |        3|  0|   0|    0|  2048|   24|     1|        49152|
    +-----------+-----------------------+---------+---+----+-----+------+-----+------+-------------+
    |Total      |                       |      192|  0|   0|    0|131072| 1536|    64|      3145728|
    +-----------+-----------------------+---------+---+----+-----+------+-----+------+-------------+

    * FIFO: 
    N/A

    * Expression: 
    +----------------------------------+----------+----+---+----+------------+------------+
    |           Variable Name          | Operation| DSP| FF| LUT| Bitwidth P0| Bitwidth P1|
    +----------------------------------+----------+----+---+----+------------+------------+
    |t_2_fu_579_p2                     |         +|   0|  0|  12|           5|           1|
    |icmp_ln133_fu_573_p2              |      icmp|   0|  0|  12|           5|           3|
    |ap_block_state13_on_subcall_done  |        or|   0|  0|   2|           1|           1|
    +----------------------------------+----------+----+---+----+------------+------------+
    |Total                             |          |   0|  0|  26|          11|           5|
    +----------------------------------+----------+----+---+----+------------+------------+

    * Multiplexer: 
    +------------------------------------------+-----+-----------+-----+-----------+
    |                   Name                   | LUT | Input Size| Bits| Total Bits|
    +------------------------------------------+-----+-----------+-----+-----------+
    |ap_NS_fsm                                 |  113|         22|    1|         22|
    |buf0_32_address0                          |   14|          3|   11|         33|
    |buf0_32_address1                          |   14|          3|   11|         33|
    |buf0_32_ce0                               |   14|          3|    1|          3|
    |buf0_32_ce1                               |   14|          3|    1|          3|
    |buf0_32_d1                                |   14|          3|   24|         72|
    |buf0_32_we1                               |   14|          3|    1|          3|
    |buf0_33_address0                          |   14|          3|   11|         33|
    |buf0_33_address1                          |   14|          3|   11|         33|
    |buf0_33_ce0                               |   14|          3|    1|          3|
    |buf0_33_ce1                               |   14|          3|    1|          3|
    |buf0_33_d1                                |   14|          3|   24|         72|
    |buf0_33_we1                               |   14|          3|    1|          3|
    |buf0_34_address0                          |   14|          3|   11|         33|
    |buf0_34_address1                          |   14|          3|   11|         33|
    |buf0_34_ce0                               |   14|          3|    1|          3|
    |buf0_34_ce1                               |   14|          3|    1|          3|
    |buf0_34_d1                                |   14|          3|   24|         72|
    |buf0_34_we1                               |   14|          3|    1|          3|
    |buf0_35_address0                          |   14|          3|   11|         33|
    |buf0_35_address1                          |   14|          3|   11|         33|
    |buf0_35_ce0                               |   14|          3|    1|          3|
    |buf0_35_ce1                               |   14|          3|    1|          3|
    |buf0_35_d1                                |   14|          3|   24|         72|
    |buf0_35_we1                               |   14|          3|    1|          3|
    |buf0_36_address0                          |   14|          3|   11|         33|
    |buf0_36_address1                          |   14|          3|   11|         33|
    |buf0_36_ce0                               |   14|          3|    1|          3|
    |buf0_36_ce1                               |   14|          3|    1|          3|
    |buf0_36_d1                                |   14|          3|   24|         72|
    |buf0_36_we1                               |   14|          3|    1|          3|
    |buf0_37_address0                          |   14|          3|   11|         33|
    |buf0_37_address1                          |   14|          3|   11|         33|
    |buf0_37_ce0                               |   14|          3|    1|          3|
    |buf0_37_ce1                               |   14|          3|    1|          3|
    |buf0_37_d1                                |   14|          3|   24|         72|
    |buf0_37_we1                               |   14|          3|    1|          3|
    |buf0_38_address0                          |   14|          3|   11|         33|
    |buf0_38_address1                          |   14|          3|   11|         33|
    |buf0_38_ce0                               |   14|          3|    1|          3|
    |buf0_38_ce1                               |   14|          3|    1|          3|
    |buf0_38_d1                                |   14|          3|   24|         72|
    |buf0_38_we1                               |   14|          3|    1|          3|
    |buf0_39_address0                          |   14|          3|   11|         33|
    |buf0_39_address1                          |   14|          3|   11|         33|
    |buf0_39_ce0                               |   14|          3|    1|          3|
    |buf0_39_ce1                               |   14|          3|    1|          3|
    |buf0_39_d1                                |   14|          3|   24|         72|
    |buf0_39_we1                               |   14|          3|    1|          3|
    |buf0_40_address0                          |   14|          3|   11|         33|
    |buf0_40_address1                          |   14|          3|   11|         33|
    |buf0_40_ce0                               |   14|          3|    1|          3|
    |buf0_40_ce1                               |   14|          3|    1|          3|
    |buf0_40_d1                                |   14|          3|   24|         72|
    |buf0_40_we1                               |   14|          3|    1|          3|
    |buf0_41_address0                          |   14|          3|   11|         33|
    |buf0_41_address1                          |   14|          3|   11|         33|
    |buf0_41_ce0                               |   14|          3|    1|          3|
    |buf0_41_ce1                               |   14|          3|    1|          3|
    |buf0_41_d1                                |   14|          3|   24|         72|
    |buf0_41_we1                               |   14|          3|    1|          3|
    |buf0_42_address0                          |   14|          3|   11|         33|
    |buf0_42_address1                          |   14|          3|   11|         33|
    |buf0_42_ce0                               |   14|          3|    1|          3|
    |buf0_42_ce1                               |   14|          3|    1|          3|
    |buf0_42_d1                                |   14|          3|   24|         72|
    |buf0_42_we1                               |   14|          3|    1|          3|
    |buf0_43_address0                          |   14|          3|   11|         33|
    |buf0_43_address1                          |   14|          3|   11|         33|
    |buf0_43_ce0                               |   14|          3|    1|          3|
    |buf0_43_ce1                               |   14|          3|    1|          3|
    |buf0_43_d1                                |   14|          3|   24|         72|
    |buf0_43_we1                               |   14|          3|    1|          3|
    |buf0_44_address0                          |   14|          3|   11|         33|
    |buf0_44_address1                          |   14|          3|   11|         33|
    |buf0_44_ce0                               |   14|          3|    1|          3|
    |buf0_44_ce1                               |   14|          3|    1|          3|
    |buf0_44_d1                                |   14|          3|   24|         72|
    |buf0_44_we1                               |   14|          3|    1|          3|
    |buf0_45_address0                          |   14|          3|   11|         33|
    |buf0_45_address1                          |   14|          3|   11|         33|
    |buf0_45_ce0                               |   14|          3|    1|          3|
    |buf0_45_ce1                               |   14|          3|    1|          3|
    |buf0_45_d1                                |   14|          3|   24|         72|
    |buf0_45_we1                               |   14|          3|    1|          3|
    |buf0_46_address0                          |   14|          3|   11|         33|
    |buf0_46_address1                          |   14|          3|   11|         33|
    |buf0_46_ce0                               |   14|          3|    1|          3|
    |buf0_46_ce1                               |   14|          3|    1|          3|
    |buf0_46_d1                                |   14|          3|   24|         72|
    |buf0_46_we1                               |   14|          3|    1|          3|
    |buf0_47_address0                          |   14|          3|   11|         33|
    |buf0_47_address1                          |   14|          3|   11|         33|
    |buf0_47_ce0                               |   14|          3|    1|          3|
    |buf0_47_ce1                               |   14|          3|    1|          3|
    |buf0_47_d1                                |   14|          3|   24|         72|
    |buf0_47_we1                               |   14|          3|    1|          3|
    |buf0_48_address0                          |   14|          3|   11|         33|
    |buf0_48_address1                          |   14|          3|   11|         33|
    |buf0_48_ce0                               |   14|          3|    1|          3|
    |buf0_48_ce1                               |   14|          3|    1|          3|
    |buf0_48_d1                                |   14|          3|   24|         72|
    |buf0_48_we1                               |   14|          3|    1|          3|
    |buf0_49_address0                          |   14|          3|   11|         33|
    |buf0_49_address1                          |   14|          3|   11|         33|
    |buf0_49_ce0                               |   14|          3|    1|          3|
    |buf0_49_ce1                               |   14|          3|    1|          3|
    |buf0_49_d1                                |   14|          3|   24|         72|
    |buf0_49_we1                               |   14|          3|    1|          3|
    |buf0_50_address0                          |   14|          3|   11|         33|
    |buf0_50_address1                          |   14|          3|   11|         33|
    |buf0_50_ce0                               |   14|          3|    1|          3|
    |buf0_50_ce1                               |   14|          3|    1|          3|
    |buf0_50_d1                                |   14|          3|   24|         72|
    |buf0_50_we1                               |   14|          3|    1|          3|
    |buf0_51_address0                          |   14|          3|   11|         33|
    |buf0_51_address1                          |   14|          3|   11|         33|
    |buf0_51_ce0                               |   14|          3|    1|          3|
    |buf0_51_ce1                               |   14|          3|    1|          3|
    |buf0_51_d1                                |   14|          3|   24|         72|
    |buf0_51_we1                               |   14|          3|    1|          3|
    |buf0_52_address0                          |   14|          3|   11|         33|
    |buf0_52_address1                          |   14|          3|   11|         33|
    |buf0_52_ce0                               |   14|          3|    1|          3|
    |buf0_52_ce1                               |   14|          3|    1|          3|
    |buf0_52_d1                                |   14|          3|   24|         72|
    |buf0_52_we1                               |   14|          3|    1|          3|
    |buf0_53_address0                          |   14|          3|   11|         33|
    |buf0_53_address1                          |   14|          3|   11|         33|
    |buf0_53_ce0                               |   14|          3|    1|          3|
    |buf0_53_ce1                               |   14|          3|    1|          3|
    |buf0_53_d1                                |   14|          3|   24|         72|
    |buf0_53_we1                               |   14|          3|    1|          3|
    |buf0_54_address0                          |   14|          3|   11|         33|
    |buf0_54_address1                          |   14|          3|   11|         33|
    |buf0_54_ce0                               |   14|          3|    1|          3|
    |buf0_54_ce1                               |   14|          3|    1|          3|
    |buf0_54_d1                                |   14|          3|   24|         72|
    |buf0_54_we1                               |   14|          3|    1|          3|
    |buf0_55_address0                          |   14|          3|   11|         33|
    |buf0_55_address1                          |   14|          3|   11|         33|
    |buf0_55_ce0                               |   14|          3|    1|          3|
    |buf0_55_ce1                               |   14|          3|    1|          3|
    |buf0_55_d1                                |   14|          3|   24|         72|
    |buf0_55_we1                               |   14|          3|    1|          3|
    |buf0_56_address0                          |   14|          3|   11|         33|
    |buf0_56_address1                          |   14|          3|   11|         33|
    |buf0_56_ce0                               |   14|          3|    1|          3|
    |buf0_56_ce1                               |   14|          3|    1|          3|
    |buf0_56_d1                                |   14|          3|   24|         72|
    |buf0_56_we1                               |   14|          3|    1|          3|
    |buf0_57_address0                          |   14|          3|   11|         33|
    |buf0_57_address1                          |   14|          3|   11|         33|
    |buf0_57_ce0                               |   14|          3|    1|          3|
    |buf0_57_ce1                               |   14|          3|    1|          3|
    |buf0_57_d1                                |   14|          3|   24|         72|
    |buf0_57_we1                               |   14|          3|    1|          3|
    |buf0_58_address0                          |   14|          3|   11|         33|
    |buf0_58_address1                          |   14|          3|   11|         33|
    |buf0_58_ce0                               |   14|          3|    1|          3|
    |buf0_58_ce1                               |   14|          3|    1|          3|
    |buf0_58_d1                                |   14|          3|   24|         72|
    |buf0_58_we1                               |   14|          3|    1|          3|
    |buf0_59_address0                          |   14|          3|   11|         33|
    |buf0_59_address1                          |   14|          3|   11|         33|
    |buf0_59_ce0                               |   14|          3|    1|          3|
    |buf0_59_ce1                               |   14|          3|    1|          3|
    |buf0_59_d1                                |   14|          3|   24|         72|
    |buf0_59_we1                               |   14|          3|    1|          3|
    |buf0_60_address0                          |   14|          3|   11|         33|
    |buf0_60_address1                          |   14|          3|   11|         33|
    |buf0_60_ce0                               |   14|          3|    1|          3|
    |buf0_60_ce1                               |   14|          3|    1|          3|
    |buf0_60_d1                                |   14|          3|   24|         72|
    |buf0_60_we1                               |   14|          3|    1|          3|
    |buf0_61_address0                          |   14|          3|   11|         33|
    |buf0_61_address1                          |   14|          3|   11|         33|
    |buf0_61_ce0                               |   14|          3|    1|          3|
    |buf0_61_ce1                               |   14|          3|    1|          3|
    |buf0_61_d1                                |   14|          3|   24|         72|
    |buf0_61_we1                               |   14|          3|    1|          3|
    |buf0_62_address0                          |   14|          3|   11|         33|
    |buf0_62_address1                          |   14|          3|   11|         33|
    |buf0_62_ce0                               |   14|          3|    1|          3|
    |buf0_62_ce1                               |   14|          3|    1|          3|
    |buf0_62_d1                                |   14|          3|   24|         72|
    |buf0_62_we1                               |   14|          3|    1|          3|
    |buf0_address0                             |   14|          3|   11|         33|
    |buf0_address1                             |   14|          3|   11|         33|
    |buf0_ce0                                  |   14|          3|    1|          3|
    |buf0_ce1                                  |   14|          3|    1|          3|
    |buf0_d1                                   |   14|          3|   24|         72|
    |buf0_we1                                  |   14|          3|    1|          3|
    |buf1_10_ce0                               |    9|          2|    1|          2|
    |buf1_10_ce1                               |    9|          2|    1|          2|
    |buf1_10_we1                               |    9|          2|    1|          2|
    |buf1_11_ce0                               |    9|          2|    1|          2|
    |buf1_11_ce1                               |    9|          2|    1|          2|
    |buf1_11_we1                               |    9|          2|    1|          2|
    |buf1_12_ce0                               |    9|          2|    1|          2|
    |buf1_12_ce1                               |    9|          2|    1|          2|
    |buf1_12_we1                               |    9|          2|    1|          2|
    |buf1_13_ce0                               |    9|          2|    1|          2|
    |buf1_13_ce1                               |    9|          2|    1|          2|
    |buf1_13_we1                               |    9|          2|    1|          2|
    |buf1_14_ce0                               |    9|          2|    1|          2|
    |buf1_14_ce1                               |    9|          2|    1|          2|
    |buf1_14_we1                               |    9|          2|    1|          2|
    |buf1_15_ce0                               |    9|          2|    1|          2|
    |buf1_15_ce1                               |    9|          2|    1|          2|
    |buf1_15_we1                               |    9|          2|    1|          2|
    |buf1_16_ce0                               |    9|          2|    1|          2|
    |buf1_16_ce1                               |    9|          2|    1|          2|
    |buf1_16_we1                               |    9|          2|    1|          2|
    |buf1_17_ce0                               |    9|          2|    1|          2|
    |buf1_17_ce1                               |    9|          2|    1|          2|
    |buf1_17_we1                               |    9|          2|    1|          2|
    |buf1_18_ce0                               |    9|          2|    1|          2|
    |buf1_18_ce1                               |    9|          2|    1|          2|
    |buf1_18_we1                               |    9|          2|    1|          2|
    |buf1_19_ce0                               |    9|          2|    1|          2|
    |buf1_19_ce1                               |    9|          2|    1|          2|
    |buf1_19_we1                               |    9|          2|    1|          2|
    |buf1_1_ce0                                |    9|          2|    1|          2|
    |buf1_1_ce1                                |    9|          2|    1|          2|
    |buf1_1_we1                                |    9|          2|    1|          2|
    |buf1_20_ce0                               |    9|          2|    1|          2|
    |buf1_20_ce1                               |    9|          2|    1|          2|
    |buf1_20_we1                               |    9|          2|    1|          2|
    |buf1_21_ce0                               |    9|          2|    1|          2|
    |buf1_21_ce1                               |    9|          2|    1|          2|
    |buf1_21_we1                               |    9|          2|    1|          2|
    |buf1_22_ce0                               |    9|          2|    1|          2|
    |buf1_22_ce1                               |    9|          2|    1|          2|
    |buf1_22_we1                               |    9|          2|    1|          2|
    |buf1_23_ce0                               |    9|          2|    1|          2|
    |buf1_23_ce1                               |    9|          2|    1|          2|
    |buf1_23_we1                               |    9|          2|    1|          2|
    |buf1_24_ce0                               |    9|          2|    1|          2|
    |buf1_24_ce1                               |    9|          2|    1|          2|
    |buf1_24_we1                               |    9|          2|    1|          2|
    |buf1_25_ce0                               |    9|          2|    1|          2|
    |buf1_25_ce1                               |    9|          2|    1|          2|
    |buf1_25_we1                               |    9|          2|    1|          2|
    |buf1_26_ce0                               |    9|          2|    1|          2|
    |buf1_26_ce1                               |    9|          2|    1|          2|
    |buf1_26_we1                               |    9|          2|    1|          2|
    |buf1_27_ce0                               |    9|          2|    1|          2|
    |buf1_27_ce1                               |    9|          2|    1|          2|
    |buf1_27_we1                               |    9|          2|    1|          2|
    |buf1_28_ce0                               |    9|          2|    1|          2|
    |buf1_28_ce1                               |    9|          2|    1|          2|
    |buf1_28_we1                               |    9|          2|    1|          2|
    |buf1_29_ce0                               |    9|          2|    1|          2|
    |buf1_29_ce1                               |    9|          2|    1|          2|
    |buf1_29_we1                               |    9|          2|    1|          2|
    |buf1_2_ce0                                |    9|          2|    1|          2|
    |buf1_2_ce1                                |    9|          2|    1|          2|
    |buf1_2_we1                                |    9|          2|    1|          2|
    |buf1_30_ce0                               |    9|          2|    1|          2|
    |buf1_30_ce1                               |    9|          2|    1|          2|
    |buf1_30_we1                               |    9|          2|    1|          2|
    |buf1_31_ce0                               |    9|          2|    1|          2|
    |buf1_31_ce1                               |    9|          2|    1|          2|
    |buf1_31_we1                               |    9|          2|    1|          2|
    |buf1_3_ce0                                |    9|          2|    1|          2|
    |buf1_3_ce1                                |    9|          2|    1|          2|
    |buf1_3_we1                                |    9|          2|    1|          2|
    |buf1_4_ce0                                |    9|          2|    1|          2|
    |buf1_4_ce1                                |    9|          2|    1|          2|
    |buf1_4_we1                                |    9|          2|    1|          2|
    |buf1_5_ce0                                |    9|          2|    1|          2|
    |buf1_5_ce1                                |    9|          2|    1|          2|
    |buf1_5_we1                                |    9|          2|    1|          2|
    |buf1_6_ce0                                |    9|          2|    1|          2|
    |buf1_6_ce1                                |    9|          2|    1|          2|
    |buf1_6_we1                                |    9|          2|    1|          2|
    |buf1_7_ce0                                |    9|          2|    1|          2|
    |buf1_7_ce1                                |    9|          2|    1|          2|
    |buf1_7_we1                                |    9|          2|    1|          2|
    |buf1_8_ce0                                |    9|          2|    1|          2|
    |buf1_8_ce1                                |    9|          2|    1|          2|
    |buf1_8_we1                                |    9|          2|    1|          2|
    |buf1_9_ce0                                |    9|          2|    1|          2|
    |buf1_9_ce1                                |    9|          2|    1|          2|
    |buf1_9_we1                                |    9|          2|    1|          2|
    |buf1_ce0                                  |    9|          2|    1|          2|
    |buf1_ce1                                  |    9|          2|    1|          2|
    |buf1_we1                                  |    9|          2|    1|          2|
    |gmem0_0_ARADDR                            |   14|          3|   64|        192|
    |gmem0_0_ARLEN                             |   14|          3|   32|         96|
    |gmem0_0_ARVALID                           |   14|          3|    1|          3|
    |gmem0_0_RREADY                            |    9|          2|    1|          2|
    |gmem0_blk_n_AR                            |    9|          2|    1|          2|
    |gmem1_0_AWADDR                            |   14|          3|   64|        192|
    |gmem1_0_AWLEN                             |   14|          3|   32|         96|
    |gmem1_0_AWVALID                           |   14|          3|    1|          3|
    |gmem1_0_BREADY                            |   14|          3|    1|          3|
    |gmem1_0_WVALID                            |    9|          2|    1|          2|
    |gmem1_blk_n_AW                            |    9|          2|    1|          2|
    |gmem1_blk_n_B                             |    9|          2|    1|          2|
    |grp_compute_stencil_fu_438_in_grid_0_q0   |   14|          3|   24|         72|
    |grp_compute_stencil_fu_438_in_grid_10_q0  |   14|          3|   24|         72|
    |grp_compute_stencil_fu_438_in_grid_11_q0  |   14|          3|   24|         72|
    |grp_compute_stencil_fu_438_in_grid_12_q0  |   14|          3|   24|         72|
    |grp_compute_stencil_fu_438_in_grid_13_q0  |   14|          3|   24|         72|
    |grp_compute_stencil_fu_438_in_grid_14_q0  |   14|          3|   24|         72|
    |grp_compute_stencil_fu_438_in_grid_15_q0  |   14|          3|   24|         72|
    |grp_compute_stencil_fu_438_in_grid_16_q0  |   14|          3|   24|         72|
    |grp_compute_stencil_fu_438_in_grid_17_q0  |   14|          3|   24|         72|
    |grp_compute_stencil_fu_438_in_grid_18_q0  |   14|          3|   24|         72|
    |grp_compute_stencil_fu_438_in_grid_19_q0  |   14|          3|   24|         72|
    |grp_compute_stencil_fu_438_in_grid_1_q0   |   14|          3|   24|         72|
    |grp_compute_stencil_fu_438_in_grid_20_q0  |   14|          3|   24|         72|
    |grp_compute_stencil_fu_438_in_grid_21_q0  |   14|          3|   24|         72|
    |grp_compute_stencil_fu_438_in_grid_22_q0  |   14|          3|   24|         72|
    |grp_compute_stencil_fu_438_in_grid_23_q0  |   14|          3|   24|         72|
    |grp_compute_stencil_fu_438_in_grid_24_q0  |   14|          3|   24|         72|
    |grp_compute_stencil_fu_438_in_grid_25_q0  |   14|          3|   24|         72|
    |grp_compute_stencil_fu_438_in_grid_26_q0  |   14|          3|   24|         72|
    |grp_compute_stencil_fu_438_in_grid_27_q0  |   14|          3|   24|         72|
    |grp_compute_stencil_fu_438_in_grid_28_q0  |   14|          3|   24|         72|
    |grp_compute_stencil_fu_438_in_grid_29_q0  |   14|          3|   24|         72|
    |grp_compute_stencil_fu_438_in_grid_2_q0   |   14|          3|   24|         72|
    |grp_compute_stencil_fu_438_in_grid_30_q0  |   14|          3|   24|         72|
    |grp_compute_stencil_fu_438_in_grid_31_q0  |   14|          3|   24|         72|
    |grp_compute_stencil_fu_438_in_grid_3_q0   |   14|          3|   24|         72|
    |grp_compute_stencil_fu_438_in_grid_4_q0   |   14|          3|   24|         72|
    |grp_compute_stencil_fu_438_in_grid_5_q0   |   14|          3|   24|         72|
    |grp_compute_stencil_fu_438_in_grid_6_q0   |   14|          3|   24|         72|
    |grp_compute_stencil_fu_438_in_grid_7_q0   |   14|          3|   24|         72|
    |grp_compute_stencil_fu_438_in_grid_8_q0   |   14|          3|   24|         72|
    |grp_compute_stencil_fu_438_in_grid_9_q0   |   14|          3|   24|         72|
    |t_fu_108                                  |    9|          2|    5|         10|
    +------------------------------------------+-----+-----------+-----+-----------+
    |Total                                     | 4265|        919| 2638|       7827|
    +------------------------------------------+-----+-----------+-----+-----------+

    * Register: 
    +--------------------------------------------------------+----+----+-----+-----------+
    |                          Name                          | FF | LUT| Bits| Const Bits|
    +--------------------------------------------------------+----+----+-----+-----------+
    |A_out_read_reg_619                                      |  64|   0|   64|          0|
    |ap_CS_fsm                                               |  21|   0|   21|          0|
    |grp_compute_stencil_fu_438_ap_start_reg                 |   1|   0|    1|          0|
    |grp_top_kernel_Pipeline_Load_Loop_fu_399_ap_start_reg   |   1|   0|    1|          0|
    |grp_top_kernel_Pipeline_Store_Loop_fu_506_ap_start_reg  |   1|   0|    1|          0|
    |t_2_reg_638                                             |   5|   0|    5|          0|
    |t_fu_108                                                |   5|   0|    5|          0|
    |trunc_ln133_reg_643                                     |   1|   0|    1|          0|
    |trunc_ln1_reg_624                                       |  58|   0|   58|          0|
    |trunc_ln2_reg_647                                       |  58|   0|   58|          0|
    +--------------------------------------------------------+----+----+-----+-----------+
    |Total                                                   | 215|   0|  215|          0|
    +--------------------------------------------------------+----+----+-----+-----------+



================================================================
== Interface
================================================================
* Summary: 
+-----------------------+-----+-----+------------+--------------+--------------+
|       RTL Ports       | Dir | Bits|  Protocol  | Source Object|    C Type    |
+-----------------------+-----+-----+------------+--------------+--------------+
|s_axi_control_AWVALID  |   in|    1|       s_axi|       control|        scalar|
|s_axi_control_AWREADY  |  out|    1|       s_axi|       control|        scalar|
|s_axi_control_AWADDR   |   in|    6|       s_axi|       control|        scalar|
|s_axi_control_WVALID   |   in|    1|       s_axi|       control|        scalar|
|s_axi_control_WREADY   |  out|    1|       s_axi|       control|        scalar|
|s_axi_control_WDATA    |   in|   32|       s_axi|       control|        scalar|
|s_axi_control_WSTRB    |   in|    4|       s_axi|       control|        scalar|
|s_axi_control_ARVALID  |   in|    1|       s_axi|       control|        scalar|
|s_axi_control_ARREADY  |  out|    1|       s_axi|       control|        scalar|
|s_axi_control_ARADDR   |   in|    6|       s_axi|       control|        scalar|
|s_axi_control_RVALID   |  out|    1|       s_axi|       control|        scalar|
|s_axi_control_RREADY   |   in|    1|       s_axi|       control|        scalar|
|s_axi_control_RDATA    |  out|   32|       s_axi|       control|        scalar|
|s_axi_control_RRESP    |  out|    2|       s_axi|       control|        scalar|
|s_axi_control_BVALID   |  out|    1|       s_axi|       control|        scalar|
|s_axi_control_BREADY   |   in|    1|       s_axi|       control|        scalar|
|s_axi_control_BRESP    |  out|    2|       s_axi|       control|        scalar|
|ap_clk                 |   in|    1|  ap_ctrl_hs|    top_kernel|  return value|
|ap_rst_n               |   in|    1|  ap_ctrl_hs|    top_kernel|  return value|
|interrupt              |  out|    1|  ap_ctrl_hs|    top_kernel|  return value|
|m_axi_gmem0_AWVALID    |  out|    1|       m_axi|         gmem0|       pointer|
|m_axi_gmem0_AWREADY    |   in|    1|       m_axi|         gmem0|       pointer|
|m_axi_gmem0_AWADDR     |  out|   64|       m_axi|         gmem0|       pointer|
|m_axi_gmem0_AWID       |  out|    1|       m_axi|         gmem0|       pointer|
|m_axi_gmem0_AWLEN      |  out|    8|       m_axi|         gmem0|       pointer|
|m_axi_gmem0_AWSIZE     |  out|    3|       m_axi|         gmem0|       pointer|
|m_axi_gmem0_AWBURST    |  out|    2|       m_axi|         gmem0|       pointer|
|m_axi_gmem0_AWLOCK     |  out|    2|       m_axi|         gmem0|       pointer|
|m_axi_gmem0_AWCACHE    |  out|    4|       m_axi|         gmem0|       pointer|
|m_axi_gmem0_AWPROT     |  out|    3|       m_axi|         gmem0|       pointer|
|m_axi_gmem0_AWQOS      |  out|    4|       m_axi|         gmem0|       pointer|
|m_axi_gmem0_AWREGION   |  out|    4|       m_axi|         gmem0|       pointer|
|m_axi_gmem0_AWUSER     |  out|    1|       m_axi|         gmem0|       pointer|
|m_axi_gmem0_WVALID     |  out|    1|       m_axi|         gmem0|       pointer|
|m_axi_gmem0_WREADY     |   in|    1|       m_axi|         gmem0|       pointer|
|m_axi_gmem0_WDATA      |  out|  512|       m_axi|         gmem0|       pointer|
|m_axi_gmem0_WSTRB      |  out|   64|       m_axi|         gmem0|       pointer|
|m_axi_gmem0_WLAST      |  out|    1|       m_axi|         gmem0|       pointer|
|m_axi_gmem0_WID        |  out|    1|       m_axi|         gmem0|       pointer|
|m_axi_gmem0_WUSER      |  out|    1|       m_axi|         gmem0|       pointer|
|m_axi_gmem0_ARVALID    |  out|    1|       m_axi|         gmem0|       pointer|
|m_axi_gmem0_ARREADY    |   in|    1|       m_axi|         gmem0|       pointer|
|m_axi_gmem0_ARADDR     |  out|   64|       m_axi|         gmem0|       pointer|
|m_axi_gmem0_ARID       |  out|    1|       m_axi|         gmem0|       pointer|
|m_axi_gmem0_ARLEN      |  out|    8|       m_axi|         gmem0|       pointer|
|m_axi_gmem0_ARSIZE     |  out|    3|       m_axi|         gmem0|       pointer|
|m_axi_gmem0_ARBURST    |  out|    2|       m_axi|         gmem0|       pointer|
|m_axi_gmem0_ARLOCK     |  out|    2|       m_axi|         gmem0|       pointer|
|m_axi_gmem0_ARCACHE    |  out|    4|       m_axi|         gmem0|       pointer|
|m_axi_gmem0_ARPROT     |  out|    3|       m_axi|         gmem0|       pointer|
|m_axi_gmem0_ARQOS      |  out|    4|       m_axi|         gmem0|       pointer|
|m_axi_gmem0_ARREGION   |  out|    4|       m_axi|         gmem0|       pointer|
|m_axi_gmem0_ARUSER     |  out|    1|       m_axi|         gmem0|       pointer|
|m_axi_gmem0_RVALID     |   in|    1|       m_axi|         gmem0|       pointer|
|m_axi_gmem0_RREADY     |  out|    1|       m_axi|         gmem0|       pointer|
|m_axi_gmem0_RDATA      |   in|  512|       m_axi|         gmem0|       pointer|
|m_axi_gmem0_RLAST      |   in|    1|       m_axi|         gmem0|       pointer|
|m_axi_gmem0_RID        |   in|    1|       m_axi|         gmem0|       pointer|
|m_axi_gmem0_RUSER      |   in|    1|       m_axi|         gmem0|       pointer|
|m_axi_gmem0_RRESP      |   in|    2|       m_axi|         gmem0|       pointer|
|m_axi_gmem0_BVALID     |   in|    1|       m_axi|         gmem0|       pointer|
|m_axi_gmem0_BREADY     |  out|    1|       m_axi|         gmem0|       pointer|
|m_axi_gmem0_BRESP      |   in|    2|       m_axi|         gmem0|       pointer|
|m_axi_gmem0_BID        |   in|    1|       m_axi|         gmem0|       pointer|
|m_axi_gmem0_BUSER      |   in|    1|       m_axi|         gmem0|       pointer|
|m_axi_gmem1_AWVALID    |  out|    1|       m_axi|         gmem1|       pointer|
|m_axi_gmem1_AWREADY    |   in|    1|       m_axi|         gmem1|       pointer|
|m_axi_gmem1_AWADDR     |  out|   64|       m_axi|         gmem1|       pointer|
|m_axi_gmem1_AWID       |  out|    1|       m_axi|         gmem1|       pointer|
|m_axi_gmem1_AWLEN      |  out|    8|       m_axi|         gmem1|       pointer|
|m_axi_gmem1_AWSIZE     |  out|    3|       m_axi|         gmem1|       pointer|
|m_axi_gmem1_AWBURST    |  out|    2|       m_axi|         gmem1|       pointer|
|m_axi_gmem1_AWLOCK     |  out|    2|       m_axi|         gmem1|       pointer|
|m_axi_gmem1_AWCACHE    |  out|    4|       m_axi|         gmem1|       pointer|
|m_axi_gmem1_AWPROT     |  out|    3|       m_axi|         gmem1|       pointer|
|m_axi_gmem1_AWQOS      |  out|    4|       m_axi|         gmem1|       pointer|
|m_axi_gmem1_AWREGION   |  out|    4|       m_axi|         gmem1|       pointer|
|m_axi_gmem1_AWUSER     |  out|    1|       m_axi|         gmem1|       pointer|
|m_axi_gmem1_WVALID     |  out|    1|       m_axi|         gmem1|       pointer|
|m_axi_gmem1_WREADY     |   in|    1|       m_axi|         gmem1|       pointer|
|m_axi_gmem1_WDATA      |  out|  512|       m_axi|         gmem1|       pointer|
|m_axi_gmem1_WSTRB      |  out|   64|       m_axi|         gmem1|       pointer|
|m_axi_gmem1_WLAST      |  out|    1|       m_axi|         gmem1|       pointer|
|m_axi_gmem1_WID        |  out|    1|       m_axi|         gmem1|       pointer|
|m_axi_gmem1_WUSER      |  out|    1|       m_axi|         gmem1|       pointer|
|m_axi_gmem1_ARVALID    |  out|    1|       m_axi|         gmem1|       pointer|
|m_axi_gmem1_ARREADY    |   in|    1|       m_axi|         gmem1|       pointer|
|m_axi_gmem1_ARADDR     |  out|   64|       m_axi|         gmem1|       pointer|
|m_axi_gmem1_ARID       |  out|    1|       m_axi|         gmem1|       pointer|
|m_axi_gmem1_ARLEN      |  out|    8|       m_axi|         gmem1|       pointer|
|m_axi_gmem1_ARSIZE     |  out|    3|       m_axi|         gmem1|       pointer|
|m_axi_gmem1_ARBURST    |  out|    2|       m_axi|         gmem1|       pointer|
|m_axi_gmem1_ARLOCK     |  out|    2|       m_axi|         gmem1|       pointer|
|m_axi_gmem1_ARCACHE    |  out|    4|       m_axi|         gmem1|       pointer|
|m_axi_gmem1_ARPROT     |  out|    3|       m_axi|         gmem1|       pointer|
|m_axi_gmem1_ARQOS      |  out|    4|       m_axi|         gmem1|       pointer|
|m_axi_gmem1_ARREGION   |  out|    4|       m_axi|         gmem1|       pointer|
|m_axi_gmem1_ARUSER     |  out|    1|       m_axi|         gmem1|       pointer|
|m_axi_gmem1_RVALID     |   in|    1|       m_axi|         gmem1|       pointer|
|m_axi_gmem1_RREADY     |  out|    1|       m_axi|         gmem1|       pointer|
|m_axi_gmem1_RDATA      |   in|  512|       m_axi|         gmem1|       pointer|
|m_axi_gmem1_RLAST      |   in|    1|       m_axi|         gmem1|       pointer|
|m_axi_gmem1_RID        |   in|    1|       m_axi|         gmem1|       pointer|
|m_axi_gmem1_RUSER      |   in|    1|       m_axi|         gmem1|       pointer|
|m_axi_gmem1_RRESP      |   in|    2|       m_axi|         gmem1|       pointer|
|m_axi_gmem1_BVALID     |   in|    1|       m_axi|         gmem1|       pointer|
|m_axi_gmem1_BREADY     |  out|    1|       m_axi|         gmem1|       pointer|
|m_axi_gmem1_BRESP      |   in|    2|       m_axi|         gmem1|       pointer|
|m_axi_gmem1_BID        |   in|    1|       m_axi|         gmem1|       pointer|
|m_axi_gmem1_BUSER      |   in|    1|       m_axi|         gmem1|       pointer|
+-----------------------+-----+-----+------------+--------------+--------------+

